Archive member included to satisfy reference by file (symbol)

c:/st/stm32cubeide_1.5.1/stm32cubeide/plugins/com.st.stm32cube.ide.mcu.externaltools.gnu-tools-for-stm32.7-2018-q2-update.win32_1.5.0.202011040924/tools/bin/../lib/gcc/arm-none-eabi/7.3.1/../../../../arm-none-eabi/lib/thumb/v7-m\libc_nano.a(lib_a-errno.o)
                              src/bsp/syscalls.o (__errno)
c:/st/stm32cubeide_1.5.1/stm32cubeide/plugins/com.st.stm32cube.ide.mcu.externaltools.gnu-tools-for-stm32.7-2018-q2-update.win32_1.5.0.202011040924/tools/bin/../lib/gcc/arm-none-eabi/7.3.1/../../../../arm-none-eabi/lib/thumb/v7-m\libc_nano.a(lib_a-exit.o)
                              c:/st/stm32cubeide_1.5.1/stm32cubeide/plugins/com.st.stm32cube.ide.mcu.externaltools.gnu-tools-for-stm32.7-2018-q2-update.win32_1.5.0.202011040924/tools/bin/../lib/gcc/arm-none-eabi/7.3.1/../../../../arm-none-eabi/lib/thumb/v7-m/crt0.o (exit)
c:/st/stm32cubeide_1.5.1/stm32cubeide/plugins/com.st.stm32cube.ide.mcu.externaltools.gnu-tools-for-stm32.7-2018-q2-update.win32_1.5.0.202011040924/tools/bin/../lib/gcc/arm-none-eabi/7.3.1/../../../../arm-none-eabi/lib/thumb/v7-m\libc_nano.a(lib_a-impure.o)
                              c:/st/stm32cubeide_1.5.1/stm32cubeide/plugins/com.st.stm32cube.ide.mcu.externaltools.gnu-tools-for-stm32.7-2018-q2-update.win32_1.5.0.202011040924/tools/bin/../lib/gcc/arm-none-eabi/7.3.1/../../../../arm-none-eabi/lib/thumb/v7-m\libc_nano.a(lib_a-exit.o) (_global_impure_ptr)
c:/st/stm32cubeide_1.5.1/stm32cubeide/plugins/com.st.stm32cube.ide.mcu.externaltools.gnu-tools-for-stm32.7-2018-q2-update.win32_1.5.0.202011040924/tools/bin/../lib/gcc/arm-none-eabi/7.3.1/../../../../arm-none-eabi/lib/thumb/v7-m\libc_nano.a(lib_a-init.o)
                              c:/st/stm32cubeide_1.5.1/stm32cubeide/plugins/com.st.stm32cube.ide.mcu.externaltools.gnu-tools-for-stm32.7-2018-q2-update.win32_1.5.0.202011040924/tools/bin/../lib/gcc/arm-none-eabi/7.3.1/../../../../arm-none-eabi/lib/thumb/v7-m/crt0.o (__libc_init_array)
c:/st/stm32cubeide_1.5.1/stm32cubeide/plugins/com.st.stm32cube.ide.mcu.externaltools.gnu-tools-for-stm32.7-2018-q2-update.win32_1.5.0.202011040924/tools/bin/../lib/gcc/arm-none-eabi/7.3.1/../../../../arm-none-eabi/lib/thumb/v7-m\libc_nano.a(lib_a-memset.o)
                              c:/st/stm32cubeide_1.5.1/stm32cubeide/plugins/com.st.stm32cube.ide.mcu.externaltools.gnu-tools-for-stm32.7-2018-q2-update.win32_1.5.0.202011040924/tools/bin/../lib/gcc/arm-none-eabi/7.3.1/../../../../arm-none-eabi/lib/thumb/v7-m/crt0.o (memset)
c:/st/stm32cubeide_1.5.1/stm32cubeide/plugins/com.st.stm32cube.ide.mcu.externaltools.gnu-tools-for-stm32.7-2018-q2-update.win32_1.5.0.202011040924/tools/bin/../lib/gcc/arm-none-eabi/7.3.1/../../../../arm-none-eabi/lib/thumb/v7-m\libc_nano.a(lib_a-vsnprintf.o)
                              src/hw/driver/uart.o (vsnprintf)
c:/st/stm32cubeide_1.5.1/stm32cubeide/plugins/com.st.stm32cube.ide.mcu.externaltools.gnu-tools-for-stm32.7-2018-q2-update.win32_1.5.0.202011040924/tools/bin/../lib/gcc/arm-none-eabi/7.3.1/../../../../arm-none-eabi/lib/thumb/v7-m\libc_nano.a(lib_a-nano-svfprintf.o)
                              c:/st/stm32cubeide_1.5.1/stm32cubeide/plugins/com.st.stm32cube.ide.mcu.externaltools.gnu-tools-for-stm32.7-2018-q2-update.win32_1.5.0.202011040924/tools/bin/../lib/gcc/arm-none-eabi/7.3.1/../../../../arm-none-eabi/lib/thumb/v7-m\libc_nano.a(lib_a-vsnprintf.o) (_svfprintf_r)
c:/st/stm32cubeide_1.5.1/stm32cubeide/plugins/com.st.stm32cube.ide.mcu.externaltools.gnu-tools-for-stm32.7-2018-q2-update.win32_1.5.0.202011040924/tools/bin/../lib/gcc/arm-none-eabi/7.3.1/../../../../arm-none-eabi/lib/thumb/v7-m\libc_nano.a(lib_a-nano-vfprintf_i.o)
                              c:/st/stm32cubeide_1.5.1/stm32cubeide/plugins/com.st.stm32cube.ide.mcu.externaltools.gnu-tools-for-stm32.7-2018-q2-update.win32_1.5.0.202011040924/tools/bin/../lib/gcc/arm-none-eabi/7.3.1/../../../../arm-none-eabi/lib/thumb/v7-m\libc_nano.a(lib_a-nano-svfprintf.o) (_printf_i)
c:/st/stm32cubeide_1.5.1/stm32cubeide/plugins/com.st.stm32cube.ide.mcu.externaltools.gnu-tools-for-stm32.7-2018-q2-update.win32_1.5.0.202011040924/tools/bin/../lib/gcc/arm-none-eabi/7.3.1/../../../../arm-none-eabi/lib/thumb/v7-m\libc_nano.a(lib_a-memchr-stub.o)
                              c:/st/stm32cubeide_1.5.1/stm32cubeide/plugins/com.st.stm32cube.ide.mcu.externaltools.gnu-tools-for-stm32.7-2018-q2-update.win32_1.5.0.202011040924/tools/bin/../lib/gcc/arm-none-eabi/7.3.1/../../../../arm-none-eabi/lib/thumb/v7-m\libc_nano.a(lib_a-nano-svfprintf.o) (memchr)
c:/st/stm32cubeide_1.5.1/stm32cubeide/plugins/com.st.stm32cube.ide.mcu.externaltools.gnu-tools-for-stm32.7-2018-q2-update.win32_1.5.0.202011040924/tools/bin/../lib/gcc/arm-none-eabi/7.3.1/../../../../arm-none-eabi/lib/thumb/v7-m\libc_nano.a(lib_a-memcpy-stub.o)
[...]
Memory Configuration

Name             Origin             Length             Attributes
RAM              0x0000000020000000 0x0000000000010000 xrw
FLASH            0x0000000008000000 0x0000000000080000 xr
*default*        0x0000000000000000 0xffffffffffffffff

Linker script and memory map

LOAD c:/st/stm32cubeide_1.5.1/stm32cubeide/plugins/com.st.stm32cube.ide.mcu.externaltools.gnu-tools-for-stm32.7-2018-q2-update.win32_1.5.0.202011040924/tools/bin/../lib/gcc/arm-none-eabi/7.3.1/thumb/v7-m/crti.o
LOAD c:/st/stm32cubeide_1.5.1/stm32cubeide/plugins/com.st.stm32cube.ide.mcu.externaltools.gnu-tools-for-stm32.7-2018-q2-update.win32_1.5.0.202011040924/tools/bin/../lib/gcc/arm-none-eabi/7.3.1/thumb/v7-m/crtbegin.o
LOAD c:/st/stm32cubeide_1.5.1/stm32cubeide/plugins/com.st.stm32cube.ide.mcu.externaltools.gnu-tools-for-stm32.7-2018-q2-update.win32_1.5.0.202011040924/tools/bin/../lib/gcc/arm-none-eabi/7.3.1/../../../../arm-none-eabi/lib/thumb/v7-m/crt0.o
LOAD src/ap/ap.o
LOAD src/bsp/bsp.o
LOAD src/bsp/stm32f1xx_hal_msp.o
LOAD src/bsp/stm32f1xx_it.o
LOAD src/bsp/syscalls.o
LOAD src/bsp/sysmem.o
LOAD src/bsp/system_stm32f1xx.o
LOAD src/bsp/startup/startup_stm32f103vetx.o
LOAD src/common/core/qbuffer.o
LOAD src/hw/driver/cdc.o
LOAD src/hw/driver/led.o
LOAD src/hw/driver/reset.o
LOAD src/hw/driver/rtc.o
LOAD src/hw/driver/uart.o
LOAD src/hw/driver/usb.o
LOAD src/hw/hw.o
LOAD src/lib/cubemx_f103v/Drivers/STM32F1xx_HAL_Driver/Src/stm32f1xx_hal.o
LOAD src/lib/cubemx_f103v/Drivers/STM32F1xx_HAL_Driver/Src/stm32f1xx_hal_cortex.o
LOAD src/lib/cubemx_f103v/Drivers/STM32F1xx_HAL_Driver/Src/stm32f1xx_hal_dma.o
LOAD src/lib/cubemx_f103v/Drivers/STM32F1xx_HAL_Driver/Src/stm32f1xx_hal_flash.o
LOAD src/lib/cubemx_f103v/Drivers/STM32F1xx_HAL_Driver/Src/stm32f1xx_hal_flash_ex.o
LOAD src/lib/cubemx_f103v/Drivers/STM32F1xx_HAL_Driver/Src/stm32f1xx_hal_gpio.o
LOAD src/lib/cubemx_f103v/Drivers/STM32F1xx_HAL_Driver/Src/stm32f1xx_hal_gpio_ex.o
LOAD src/lib/cubemx_f103v/Drivers/STM32F1xx_HAL_Driver/Src/stm32f1xx_hal_pcd.o
LOAD src/lib/cubemx_f103v/Drivers/STM32F1xx_HAL_Driver/Src/stm32f1xx_hal_pcd_ex.o
LOAD src/lib/cubemx_f103v/Drivers/STM32F1xx_HAL_Driver/Src/stm32f1xx_hal_pwr.o
LOAD src/lib/cubemx_f103v/Drivers/STM32F1xx_HAL_Driver/Src/stm32f1xx_hal_rcc.o
LOAD src/lib/cubemx_f103v/Drivers/STM32F1xx_HAL_Driver/Src/stm32f1xx_hal_rcc_ex.o
LOAD src/lib/cubemx_f103v/Drivers/STM32F1xx_HAL_Driver/Src/stm32f1xx_hal_rtc.o
LOAD src/lib/cubemx_f103v/Drivers/STM32F1xx_HAL_Driver/Src/stm32f1xx_hal_rtc_ex.o
LOAD src/lib/cubemx_f103v/Drivers/STM32F1xx_HAL_Driver/Src/stm32f1xx_hal_tim.o
LOAD src/lib/cubemx_f103v/Drivers/STM32F1xx_HAL_Driver/Src/stm32f1xx_hal_tim_ex.o
LOAD src/lib/cubemx_f103v/Drivers/STM32F1xx_HAL_Driver/Src/stm32f1xx_hal_uart.o
LOAD src/lib/cubemx_f103v/Drivers/STM32F1xx_HAL_Driver/Src/stm32f1xx_ll_usb.o
LOAD src/lib/cubemx_f103v/Middlewares/ST/STM32_USB_Device_Library/Class/CDC/Src/usbd_cdc.o
LOAD src/lib/cubemx_f103v/Middlewares/ST/STM32_USB_Device_Library/Core/Src/usbd_core.o
LOAD src/lib/cubemx_f103v/Middlewares/ST/STM32_USB_Device_Library/Core/Src/usbd_ctlreq.o
LOAD src/lib/cubemx_f103v/Middlewares/ST/STM32_USB_Device_Library/Core/Src/usbd_ioreq.o
LOAD src/lib/cubemx_f103v/USB_DEVICE/App/usb_device.o
LOAD src/lib/cubemx_f103v/USB_DEVICE/App/usbd_cdc_if.o
LOAD src/lib/cubemx_f103v/USB_DEVICE/App/usbd_desc.o
LOAD src/lib/cubemx_f103v/USB_DEVICE/Target/usbd_conf.o
LOAD src/main.o
START GROUP
LOAD c:/st/stm32cubeide_1.5.1/stm32cubeide/plugins/com.st.stm32cube.ide.mcu.externaltools.gnu-tools-for-stm32.7-2018-q2-update.win32_1.5.0.202011040924/tools/bin/../lib/gcc/arm-none-eabi/7.3.1/../../../../arm-none-eabi/lib/thumb/v7-m\libc_nano.a
LOAD c:/st/stm32cubeide_1.5.1/stm32cubeide/plugins/com.st.stm32cube.ide.mcu.externaltools.gnu-tools-for-stm32.7-2018-q2-update.win32_1.5.0.202011040924/tools/bin/../lib/gcc/arm-none-eabi/7.3.1/../../../../arm-none-eabi/lib/thumb/v7-m\libm.a
END GROUP
START GROUP
LOAD c:/st/stm32cubeide_1.5.1/stm32cubeide/plugins/com.st.stm32cube.ide.mcu.externaltools.gnu-tools-for-stm32.7-2018-q2-update.win32_1.5.0.202011040924/tools/bin/../lib/gcc/arm-none-eabi/7.3.1/thumb/v7-m\libgcc.a
LOAD c:/st/stm32cubeide_1.5.1/stm32cubeide/plugins/com.st.stm32cube.ide.mcu.externaltools.gnu-tools-for-stm32.7-2018-q2-update.win32_1.5.0.202011040924/tools/bin/../lib/gcc/arm-none-eabi/7.3.1/../../../../arm-none-eabi/lib/thumb/v7-m\libc_nano.a
END GROUP
START GROUP
LOAD c:/st/stm32cubeide_1.5.1/stm32cubeide/plugins/com.st.stm32cube.ide.mcu.externaltools.gnu-tools-for-stm32.7-2018-q2-update.win32_1.5.0.202011040924/tools/bin/../lib/gcc/arm-none-eabi/7.3.1/thumb/v7-m\libgcc.a
LOAD c:/st/stm32cubeide_1.5.1/stm32cubeide/plugins/com.st.stm32cube.ide.mcu.externaltools.gnu-tools-for-stm32.7-2018-q2-update.win32_1.5.0.202011040924/tools/bin/../lib/gcc/arm-none-eabi/7.3.1/../../../../arm-none-eabi/lib/thumb/v7-m\libc_nano.a
LOAD c:/st/stm32cubeide_1.5.1/stm32cubeide/plugins/com.st.stm32cube.ide.mcu.externaltools.gnu-tools-for-stm32.7-2018-q2-update.win32_1.5.0.202011040924/tools/bin/../lib/gcc/arm-none-eabi/7.3.1/../../../../arm-none-eabi/lib/thumb/v7-m\libnosys.a
END GROUP
START GROUP
LOAD c:/st/stm32cubeide_1.5.1/stm32cubeide/plugins/com.st.stm32cube.ide.mcu.externaltools.gnu-tools-for-stm32.7-2018-q2-update.win32_1.5.0.202011040924/tools/bin/../lib/gcc/arm-none-eabi/7.3.1/thumb/v7-m\libgcc.a
LOAD c:/st/stm32cubeide_1.5.1/stm32cubeide/plugins/com.st.stm32cube.ide.mcu.externaltools.gnu-tools-for-stm32.7-2018-q2-update.win32_1.5.0.202011040924/tools/bin/../lib/gcc/arm-none-eabi/7.3.1/../../../../arm-none-eabi/lib/thumb/v7-m\libc_nano.a
LOAD c:/st/stm32cubeide_1.5.1/stm32cubeide/plugins/com.st.stm32cube.ide.mcu.externaltools.gnu-tools-for-stm32.7-2018-q2-update.win32_1.5.0.202011040924/tools/bin/../lib/gcc/arm-none-eabi/7.3.1/../../../../arm-none-eabi/lib/thumb/v7-m\libnosys.a
END GROUP
LOAD c:/st/stm32cubeide_1.5.1/stm32cubeide/plugins/com.st.stm32cube.ide.mcu.externaltools.gnu-tools-for-stm32.7-2018-q2-update.win32_1.5.0.202011040924/tools/bin/../lib/gcc/arm-none-eabi/7.3.1/thumb/v7-m/crtend.o
LOAD c:/st/stm32cubeide_1.5.1/stm32cubeide/plugins/com.st.stm32cube.ide.mcu.externaltools.gnu-tools-for-stm32.7-2018-q2-update.win32_1.5.0.202011040924/tools/bin/../lib/gcc/arm-none-eabi/7.3.1/thumb/v7-m/crtn.o
                0x0000000020010000                _estack = (ORIGIN (RAM) + LENGTH (RAM))
                0x0000000000000200                _Min_Heap_Size = 0x200
                0x0000000000000400                _Min_Stack_Size = 0x400

.isr_vector     0x0000000008000000      0x1e4
                0x0000000008000000                . = ALIGN (0x4)
 *(.isr_vector)
 .isr_vector    0x0000000008000000      0x1e4 src/bsp/startup/startup_stm32f103vetx.o
                0x0000000008000000                g_pfnVectors
                0x00000000080001e4                . = ALIGN (0x4)

.text           0x00000000080001e4     0x7a90
                0x00000000080001e4                . = ALIGN (0x4)
 *(.text)
 .text          0x00000000080001e4       0x40 c:/st/stm32cubeide_1.5.1/stm32cubeide/plugins/com.st.stm32cube.ide.mcu.externaltools.gnu-tools-for-stm32.7-2018-q2-update.win32_1.5.0.202011040924/tools/bin/../lib/gcc/arm-none-eabi/7.3.1/thumb/v7-m/crtbegin.o
 *(.text*)
 .text.apInit   0x0000000008000224       0x1c src/ap/ap.o
                0x0000000008000224                apInit
 .text.apMain   0x0000000008000240       0x78 src/ap/ap.o
                0x0000000008000240                apMain
 .text.bspInit  0x00000000080002b8       0x14 src/bsp/bsp.o
                0x00000000080002b8                bspInit
 .text.delay    0x00000000080002cc       0x16 src/bsp/bsp.o
                0x00000000080002cc                delay
 .text.millis   0x00000000080002e2        0xe src/bsp/bsp.o
                0x00000000080002e2                millis
 .text.SystemClock_Config
                0x00000000080002f0       0xc2 src/bsp/bsp.o
                0x00000000080002f0                SystemClock_Config
 *fill*         0x00000000080003b2        0x2 
 .text.MX_GPIO_Init
                0x00000000080003b4       0x80 src/bsp/bsp.o
 .text.Error_Handler
                0x0000000008000434        0xc src/bsp/bsp.o
                0x0000000008000434                Error_Handler
 .text.HAL_MspInit
                0x0000000008000440       0x64 src/bsp/stm32f1xx_hal_msp.o
                0x0000000008000440                HAL_MspInit
 .text.NMI_Handler
                0x00000000080004a4        0xc src/bsp/stm32f1xx_it.o
                0x00000000080004a4                NMI_Handler
 .text.HardFault_Handler
                0x00000000080004b0        0x6 src/bsp/stm32f1xx_it.o
                0x00000000080004b0                HardFault_Handler
 .text.MemManage_Handler
                0x00000000080004b6        0x6 src/bsp/stm32f1xx_it.o
                0x00000000080004b6                MemManage_Handler
 .text.BusFault_Handler
                0x00000000080004bc        0x6 src/bsp/stm32f1xx_it.o
                0x00000000080004bc                BusFault_Handler
 .text.UsageFault_Handler
                0x00000000080004c2        0x6 src/bsp/stm32f1xx_it.o
                0x00000000080004c2                UsageFault_Handler
 .text.SVC_Handler
                0x00000000080004c8        0xc src/bsp/stm32f1xx_it.o
                0x00000000080004c8                SVC_Handler
 .text.DebugMon_Handler
                0x00000000080004d4        0xc src/bsp/stm32f1xx_it.o
                0x00000000080004d4                DebugMon_Handler
 .text.PendSV_Handler
                0x00000000080004e0        0xc src/bsp/stm32f1xx_it.o
                0x00000000080004e0                PendSV_Handler
 .text.SysTick_Handler
                0x00000000080004ec        0xc src/bsp/stm32f1xx_it.o
                0x00000000080004ec                SysTick_Handler
 .text.DMA1_Channel5_IRQHandler
                0x00000000080004f8       0x14 src/bsp/stm32f1xx_it.o
                0x00000000080004f8                DMA1_Channel5_IRQHandler
 .text.USB_LP_CAN1_RX0_IRQHandler
                0x000000000800050c       0x14 src/bsp/stm32f1xx_it.o
                0x000000000800050c                USB_LP_CAN1_RX0_IRQHandler
 .text.USART1_IRQHandler
                0x0000000008000520       0x14 src/bsp/stm32f1xx_it.o
                0x0000000008000520                USART1_IRQHandler
 .text._sbrk    0x0000000008000534       0x58 src/bsp/sysmem.o
                0x0000000008000534                _sbrk
 .text.SystemInit
                0x000000000800058c       0x68 src/bsp/system_stm32f1xx.o
                0x000000000800058c                SystemInit
 .text.Reset_Handler
                0x00000000080005f4       0x48 src/bsp/startup/startup_stm32f103vetx.o
                0x00000000080005f4                Reset_Handler
 .text.Default_Handler
                0x000000000800063c        0x2 src/bsp/startup/startup_stm32f103vetx.o
                0x000000000800063c                RTC_Alarm_IRQHandler
                0x000000000800063c                EXTI2_IRQHandler
                0x000000000800063c                TIM8_TRG_COM_IRQHandler
                0x000000000800063c                TIM8_CC_IRQHandler
                0x000000000800063c                TIM1_CC_IRQHandler
                0x000000000800063c                TIM6_IRQHandler
                0x000000000800063c                PVD_IRQHandler
                0x000000000800063c                SDIO_IRQHandler
                0x000000000800063c                EXTI3_IRQHandler
                0x000000000800063c                EXTI0_IRQHandler
                0x000000000800063c                I2C2_EV_IRQHandler
                0x000000000800063c                ADC1_2_IRQHandler
                0x000000000800063c                SPI1_IRQHandler
                0x000000000800063c                TAMPER_IRQHandler
                0x000000000800063c                TIM8_UP_IRQHandler
                0x000000000800063c                DMA2_Channel2_IRQHandler
                0x000000000800063c                DMA1_Channel4_IRQHandler
                0x000000000800063c                USART3_IRQHandler
                0x000000000800063c                RTC_IRQHandler
                0x000000000800063c                DMA1_Channel7_IRQHandler
                0x000000000800063c                CAN1_RX1_IRQHandler
                0x000000000800063c                UART5_IRQHandler
                0x000000000800063c                ADC3_IRQHandler
                0x000000000800063c                TIM4_IRQHandler
                0x000000000800063c                DMA2_Channel1_IRQHandler
                0x000000000800063c                I2C1_EV_IRQHandler
                0x000000000800063c                DMA1_Channel6_IRQHandler
                0x000000000800063c                UART4_IRQHandler
                0x000000000800063c                TIM3_IRQHandler
                0x000000000800063c                RCC_IRQHandler
                0x000000000800063c                TIM1_TRG_COM_IRQHandler
                0x000000000800063c                DMA1_Channel1_IRQHandler
                0x000000000800063c                Default_Handler
                0x000000000800063c                EXTI15_10_IRQHandler
                0x000000000800063c                TIM7_IRQHandler
                0x000000000800063c                TIM5_IRQHandler
                0x000000000800063c                EXTI9_5_IRQHandler
                0x000000000800063c                SPI2_IRQHandler
                0x000000000800063c                EXTI4_IRQHandler
                0x000000000800063c                USB_HP_CAN1_TX_IRQHandler
                0x000000000800063c                DMA1_Channel3_IRQHandler
                0x000000000800063c                FSMC_IRQHandler
                0x000000000800063c                TIM1_UP_IRQHandler
                0x000000000800063c                WWDG_IRQHandler
                0x000000000800063c                TIM2_IRQHandler
                0x000000000800063c                TIM1_BRK_IRQHandler
                0x000000000800063c                EXTI1_IRQHandler
                0x000000000800063c                DMA2_Channel4_5_IRQHandler
                0x000000000800063c                USART2_IRQHandler
                0x000000000800063c                I2C2_ER_IRQHandler
                0x000000000800063c                DMA1_Channel2_IRQHandler
                0x000000000800063c                TIM8_BRK_IRQHandler
                0x000000000800063c                CAN1_SCE_IRQHandler
                0x000000000800063c                FLASH_IRQHandler
                0x000000000800063c                SPI3_IRQHandler
                0x000000000800063c                I2C1_ER_IRQHandler
                0x000000000800063c                USBWakeUp_IRQHandler
                0x000000000800063c                DMA2_Channel3_IRQHandler
 .text.qbufferCreate
                0x000000000800063e       0x34 src/common/core/qbuffer.o
                0x000000000800063e                qbufferCreate
 .text.qbufferRead
                0x0000000008000672       0x78 src/common/core/qbuffer.o
                0x0000000008000672                qbufferRead
 .text.qbufferAvailable
                0x00000000080006ea       0x34 src/common/core/qbuffer.o
                0x00000000080006ea                qbufferAvailable
 *fill*         0x000000000800071e        0x2 
 .text.ledInit  0x0000000008000720       0x9c src/hw/driver/led.o
                0x0000000008000720                ledInit
 .text.ledOff   0x00000000080007bc       0x40 src/hw/driver/led.o
                0x00000000080007bc                ledOff
 .text.ledToggle
                0x00000000080007fc       0x38 src/hw/driver/led.o
                0x00000000080007fc                ledToggle
 .text.resetInit
                0x0000000008000834       0x58 src/hw/driver/reset.o
                0x0000000008000834                resetInit
 .text.rtcInit  0x000000000800088c       0x60 src/hw/driver/rtc.o
                0x000000000800088c                rtcInit
 .text.rtcBackupRegRead
                0x00000000080008ec       0x20 src/hw/driver/rtc.o
                0x00000000080008ec                rtcBackupRegRead
 .text.rtcBackupRegWrite
                0x000000000800090c       0x20 src/hw/driver/rtc.o
                0x000000000800090c                rtcBackupRegWrite
 .text.HAL_RTC_MspInit
                0x000000000800092c       0x48 src/hw/driver/rtc.o
                0x000000000800092c                HAL_RTC_MspInit
 .text.uartInit
                0x0000000008000974       0x34 src/hw/driver/uart.o
                0x0000000008000974                uartInit
 .text.uartOpen
                0x00000000080009a8      0x128 src/hw/driver/uart.o
                0x00000000080009a8                uartOpen
 .text.uartAvailable
                0x0000000008000ad0       0x64 src/hw/driver/uart.o
                0x0000000008000ad0                uartAvailable
 .text.uartRead
                0x0000000008000b34       0x44 src/hw/driver/uart.o
                0x0000000008000b34                uartRead
 .text.uartWrite
                0x0000000008000b78       0x58 src/hw/driver/uart.o
                0x0000000008000b78                uartWrite
 .text.uartPrintf
                0x0000000008000bd0       0x5c src/hw/driver/uart.o
                0x0000000008000bd0                uartPrintf
 .text.HAL_UART_ErrorCallback
                0x0000000008000c2c       0x12 src/hw/driver/uart.o
                0x0000000008000c2c                HAL_UART_ErrorCallback
 .text.HAL_UART_RxCpltCallback
                0x0000000008000c3e       0x12 src/hw/driver/uart.o
                0x0000000008000c3e                HAL_UART_RxCpltCallback
 .text.HAL_UART_MspInit
                0x0000000008000c50       0xfc src/hw/driver/uart.o
                0x0000000008000c50                HAL_UART_MspInit
 .text.usbInit  0x0000000008000d4c       0x54 src/hw/driver/usb.o
                0x0000000008000d4c                usbInit
 .text.hwInit   0x0000000008000da0       0x20 src/hw/hw.o
                0x0000000008000da0                hwInit
 .text.HAL_Init
                0x0000000008000dc0       0x2c src/lib/cubemx_f103v/Drivers/STM32F1xx_HAL_Driver/Src/stm32f1xx_hal.o
                0x0000000008000dc0                HAL_Init
 .text.HAL_InitTick
                0x0000000008000dec       0x60 src/lib/cubemx_f103v/Drivers/STM32F1xx_HAL_Driver/Src/stm32f1xx_hal.o
                0x0000000008000dec                HAL_InitTick
 .text.HAL_IncTick
                0x0000000008000e4c       0x24 src/lib/cubemx_f103v/Drivers/STM32F1xx_HAL_Driver/Src/stm32f1xx_hal.o
                0x0000000008000e4c                HAL_IncTick
 .text.HAL_GetTick
                0x0000000008000e70       0x14 src/lib/cubemx_f103v/Drivers/STM32F1xx_HAL_Driver/Src/stm32f1xx_hal.o
                0x0000000008000e70                HAL_GetTick
 .text.HAL_Delay
                0x0000000008000e84       0x44 src/lib/cubemx_f103v/Drivers/STM32F1xx_HAL_Driver/Src/stm32f1xx_hal.o
                0x0000000008000e84                HAL_Delay
 .text.NVIC_SetPriorityGrouping
                0x0000000008000ec8       0x48 src/lib/cubemx_f103v/Drivers/STM32F1xx_HAL_Driver/Src/stm32f1xx_hal_cortex.o
 .text.NVIC_GetPriorityGrouping
                0x0000000008000f10       0x1c src/lib/cubemx_f103v/Drivers/STM32F1xx_HAL_Driver/Src/stm32f1xx_hal_cortex.o
 .text.NVIC_EnableIRQ
                0x0000000008000f2c       0x30 src/lib/cubemx_f103v/Drivers/STM32F1xx_HAL_Driver/Src/stm32f1xx_hal_cortex.o
 .text.NVIC_SetPriority
                0x0000000008000f5c       0x54 src/lib/cubemx_f103v/Drivers/STM32F1xx_HAL_Driver/Src/stm32f1xx_hal_cortex.o
 .text.NVIC_EncodePriority
                0x0000000008000fb0       0x64 src/lib/cubemx_f103v/Drivers/STM32F1xx_HAL_Driver/Src/stm32f1xx_hal_cortex.o
 .text.SysTick_Config
                0x0000000008001014       0x44 src/lib/cubemx_f103v/Drivers/STM32F1xx_HAL_Driver/Src/stm32f1xx_hal_cortex.o
 .text.HAL_NVIC_SetPriorityGrouping
                0x0000000008001058       0x16 src/lib/cubemx_f103v/Drivers/STM32F1xx_HAL_Driver/Src/stm32f1xx_hal_cortex.o
                0x0000000008001058                HAL_NVIC_SetPriorityGrouping
 .text.HAL_NVIC_SetPriority
                0x000000000800106e       0x38 src/lib/cubemx_f103v/Drivers/STM32F1xx_HAL_Driver/Src/stm32f1xx_hal_cortex.o
                0x000000000800106e                HAL_NVIC_SetPriority
 .text.HAL_NVIC_EnableIRQ
                0x00000000080010a6       0x1c src/lib/cubemx_f103v/Drivers/STM32F1xx_HAL_Driver/Src/stm32f1xx_hal_cortex.o
                0x00000000080010a6                HAL_NVIC_EnableIRQ
 .text.HAL_SYSTICK_Config
                0x00000000080010c2       0x18 src/lib/cubemx_f103v/Drivers/STM32F1xx_HAL_Driver/Src/stm32f1xx_hal_cortex.o
                0x00000000080010c2                HAL_SYSTICK_Config
 *fill*         0x00000000080010da        0x2 
 .text.HAL_DMA_Init
                0x00000000080010dc       0xec src/lib/cubemx_f103v/Drivers/STM32F1xx_HAL_Driver/Src/stm32f1xx_hal_dma.o
                0x00000000080010dc                HAL_DMA_Init
 .text.HAL_DMA_Start_IT
                0x00000000080011c8       0xbe src/lib/cubemx_f103v/Drivers/STM32F1xx_HAL_Driver/Src/stm32f1xx_hal_dma.o
                0x00000000080011c8                HAL_DMA_Start_IT
 *fill*         0x0000000008001286        0x2 
 .text.HAL_DMA_Abort_IT
                0x0000000008001288      0x210 src/lib/cubemx_f103v/Drivers/STM32F1xx_HAL_Driver/Src/stm32f1xx_hal_dma.o
                0x0000000008001288                HAL_DMA_Abort_IT
 .text.HAL_DMA_IRQHandler
                0x0000000008001498      0x478 src/lib/cubemx_f103v/Drivers/STM32F1xx_HAL_Driver/Src/stm32f1xx_hal_dma.o
                0x0000000008001498                HAL_DMA_IRQHandler
 .text.DMA_SetConfig
                0x0000000008001910       0x5a src/lib/cubemx_f103v/Drivers/STM32F1xx_HAL_Driver/Src/stm32f1xx_hal_dma.o
 *fill*         0x000000000800196a        0x2 
 .text.HAL_GPIO_Init
                0x000000000800196c      0x2dc src/lib/cubemx_f103v/Drivers/STM32F1xx_HAL_Driver/Src/stm32f1xx_hal_gpio.o
                0x000000000800196c                HAL_GPIO_Init
 .text.HAL_GPIO_WritePin
                0x0000000008001c48       0x30 src/lib/cubemx_f103v/Drivers/STM32F1xx_HAL_Driver/Src/stm32f1xx_hal_gpio.o
                0x0000000008001c48                HAL_GPIO_WritePin
 .text.HAL_GPIO_TogglePin
                0x0000000008001c78       0x22 src/lib/cubemx_f103v/Drivers/STM32F1xx_HAL_Driver/Src/stm32f1xx_hal_gpio.o
                0x0000000008001c78                HAL_GPIO_TogglePin
 .text.HAL_PCD_Init
                0x0000000008001c9a      0x1b4 src/lib/cubemx_f103v/Drivers/STM32F1xx_HAL_Driver/Src/stm32f1xx_hal_pcd.o
                0x0000000008001c9a                HAL_PCD_Init
 .text.HAL_PCD_Start
                0x0000000008001e4e       0x4c src/lib/cubemx_f103v/Drivers/STM32F1xx_HAL_Driver/Src/stm32f1xx_hal_pcd.o
                0x0000000008001e4e                HAL_PCD_Start
 .text.HAL_PCD_IRQHandler
                0x0000000008001e9a      0x204 src/lib/cubemx_f103v/Drivers/STM32F1xx_HAL_Driver/Src/stm32f1xx_hal_pcd.o
                0x0000000008001e9a                HAL_PCD_IRQHandler
 .text.HAL_PCD_SetAddress
                0x000000000800209e       0x4a src/lib/cubemx_f103v/Drivers/STM32F1xx_HAL_Driver/Src/stm32f1xx_hal_pcd.o
                0x000000000800209e                HAL_PCD_SetAddress
 .text.HAL_PCD_EP_Open
                0x00000000080020e8       0xaa src/lib/cubemx_f103v/Drivers/STM32F1xx_HAL_Driver/Src/stm32f1xx_hal_pcd.o
                0x00000000080020e8                HAL_PCD_EP_Open
 .text.HAL_PCD_EP_Close
                0x0000000008002192       0x8c src/lib/cubemx_f103v/Drivers/STM32F1xx_HAL_Driver/Src/stm32f1xx_hal_pcd.o
                0x0000000008002192                HAL_PCD_EP_Close
 .text.HAL_PCD_EP_Receive
                0x000000000800221e       0x78 src/lib/cubemx_f103v/Drivers/STM32F1xx_HAL_Driver/Src/stm32f1xx_hal_pcd.o
                0x000000000800221e                HAL_PCD_EP_Receive
 .text.HAL_PCD_EP_GetRxCount
                0x0000000008002296       0x2a src/lib/cubemx_f103v/Drivers/STM32F1xx_HAL_Driver/Src/stm32f1xx_hal_pcd.o
                0x0000000008002296                HAL_PCD_EP_GetRxCount
 .text.HAL_PCD_EP_Transmit
                0x00000000080022c0       0x76 src/lib/cubemx_f103v/Drivers/STM32F1xx_HAL_Driver/Src/stm32f1xx_hal_pcd.o
                0x00000000080022c0                HAL_PCD_EP_Transmit
 .text.HAL_PCD_EP_SetStall
                0x0000000008002336       0xaa src/lib/cubemx_f103v/Drivers/STM32F1xx_HAL_Driver/Src/stm32f1xx_hal_pcd.o
                0x0000000008002336                HAL_PCD_EP_SetStall
 .text.HAL_PCD_EP_ClrStall
                0x00000000080023e0       0x8e src/lib/cubemx_f103v/Drivers/STM32F1xx_HAL_Driver/Src/stm32f1xx_hal_pcd.o
                0x00000000080023e0                HAL_PCD_EP_ClrStall
 *fill*         0x000000000800246e        0x2 
 .text.PCD_EP_ISR_Handler
                0x0000000008002470      0x654 src/lib/cubemx_f103v/Drivers/STM32F1xx_HAL_Driver/Src/stm32f1xx_hal_pcd.o
 .text.HAL_PCDEx_PMAConfig
                0x0000000008002ac4       0x7a src/lib/cubemx_f103v/Drivers/STM32F1xx_HAL_Driver/Src/stm32f1xx_hal_pcd_ex.o
                0x0000000008002ac4                HAL_PCDEx_PMAConfig
 *fill*         0x0000000008002b3e        0x2 
 .text.HAL_PWR_EnableBkUpAccess
                0x0000000008002b40       0x18 src/lib/cubemx_f103v/Drivers/STM32F1xx_HAL_Driver/Src/stm32f1xx_hal_pwr.o
                0x0000000008002b40                HAL_PWR_EnableBkUpAccess
 .text.HAL_RCC_OscConfig
                0x0000000008002b58      0x4c8 src/lib/cubemx_f103v/Drivers/STM32F1xx_HAL_Driver/Src/stm32f1xx_hal_rcc.o
                0x0000000008002b58                HAL_RCC_OscConfig
 .text.HAL_RCC_ClockConfig
                0x0000000008003020      0x218 src/lib/cubemx_f103v/Drivers/STM32F1xx_HAL_Driver/Src/stm32f1xx_hal_rcc.o
                0x0000000008003020                HAL_RCC_ClockConfig
 .text.HAL_RCC_GetSysClockFreq
                0x0000000008003238       0xc4 src/lib/cubemx_f103v/Drivers/STM32F1xx_HAL_Driver/Src/stm32f1xx_hal_rcc.o
                0x0000000008003238                HAL_RCC_GetSysClockFreq
 .text.HAL_RCC_GetHCLKFreq
                0x00000000080032fc       0x14 src/lib/cubemx_f103v/Drivers/STM32F1xx_HAL_Driver/Src/stm32f1xx_hal_rcc.o
                0x00000000080032fc                HAL_RCC_GetHCLKFreq
 .text.HAL_RCC_GetPCLK1Freq
                0x0000000008003310       0x28 src/lib/cubemx_f103v/Drivers/STM32F1xx_HAL_Driver/Src/stm32f1xx_hal_rcc.o
                0x0000000008003310                HAL_RCC_GetPCLK1Freq
 .text.HAL_RCC_GetPCLK2Freq
                0x0000000008003338       0x28 src/lib/cubemx_f103v/Drivers/STM32F1xx_HAL_Driver/Src/stm32f1xx_hal_rcc.o
                0x0000000008003338                HAL_RCC_GetPCLK2Freq
 .text.RCC_Delay
                0x0000000008003360       0x3c src/lib/cubemx_f103v/Drivers/STM32F1xx_HAL_Driver/Src/stm32f1xx_hal_rcc.o
 .text.HAL_RCCEx_PeriphCLKConfig
                0x000000000800339c      0x16c src/lib/cubemx_f103v/Drivers/STM32F1xx_HAL_Driver/Src/stm32f1xx_hal_rcc_ex.o
                0x000000000800339c                HAL_RCCEx_PeriphCLKConfig
 .text.HAL_RCCEx_GetPeriphCLKFreq
                0x0000000008003508      0x1d4 src/lib/cubemx_f103v/Drivers/STM32F1xx_HAL_Driver/Src/stm32f1xx_hal_rcc_ex.o
                0x0000000008003508                HAL_RCCEx_GetPeriphCLKFreq
 .text.HAL_RTC_Init
                0x00000000080036dc      0x12c src/lib/cubemx_f103v/Drivers/STM32F1xx_HAL_Driver/Src/stm32f1xx_hal_rtc.o
                0x00000000080036dc                HAL_RTC_Init
 .text.HAL_RTC_WaitForSynchro
                0x0000000008003808       0x5a src/lib/cubemx_f103v/Drivers/STM32F1xx_HAL_Driver/Src/stm32f1xx_hal_rtc.o
                0x0000000008003808                HAL_RTC_WaitForSynchro
 .text.RTC_EnterInitMode
                0x0000000008003862       0x50 src/lib/cubemx_f103v/Drivers/STM32F1xx_HAL_Driver/Src/stm32f1xx_hal_rtc.o
 .text.RTC_ExitInitMode
                0x00000000080038b2       0x50 src/lib/cubemx_f103v/Drivers/STM32F1xx_HAL_Driver/Src/stm32f1xx_hal_rtc.o
 *fill*         0x0000000008003902        0x2 
 .text.HAL_RTCEx_BKUPWrite
                0x0000000008003904       0x34 src/lib/cubemx_f103v/Drivers/STM32F1xx_HAL_Driver/Src/stm32f1xx_hal_rtc_ex.o
                0x0000000008003904                HAL_RTCEx_BKUPWrite
 .text.HAL_RTCEx_BKUPRead
                0x0000000008003938       0x38 src/lib/cubemx_f103v/Drivers/STM32F1xx_HAL_Driver/Src/stm32f1xx_hal_rtc_ex.o
                0x0000000008003938                HAL_RTCEx_BKUPRead
 .text.HAL_UART_Init
                0x0000000008003970       0x9a src/lib/cubemx_f103v/Drivers/STM32F1xx_HAL_Driver/Src/stm32f1xx_hal_uart.o
                0x0000000008003970                HAL_UART_Init
 .text.HAL_UART_Transmit
                0x0000000008003a0a      0x132 src/lib/cubemx_f103v/Drivers/STM32F1xx_HAL_Driver/Src/stm32f1xx_hal_uart.o
                0x0000000008003a0a                HAL_UART_Transmit
 .text.HAL_UART_Receive_DMA
                0x0000000008003b3c      0x100 src/lib/cubemx_f103v/Drivers/STM32F1xx_HAL_Driver/Src/stm32f1xx_hal_uart.o
                0x0000000008003b3c                HAL_UART_Receive_DMA
 .text.HAL_UART_IRQHandler
                0x0000000008003c3c      0x1f8 src/lib/cubemx_f103v/Drivers/STM32F1xx_HAL_Driver/Src/stm32f1xx_hal_uart.o
                0x0000000008003c3c                HAL_UART_IRQHandler
 .text.HAL_UART_TxCpltCallback
                0x0000000008003e34       0x12 src/lib/cubemx_f103v/Drivers/STM32F1xx_HAL_Driver/Src/stm32f1xx_hal_uart.o
                0x0000000008003e34                HAL_UART_TxCpltCallback
 .text.HAL_UART_RxHalfCpltCallback
                0x0000000008003e46       0x12 src/lib/cubemx_f103v/Drivers/STM32F1xx_HAL_Driver/Src/stm32f1xx_hal_uart.o
                0x0000000008003e46                HAL_UART_RxHalfCpltCallback
 .text.UART_DMAReceiveCplt
                0x0000000008003e58       0x68 src/lib/cubemx_f103v/Drivers/STM32F1xx_HAL_Driver/Src/stm32f1xx_hal_uart.o
 .text.UART_DMARxHalfCplt
                0x0000000008003ec0       0x1c src/lib/cubemx_f103v/Drivers/STM32F1xx_HAL_Driver/Src/stm32f1xx_hal_uart.o
 .text.UART_DMAError
                0x0000000008003edc       0x94 src/lib/cubemx_f103v/Drivers/STM32F1xx_HAL_Driver/Src/stm32f1xx_hal_uart.o
 .text.UART_WaitOnFlagUntilTimeout
                0x0000000008003f70       0x94 src/lib/cubemx_f103v/Drivers/STM32F1xx_HAL_Driver/Src/stm32f1xx_hal_uart.o
 .text.UART_EndTxTransfer
                0x0000000008004004       0x2a src/lib/cubemx_f103v/Drivers/STM32F1xx_HAL_Driver/Src/stm32f1xx_hal_uart.o
 .text.UART_EndRxTransfer
                0x000000000800402e       0x3a src/lib/cubemx_f103v/Drivers/STM32F1xx_HAL_Driver/Src/stm32f1xx_hal_uart.o
 .text.UART_DMAAbortOnError
                0x0000000008004068       0x28 src/lib/cubemx_f103v/Drivers/STM32F1xx_HAL_Driver/Src/stm32f1xx_hal_uart.o
 .text.UART_Transmit_IT
                0x0000000008004090       0xaa src/lib/cubemx_f103v/Drivers/STM32F1xx_HAL_Driver/Src/stm32f1xx_hal_uart.o
 .text.UART_EndTransmit_IT
                0x000000000800413a       0x30 src/lib/cubemx_f103v/Drivers/STM32F1xx_HAL_Driver/Src/stm32f1xx_hal_uart.o
 .text.UART_Receive_IT
                0x000000000800416a      0x102 src/lib/cubemx_f103v/Drivers/STM32F1xx_HAL_Driver/Src/stm32f1xx_hal_uart.o
 .text.UART_SetConfig
                0x000000000800426c      0x230 src/lib/cubemx_f103v/Drivers/STM32F1xx_HAL_Driver/Src/stm32f1xx_hal_uart.o
 .text.USB_CoreInit
                0x000000000800449c       0x20 src/lib/cubemx_f103v/Drivers/STM32F1xx_HAL_Driver/Src/stm32f1xx_ll_usb.o
                0x000000000800449c                USB_CoreInit
 .text.USB_EnableGlobalInt
                0x00000000080044bc       0x34 src/lib/cubemx_f103v/Drivers/STM32F1xx_HAL_Driver/Src/stm32f1xx_ll_usb.o
                0x00000000080044bc                USB_EnableGlobalInt
 .text.USB_DisableGlobalInt
                0x00000000080044f0       0x38 src/lib/cubemx_f103v/Drivers/STM32F1xx_HAL_Driver/Src/stm32f1xx_ll_usb.o
                0x00000000080044f0                USB_DisableGlobalInt
 .text.USB_SetCurrentMode
                0x0000000008004528       0x18 src/lib/cubemx_f103v/Drivers/STM32F1xx_HAL_Driver/Src/stm32f1xx_ll_usb.o
                0x0000000008004528                USB_SetCurrentMode
 .text.USB_DevInit
                0x0000000008004540       0x48 src/lib/cubemx_f103v/Drivers/STM32F1xx_HAL_Driver/Src/stm32f1xx_ll_usb.o
                0x0000000008004540                USB_DevInit
 .text.USB_ActivateEndpoint
                0x0000000008004588      0x584 src/lib/cubemx_f103v/Drivers/STM32F1xx_HAL_Driver/Src/stm32f1xx_ll_usb.o
                0x0000000008004588                USB_ActivateEndpoint
 .text.USB_DeactivateEndpoint
                0x0000000008004b0c      0x310 src/lib/cubemx_f103v/Drivers/STM32F1xx_HAL_Driver/Src/stm32f1xx_ll_usb.o
                0x0000000008004b0c                USB_DeactivateEndpoint
 .text.USB_EPStartXfer
                0x0000000008004e1c      0x504 src/lib/cubemx_f103v/Drivers/STM32F1xx_HAL_Driver/Src/stm32f1xx_ll_usb.o
                0x0000000008004e1c                USB_EPStartXfer
 .text.USB_EPSetStall
                0x0000000008005320       0xc0 src/lib/cubemx_f103v/Drivers/STM32F1xx_HAL_Driver/Src/stm32f1xx_ll_usb.o
                0x0000000008005320                USB_EPSetStall
 .text.USB_EPClearStall
                0x00000000080053e0      0x114 src/lib/cubemx_f103v/Drivers/STM32F1xx_HAL_Driver/Src/stm32f1xx_ll_usb.o
                0x00000000080053e0                USB_EPClearStall
 .text.USB_SetDevAddress
                0x00000000080054f4       0x26 src/lib/cubemx_f103v/Drivers/STM32F1xx_HAL_Driver/Src/stm32f1xx_ll_usb.o
                0x00000000080054f4                USB_SetDevAddress
 .text.USB_DevConnect
                0x000000000800551a       0x14 src/lib/cubemx_f103v/Drivers/STM32F1xx_HAL_Driver/Src/stm32f1xx_ll_usb.o
                0x000000000800551a                USB_DevConnect
 .text.USB_DevDisconnect
                0x000000000800552e       0x14 src/lib/cubemx_f103v/Drivers/STM32F1xx_HAL_Driver/Src/stm32f1xx_ll_usb.o
                0x000000000800552e                USB_DevDisconnect
 .text.USB_ReadInterrupts
                0x0000000008005542       0x22 src/lib/cubemx_f103v/Drivers/STM32F1xx_HAL_Driver/Src/stm32f1xx_ll_usb.o
                0x0000000008005542                USB_ReadInterrupts
 .text.USB_EP0_OutStart
                0x0000000008005564       0x16 src/lib/cubemx_f103v/Drivers/STM32F1xx_HAL_Driver/Src/stm32f1xx_ll_usb.o
                0x0000000008005564                USB_EP0_OutStart
 .text.USB_WritePMA
                0x000000000800557a       0x8c src/lib/cubemx_f103v/Drivers/STM32F1xx_HAL_Driver/Src/stm32f1xx_ll_usb.o
                0x000000000800557a                USB_WritePMA
 .text.USB_ReadPMA
                0x0000000008005606       0x6a src/lib/cubemx_f103v/Drivers/STM32F1xx_HAL_Driver/Src/stm32f1xx_ll_usb.o
                0x0000000008005606                USB_ReadPMA
 .text.USBD_CDC_Init
                0x0000000008005670       0xd2 src/lib/cubemx_f103v/Middlewares/ST/STM32_USB_Device_Library/Class/CDC/Src/usbd_cdc.o
 .text.USBD_CDC_DeInit
                0x0000000008005742       0x5a src/lib/cubemx_f103v/Middlewares/ST/STM32_USB_Device_Library/Class/CDC/Src/usbd_cdc.o
 .text.USBD_CDC_Setup
                0x000000000800579c       0xbc src/lib/cubemx_f103v/Middlewares/ST/STM32_USB_Device_Library/Class/CDC/Src/usbd_cdc.o
 .text.USBD_CDC_DataIn
                0x0000000008005858       0x36 src/lib/cubemx_f103v/Middlewares/ST/STM32_USB_Device_Library/Class/CDC/Src/usbd_cdc.o
 .text.USBD_CDC_DataOut
                0x000000000800588e       0x56 src/lib/cubemx_f103v/Middlewares/ST/STM32_USB_Device_Library/Class/CDC/Src/usbd_cdc.o
 .text.USBD_CDC_EP0_RxReady
                0x00000000080058e4       0x50 src/lib/cubemx_f103v/Middlewares/ST/STM32_USB_Device_Library/Class/CDC/Src/usbd_cdc.o
 .text.USBD_CDC_GetFSCfgDesc
                0x0000000008005934       0x20 src/lib/cubemx_f103v/Middlewares/ST/STM32_USB_Device_Library/Class/CDC/Src/usbd_cdc.o
 .text.USBD_CDC_GetHSCfgDesc
                0x0000000008005954       0x20 src/lib/cubemx_f103v/Middlewares/ST/STM32_USB_Device_Library/Class/CDC/Src/usbd_cdc.o
 .text.USBD_CDC_GetOtherSpeedCfgDesc
                0x0000000008005974       0x20 src/lib/cubemx_f103v/Middlewares/ST/STM32_USB_Device_Library/Class/CDC/Src/usbd_cdc.o
 .text.USBD_CDC_GetDeviceQualifierDescriptor
                0x0000000008005994       0x20 src/lib/cubemx_f103v/Middlewares/ST/STM32_USB_Device_Library/Class/CDC/Src/usbd_cdc.o
                0x0000000008005994                USBD_CDC_GetDeviceQualifierDescriptor
 .text.USBD_CDC_RegisterInterface
                0x00000000080059b4       0x2c src/lib/cubemx_f103v/Middlewares/ST/STM32_USB_Device_Library/Class/CDC/Src/usbd_cdc.o
                0x00000000080059b4                USBD_CDC_RegisterInterface
 .text.USBD_CDC_SetTxBuffer
                0x00000000080059e0       0x32 src/lib/cubemx_f103v/Middlewares/ST/STM32_USB_Device_Library/Class/CDC/Src/usbd_cdc.o
                0x00000000080059e0                USBD_CDC_SetTxBuffer
 .text.USBD_CDC_SetRxBuffer
                0x0000000008005a12       0x26 src/lib/cubemx_f103v/Middlewares/ST/STM32_USB_Device_Library/Class/CDC/Src/usbd_cdc.o
                0x0000000008005a12                USBD_CDC_SetRxBuffer
 .text.USBD_CDC_TransmitPacket
                0x0000000008005a38       0x54 src/lib/cubemx_f103v/Middlewares/ST/STM32_USB_Device_Library/Class/CDC/Src/usbd_cdc.o
                0x0000000008005a38                USBD_CDC_TransmitPacket
 .text.USBD_CDC_ReceivePacket
                0x0000000008005a8c       0x54 src/lib/cubemx_f103v/Middlewares/ST/STM32_USB_Device_Library/Class/CDC/Src/usbd_cdc.o
                0x0000000008005a8c                USBD_CDC_ReceivePacket
 .text.USBD_Init
                0x0000000008005ae0       0x56 src/lib/cubemx_f103v/Middlewares/ST/STM32_USB_Device_Library/Core/Src/usbd_core.o
                0x0000000008005ae0                USBD_Init
 .text.USBD_RegisterClass
                0x0000000008005b36       0x32 src/lib/cubemx_f103v/Middlewares/ST/STM32_USB_Device_Library/Core/Src/usbd_core.o
                0x0000000008005b36                USBD_RegisterClass
 .text.USBD_Start
                0x0000000008005b68       0x18 src/lib/cubemx_f103v/Middlewares/ST/STM32_USB_Device_Library/Core/Src/usbd_core.o
                0x0000000008005b68                USBD_Start
 .text.USBD_RunTestMode
                0x0000000008005b80       0x14 src/lib/cubemx_f103v/Middlewares/ST/STM32_USB_Device_Library/Core/Src/usbd_core.o
                0x0000000008005b80                USBD_RunTestMode
 .text.USBD_SetClassConfig
                0x0000000008005b94       0x3e src/lib/cubemx_f103v/Middlewares/ST/STM32_USB_Device_Library/Core/Src/usbd_core.o
                0x0000000008005b94                USBD_SetClassConfig
 .text.USBD_ClrClassConfig
                0x0000000008005bd2       0x26 src/lib/cubemx_f103v/Middlewares/ST/STM32_USB_Device_Library/Core/Src/usbd_core.o
                0x0000000008005bd2                USBD_ClrClassConfig
 .text.USBD_LL_SetupStage
                0x0000000008005bf8       0x94 src/lib/cubemx_f103v/Middlewares/ST/STM32_USB_Device_Library/Core/Src/usbd_core.o
                0x0000000008005bf8                USBD_LL_SetupStage
 .text.USBD_LL_DataOutStage
                0x0000000008005c8c       0xb6 src/lib/cubemx_f103v/Middlewares/ST/STM32_USB_Device_Library/Core/Src/usbd_core.o
                0x0000000008005c8c                USBD_LL_DataOutStage
 .text.USBD_LL_DataInStage
                0x0000000008005d42      0x11e src/lib/cubemx_f103v/Middlewares/ST/STM32_USB_Device_Library/Core/Src/usbd_core.o
                0x0000000008005d42                USBD_LL_DataInStage
 .text.USBD_LL_Reset
                0x0000000008005e60       0x5e src/lib/cubemx_f103v/Middlewares/ST/STM32_USB_Device_Library/Core/Src/usbd_core.o
                0x0000000008005e60                USBD_LL_Reset
 .text.USBD_LL_SetSpeed
                0x0000000008005ebe       0x1e src/lib/cubemx_f103v/Middlewares/ST/STM32_USB_Device_Library/Core/Src/usbd_core.o
                0x0000000008005ebe                USBD_LL_SetSpeed
 .text.USBD_LL_Suspend
                0x0000000008005edc       0x28 src/lib/cubemx_f103v/Middlewares/ST/STM32_USB_Device_Library/Core/Src/usbd_core.o
                0x0000000008005edc                USBD_LL_Suspend
 .text.USBD_LL_Resume
                0x0000000008005f04       0x20 src/lib/cubemx_f103v/Middlewares/ST/STM32_USB_Device_Library/Core/Src/usbd_core.o
                0x0000000008005f04                USBD_LL_Resume
 .text.USBD_LL_SOF
                0x0000000008005f24       0x34 src/lib/cubemx_f103v/Middlewares/ST/STM32_USB_Device_Library/Core/Src/usbd_core.o
                0x0000000008005f24                USBD_LL_SOF
 .text.USBD_StdDevReq
                0x0000000008005f58       0xa0 src/lib/cubemx_f103v/Middlewares/ST/STM32_USB_Device_Library/Core/Src/usbd_ctlreq.o
                0x0000000008005f58                USBD_StdDevReq
 .text.USBD_StdItfReq
                0x0000000008005ff8       0x66 src/lib/cubemx_f103v/Middlewares/ST/STM32_USB_Device_Library/Core/Src/usbd_ctlreq.o
                0x0000000008005ff8                USBD_StdItfReq
 .text.USBD_StdEPReq
                0x000000000800605e      0x1b0 src/lib/cubemx_f103v/Middlewares/ST/STM32_USB_Device_Library/Core/Src/usbd_ctlreq.o
                0x000000000800605e                USBD_StdEPReq
 *fill*         0x000000000800620e        0x2 
 .text.USBD_GetDescriptor
                0x0000000008006210      0x1e8 src/lib/cubemx_f103v/Middlewares/ST/STM32_USB_Device_Library/Core/Src/usbd_ctlreq.o
 .text.USBD_SetAddress
                0x00000000080063f8       0x7c src/lib/cubemx_f103v/Middlewares/ST/STM32_USB_Device_Library/Core/Src/usbd_ctlreq.o
 .text.USBD_SetConfig
                0x0000000008006474      0x110 src/lib/cubemx_f103v/Middlewares/ST/STM32_USB_Device_Library/Core/Src/usbd_ctlreq.o
 .text.USBD_GetConfig
                0x0000000008006584       0x64 src/lib/cubemx_f103v/Middlewares/ST/STM32_USB_Device_Library/Core/Src/usbd_ctlreq.o
 .text.USBD_GetStatus
                0x00000000080065e8       0x54 src/lib/cubemx_f103v/Middlewares/ST/STM32_USB_Device_Library/Core/Src/usbd_ctlreq.o
 .text.USBD_SetFeature
                0x000000000800663c       0x36 src/lib/cubemx_f103v/Middlewares/ST/STM32_USB_Device_Library/Core/Src/usbd_ctlreq.o
 .text.USBD_ClrFeature
                0x0000000008006672       0x50 src/lib/cubemx_f103v/Middlewares/ST/STM32_USB_Device_Library/Core/Src/usbd_ctlreq.o
 .text.USBD_ParseSetupRequest
                0x00000000080066c2       0x78 src/lib/cubemx_f103v/Middlewares/ST/STM32_USB_Device_Library/Core/Src/usbd_ctlreq.o
                0x00000000080066c2                USBD_ParseSetupRequest
 .text.USBD_CtlError
                0x000000000800673a       0x22 src/lib/cubemx_f103v/Middlewares/ST/STM32_USB_Device_Library/Core/Src/usbd_ctlreq.o
                0x000000000800673a                USBD_CtlError
 .text.USBD_GetString
                0x000000000800675c       0x86 src/lib/cubemx_f103v/Middlewares/ST/STM32_USB_Device_Library/Core/Src/usbd_ctlreq.o
                0x000000000800675c                USBD_GetString
 .text.USBD_GetLen
                0x00000000080067e2       0x2e src/lib/cubemx_f103v/Middlewares/ST/STM32_USB_Device_Library/Core/Src/usbd_ctlreq.o
 .text.USBD_CtlSendData
                0x0000000008006810       0x38 src/lib/cubemx_f103v/Middlewares/ST/STM32_USB_Device_Library/Core/Src/usbd_ioreq.o
                0x0000000008006810                USBD_CtlSendData
 .text.USBD_CtlContinueSendData
                0x0000000008006848       0x24 src/lib/cubemx_f103v/Middlewares/ST/STM32_USB_Device_Library/Core/Src/usbd_ioreq.o
                0x0000000008006848                USBD_CtlContinueSendData
 .text.USBD_CtlPrepareRx
                0x000000000800686c       0x3c src/lib/cubemx_f103v/Middlewares/ST/STM32_USB_Device_Library/Core/Src/usbd_ioreq.o
                0x000000000800686c                USBD_CtlPrepareRx
 .text.USBD_CtlContinueRx
                0x00000000080068a8       0x24 src/lib/cubemx_f103v/Middlewares/ST/STM32_USB_Device_Library/Core/Src/usbd_ioreq.o
                0x00000000080068a8                USBD_CtlContinueRx
 .text.USBD_CtlSendStatus
                0x00000000080068cc       0x26 src/lib/cubemx_f103v/Middlewares/ST/STM32_USB_Device_Library/Core/Src/usbd_ioreq.o
                0x00000000080068cc                USBD_CtlSendStatus
 .text.USBD_CtlReceiveStatus
                0x00000000080068f2       0x26 src/lib/cubemx_f103v/Middlewares/ST/STM32_USB_Device_Library/Core/Src/usbd_ioreq.o
                0x00000000080068f2                USBD_CtlReceiveStatus
 .text.MX_USB_DEVICE_Init
                0x0000000008006918       0x60 src/lib/cubemx_f103v/USB_DEVICE/App/usb_device.o
                0x0000000008006918                MX_USB_DEVICE_Init
 .text.cdcAvailable
                0x0000000008006978       0x38 src/lib/cubemx_f103v/USB_DEVICE/App/usbd_cdc_if.o
                0x0000000008006978                cdcAvailable
 .text.cdcRead  0x00000000080069b0       0x50 src/lib/cubemx_f103v/USB_DEVICE/App/usbd_cdc_if.o
                0x00000000080069b0                cdcRead
 .text.cdcDataIn
                0x0000000008006a00       0x54 src/lib/cubemx_f103v/USB_DEVICE/App/usbd_cdc_if.o
                0x0000000008006a00                cdcDataIn
 .text.cdcWrite
                0x0000000008006a54       0x50 src/lib/cubemx_f103v/USB_DEVICE/App/usbd_cdc_if.o
                0x0000000008006a54                cdcWrite
 .text.CDC_Init_FS
                0x0000000008006aa4       0x28 src/lib/cubemx_f103v/USB_DEVICE/App/usbd_cdc_if.o
 .text.CDC_DeInit_FS
                0x0000000008006acc        0xe src/lib/cubemx_f103v/USB_DEVICE/App/usbd_cdc_if.o
 *fill*         0x0000000008006ada        0x2 
 .text.CDC_Control_FS
                0x0000000008006adc       0xbc src/lib/cubemx_f103v/USB_DEVICE/App/usbd_cdc_if.o
 .text.CDC_Receive_FS
                0x0000000008006b98       0x4c src/lib/cubemx_f103v/USB_DEVICE/App/usbd_cdc_if.o
 .text.CDC_Transmit_FS
                0x0000000008006be4       0x4c src/lib/cubemx_f103v/USB_DEVICE/App/usbd_cdc_if.o
                0x0000000008006be4                CDC_Transmit_FS
 .text.USBD_FS_DeviceDescriptor
                0x0000000008006c30       0x24 src/lib/cubemx_f103v/USB_DEVICE/App/usbd_desc.o
                0x0000000008006c30                USBD_FS_DeviceDescriptor
 .text.USBD_FS_LangIDStrDescriptor
                0x0000000008006c54       0x24 src/lib/cubemx_f103v/USB_DEVICE/App/usbd_desc.o
                0x0000000008006c54                USBD_FS_LangIDStrDescriptor
 .text.USBD_FS_ProductStrDescriptor
                0x0000000008006c78       0x3c src/lib/cubemx_f103v/USB_DEVICE/App/usbd_desc.o
                0x0000000008006c78                USBD_FS_ProductStrDescriptor
 .text.USBD_FS_ManufacturerStrDescriptor
                0x0000000008006cb4       0x28 src/lib/cubemx_f103v/USB_DEVICE/App/usbd_desc.o
                0x0000000008006cb4                USBD_FS_ManufacturerStrDescriptor
 .text.USBD_FS_SerialStrDescriptor
                0x0000000008006cdc       0x24 src/lib/cubemx_f103v/USB_DEVICE/App/usbd_desc.o
                0x0000000008006cdc                USBD_FS_SerialStrDescriptor
 .text.USBD_FS_ConfigStrDescriptor
                0x0000000008006d00       0x3c src/lib/cubemx_f103v/USB_DEVICE/App/usbd_desc.o
                0x0000000008006d00                USBD_FS_ConfigStrDescriptor
 .text.USBD_FS_InterfaceStrDescriptor
                0x0000000008006d3c       0x3c src/lib/cubemx_f103v/USB_DEVICE/App/usbd_desc.o
                0x0000000008006d3c                USBD_FS_InterfaceStrDescriptor
 .text.Get_SerialNum
                0x0000000008006d78       0x58 src/lib/cubemx_f103v/USB_DEVICE/App/usbd_desc.o
 .text.IntToUnicode
                0x0000000008006dd0       0x7a src/lib/cubemx_f103v/USB_DEVICE/App/usbd_desc.o
 *fill*         0x0000000008006e4a        0x2 
 .text.HAL_PCD_MspInit
                0x0000000008006e4c       0x4c src/lib/cubemx_f103v/USB_DEVICE/Target/usbd_conf.o
                0x0000000008006e4c                HAL_PCD_MspInit
 .text.HAL_PCD_SetupStageCallback
                0x0000000008006e98       0x24 src/lib/cubemx_f103v/USB_DEVICE/Target/usbd_conf.o
                0x0000000008006e98                HAL_PCD_SetupStageCallback
 .text.HAL_PCD_DataOutStageCallback
                0x0000000008006ebc       0x30 src/lib/cubemx_f103v/USB_DEVICE/Target/usbd_conf.o
                0x0000000008006ebc                HAL_PCD_DataOutStageCallback
 .text.HAL_PCD_DataInStageCallback
                0x0000000008006eec       0x2e src/lib/cubemx_f103v/USB_DEVICE/Target/usbd_conf.o
                0x0000000008006eec                HAL_PCD_DataInStageCallback
 .text.HAL_PCD_SOFCallback
                0x0000000008006f1a       0x1c src/lib/cubemx_f103v/USB_DEVICE/Target/usbd_conf.o
                0x0000000008006f1a                HAL_PCD_SOFCallback
 .text.HAL_PCD_ResetCallback
                0x0000000008006f36       0x3c src/lib/cubemx_f103v/USB_DEVICE/Target/usbd_conf.o
                0x0000000008006f36                HAL_PCD_ResetCallback
 *fill*         0x0000000008006f72        0x2 
 .text.HAL_PCD_SuspendCallback
                0x0000000008006f74       0x34 src/lib/cubemx_f103v/USB_DEVICE/Target/usbd_conf.o
                0x0000000008006f74                HAL_PCD_SuspendCallback
 .text.HAL_PCD_ResumeCallback
                0x0000000008006fa8       0x1c src/lib/cubemx_f103v/USB_DEVICE/Target/usbd_conf.o
                0x0000000008006fa8                HAL_PCD_ResumeCallback
 .text.USBD_LL_Init
                0x0000000008006fc4       0xb4 src/lib/cubemx_f103v/USB_DEVICE/Target/usbd_conf.o
                0x0000000008006fc4                USBD_LL_Init
 .text.USBD_LL_Start
                0x0000000008007078       0x36 src/lib/cubemx_f103v/USB_DEVICE/Target/usbd_conf.o
                0x0000000008007078                USBD_LL_Start
 .text.USBD_LL_OpenEP
                0x00000000080070ae       0x4c src/lib/cubemx_f103v/USB_DEVICE/Target/usbd_conf.o
                0x00000000080070ae                USBD_LL_OpenEP
 .text.USBD_LL_CloseEP
                0x00000000080070fa       0x3e src/lib/cubemx_f103v/USB_DEVICE/Target/usbd_conf.o
                0x00000000080070fa                USBD_LL_CloseEP
 .text.USBD_LL_StallEP
                0x0000000008007138       0x3e src/lib/cubemx_f103v/USB_DEVICE/Target/usbd_conf.o
                0x0000000008007138                USBD_LL_StallEP
 .text.USBD_LL_ClearStallEP
                0x0000000008007176       0x3e src/lib/cubemx_f103v/USB_DEVICE/Target/usbd_conf.o
                0x0000000008007176                USBD_LL_ClearStallEP
 .text.USBD_LL_IsStallEP
                0x00000000080071b4       0x4a src/lib/cubemx_f103v/USB_DEVICE/Target/usbd_conf.o
                0x00000000080071b4                USBD_LL_IsStallEP
 .text.USBD_LL_SetUSBAddress
                0x00000000080071fe       0x3e src/lib/cubemx_f103v/USB_DEVICE/Target/usbd_conf.o
                0x00000000080071fe                USBD_LL_SetUSBAddress
 .text.USBD_LL_Transmit
                0x000000000800723c       0x46 src/lib/cubemx_f103v/USB_DEVICE/Target/usbd_conf.o
                0x000000000800723c                USBD_LL_Transmit
 .text.USBD_LL_PrepareReceive
                0x0000000008007282       0x46 src/lib/cubemx_f103v/USB_DEVICE/Target/usbd_conf.o
                0x0000000008007282                USBD_LL_PrepareReceive
 .text.USBD_LL_GetRxDataSize
                0x00000000080072c8       0x26 src/lib/cubemx_f103v/USB_DEVICE/Target/usbd_conf.o
                0x00000000080072c8                USBD_LL_GetRxDataSize
 *fill*         0x00000000080072ee        0x2 
 .text.USBD_static_malloc
                0x00000000080072f0       0x18 src/lib/cubemx_f103v/USB_DEVICE/Target/usbd_conf.o
                0x00000000080072f0                USBD_static_malloc
 .text.USBD_static_free
                0x0000000008007308       0x12 src/lib/cubemx_f103v/USB_DEVICE/Target/usbd_conf.o
                0x0000000008007308                USBD_static_free
 .text.HAL_PCDEx_SetConnectionState
                0x000000000800731a       0x16 src/lib/cubemx_f103v/USB_DEVICE/Target/usbd_conf.o
                0x000000000800731a                HAL_PCDEx_SetConnectionState
 .text.USBD_Get_USB_Status
                0x0000000008007330       0x58 src/lib/cubemx_f103v/USB_DEVICE/Target/usbd_conf.o
 .text.main     0x0000000008007388       0x16 src/main.o
                0x0000000008007388                main
 *fill*         0x000000000800739e        0x2 
 .text.__errno  0x00000000080073a0        0xc c:/st/stm32cubeide_1.5.1/stm32cubeide/plugins/com.st.stm32cube.ide.mcu.externaltools.gnu-tools-for-stm32.7-2018-q2-update.win32_1.5.0.202011040924/tools/bin/../lib/gcc/arm-none-eabi/7.3.1/../../../../arm-none-eabi/lib/thumb/v7-m\libc_nano.a(lib_a-errno.o)
                0x00000000080073a0                __errno
 .text.__libc_init_array
                0x00000000080073ac       0x48 c:/st/stm32cubeide_1.5.1/stm32cubeide/plugins/com.st.stm32cube.ide.mcu.externaltools.gnu-tools-for-stm32.7-2018-q2-update.win32_1.5.0.202011040924/tools/bin/../lib/gcc/arm-none-eabi/7.3.1/../../../../arm-none-eabi/lib/thumb/v7-m\libc_nano.a(lib_a-init.o)
                0x00000000080073ac                __libc_init_array
 .text.memset   0x00000000080073f4       0x10 c:/st/stm32cubeide_1.5.1/stm32cubeide/plugins/com.st.stm32cube.ide.mcu.externaltools.gnu-tools-for-stm32.7-2018-q2-update.win32_1.5.0.202011040924/tools/bin/../lib/gcc/arm-none-eabi/7.3.1/../../../../arm-none-eabi/lib/thumb/v7-m\libc_nano.a(lib_a-memset.o)
                0x00000000080073f4                memset
 .text._vsnprintf_r
                0x0000000008007404       0x58 c:/st/stm32cubeide_1.5.1/stm32cubeide/plugins/com.st.stm32cube.ide.mcu.externaltools.gnu-tools-for-stm32.7-2018-q2-update.win32_1.5.0.202011040924/tools/bin/../lib/gcc/arm-none-eabi/7.3.1/../../../../arm-none-eabi/lib/thumb/v7-m\libc_nano.a(lib_a-vsnprintf.o)
                0x0000000008007404                _vsniprintf_r
                0x0000000008007404                _vsnprintf_r
 .text.vsnprintf
                0x000000000800745c       0x1c c:/st/stm32cubeide_1.5.1/stm32cubeide/plugins/com.st.stm32cube.ide.mcu.externaltools.gnu-tools-for-stm32.7-2018-q2-update.win32_1.5.0.202011040924/tools/bin/../lib/gcc/arm-none-eabi/7.3.1/../../../../arm-none-eabi/lib/thumb/v7-m\libc_nano.a(lib_a-vsnprintf.o)
                0x000000000800745c                vsniprintf
                0x000000000800745c                vsnprintf
 .text.__ssputs_r
                0x0000000008007478       0xb4 c:/st/stm32cubeide_1.5.1/stm32cubeide/plugins/com.st.stm32cube.ide.mcu.externaltools.gnu-tools-for-stm32.7-2018-q2-update.win32_1.5.0.202011040924/tools/bin/../lib/gcc/arm-none-eabi/7.3.1/../../../../arm-none-eabi/lib/thumb/v7-m\libc_nano.a(lib_a-nano-svfprintf.o)
                0x0000000008007478                __ssputs_r
 .text._svfprintf_r
                0x000000000800752c      0x1f0 c:/st/stm32cubeide_1.5.1/stm32cubeide/plugins/com.st.stm32cube.ide.mcu.externaltools.gnu-tools-for-stm32.7-2018-q2-update.win32_1.5.0.202011040924/tools/bin/../lib/gcc/arm-none-eabi/7.3.1/../../../../arm-none-eabi/lib/thumb/v7-m\libc_nano.a(lib_a-nano-svfprintf.o)
                0x000000000800752c                _svfiprintf_r
                0x000000000800752c                _svfprintf_r
 .text._printf_common
                0x000000000800771c       0xec c:/st/stm32cubeide_1.5.1/stm32cubeide/plugins/com.st.stm32cube.ide.mcu.externaltools.gnu-tools-for-stm32.7-2018-q2-update.win32_1.5.0.202011040924/tools/bin/../lib/gcc/arm-none-eabi/7.3.1/../../../../arm-none-eabi/lib/thumb/v7-m\libc_nano.a(lib_a-nano-vfprintf_i.o)
                0x000000000800771c                _printf_common
 .text._printf_i
                0x0000000008007808      0x224 c:/st/stm32cubeide_1.5.1/stm32cubeide/plugins/com.st.stm32cube.ide.mcu.externaltools.gnu-tools-for-stm32.7-2018-q2-update.win32_1.5.0.202011040924/tools/bin/../lib/gcc/arm-none-eabi/7.3.1/../../../../arm-none-eabi/lib/thumb/v7-m\libc_nano.a(lib_a-nano-vfprintf_i.o)
                0x0000000008007808                _printf_i
 .text.memchr   0x0000000008007a2c       0x1c c:/st/stm32cubeide_1.5.1/stm32cubeide/plugins/com.st.stm32cube.ide.mcu.externaltools.gnu-tools-for-stm32.7-2018-q2-update.win32_1.5.0.202011040924/tools/bin/../lib/gcc/arm-none-eabi/7.3.1/../../../../arm-none-eabi/lib/thumb/v7-m\libc_nano.a(lib_a-memchr-stub.o)
                0x0000000008007a2c                memchr
 .text.memcpy   0x0000000008007a48       0x16 c:/st/stm32cubeide_1.5.1/stm32cubeide/plugins/com.st.stm32cube.ide.mcu.externaltools.gnu-tools-for-stm32.7-2018-q2-update.win32_1.5.0.202011040924/tools/bin/../lib/gcc/arm-none-eabi/7.3.1/../../../../arm-none-eabi/lib/thumb/v7-m\libc_nano.a(lib_a-memcpy-stub.o)
                0x0000000008007a48                memcpy
 .text.memmove  0x0000000008007a5e       0x32 c:/st/stm32cubeide_1.5.1/stm32cubeide/plugins/com.st.stm32cube.ide.mcu.externaltools.gnu-tools-for-stm32.7-2018-q2-update.win32_1.5.0.202011040924/tools/bin/../lib/gcc/arm-none-eabi/7.3.1/../../../../arm-none-eabi/lib/thumb/v7-m\libc_nano.a(lib_a-memmove.o)
                0x0000000008007a5e                memmove
 .text._free_r  0x0000000008007a90       0x98 c:/st/stm32cubeide_1.5.1/stm32cubeide/plugins/com.st.stm32cube.ide.mcu.externaltools.gnu-tools-for-stm32.7-2018-q2-update.win32_1.5.0.202011040924/tools/bin/../lib/gcc/arm-none-eabi/7.3.1/../../../../arm-none-eabi/lib/thumb/v7-m\libc_nano.a(lib_a-nano-freer.o)
                0x0000000008007a90                _free_r
 .text._malloc_r
                0x0000000008007b28       0xb4 c:/st/stm32cubeide_1.5.1/stm32cubeide/plugins/com.st.stm32cube.ide.mcu.externaltools.gnu-tools-for-stm32.7-2018-q2-update.win32_1.5.0.202011040924/tools/bin/../lib/gcc/arm-none-eabi/7.3.1/../../../../arm-none-eabi/lib/thumb/v7-m\libc_nano.a(lib_a-nano-mallocr.o)
                0x0000000008007b28                _malloc_r
 .text._realloc_r
                0x0000000008007bdc       0x4c c:/st/stm32cubeide_1.5.1/stm32cubeide/plugins/com.st.stm32cube.ide.mcu.externaltools.gnu-tools-for-stm32.7-2018-q2-update.win32_1.5.0.202011040924/tools/bin/../lib/gcc/arm-none-eabi/7.3.1/../../../../arm-none-eabi/lib/thumb/v7-m\libc_nano.a(lib_a-nano-reallocr.o)
                0x0000000008007bdc                _realloc_r
 .text._sbrk_r  0x0000000008007c28       0x20 c:/st/stm32cubeide_1.5.1/stm32cubeide/plugins/com.st.stm32cube.ide.mcu.externaltools.gnu-tools-for-stm32.7-2018-q2-update.win32_1.5.0.202011040924/tools/bin/../lib/gcc/arm-none-eabi/7.3.1/../../../../arm-none-eabi/lib/thumb/v7-m\libc_nano.a(lib_a-sbrkr.o)
                0x0000000008007c28                _sbrk_r
 .text.__malloc_lock
                0x0000000008007c48        0x2 c:/st/stm32cubeide_1.5.1/stm32cubeide/plugins/com.st.stm32cube.ide.mcu.externaltools.gnu-tools-for-stm32.7-2018-q2-update.win32_1.5.0.202011040924/tools/bin/../lib/gcc/arm-none-eabi/7.3.1/../../../../arm-none-eabi/lib/thumb/v7-m\libc_nano.a(lib_a-mlock.o)
                0x0000000008007c48                __malloc_lock
 .text.__malloc_unlock
                0x0000000008007c4a        0x2 c:/st/stm32cubeide_1.5.1/stm32cubeide/plugins/com.st.stm32cube.ide.mcu.externaltools.gnu-tools-for-stm32.7-2018-q2-update.win32_1.5.0.202011040924/tools/bin/../lib/gcc/arm-none-eabi/7.3.1/../../../../arm-none-eabi/lib/thumb/v7-m\libc_nano.a(lib_a-mlock.o)
                0x0000000008007c4a                __malloc_unlock
 .text._malloc_usable_size_r
                0x0000000008007c4c       0x10 c:/st/stm32cubeide_1.5.1/stm32cubeide/plugins/com.st.stm32cube.ide.mcu.externaltools.gnu-tools-for-stm32.7-2018-q2-update.win32_1.5.0.202011040924/tools/bin/../lib/gcc/arm-none-eabi/7.3.1/../../../../arm-none-eabi/lib/thumb/v7-m\libc_nano.a(lib_a-nano-msizer.o)
                0x0000000008007c4c                _malloc_usable_size_r
 *(.glue_7)
 .glue_7        0x0000000008007c5c        0x0 linker stubs
 *(.glue_7t)
 .glue_7t       0x0000000008007c5c        0x0 linker stubs
 *(.eh_frame)
 .eh_frame      0x0000000008007c5c        0x0 c:/st/stm32cubeide_1.5.1/stm32cubeide/plugins/com.st.stm32cube.ide.mcu.externaltools.gnu-tools-for-stm32.7-2018-q2-update.win32_1.5.0.202011040924/tools/bin/../lib/gcc/arm-none-eabi/7.3.1/thumb/v7-m/crtbegin.o
 *(.init)
 .init          0x0000000008007c5c        0x4 c:/st/stm32cubeide_1.5.1/stm32cubeide/plugins/com.st.stm32cube.ide.mcu.externaltools.gnu-tools-for-stm32.7-2018-q2-update.win32_1.5.0.202011040924/tools/bin/../lib/gcc/arm-none-eabi/7.3.1/thumb/v7-m/crti.o
                0x0000000008007c5c                _init
 .init          0x0000000008007c60        0x8 c:/st/stm32cubeide_1.5.1/stm32cubeide/plugins/com.st.stm32cube.ide.mcu.externaltools.gnu-tools-for-stm32.7-2018-q2-update.win32_1.5.0.202011040924/tools/bin/../lib/gcc/arm-none-eabi/7.3.1/thumb/v7-m/crtn.o
 *(.fini)
 .fini          0x0000000008007c68        0x4 c:/st/stm32cubeide_1.5.1/stm32cubeide/plugins/com.st.stm32cube.ide.mcu.externaltools.gnu-tools-for-stm32.7-2018-q2-update.win32_1.5.0.202011040924/tools/bin/../lib/gcc/arm-none-eabi/7.3.1/thumb/v7-m/crti.o
                0x0000000008007c68                _fini
 .fini          0x0000000008007c6c        0x8 c:/st/stm32cubeide_1.5.1/stm32cubeide/plugins/com.st.stm32cube.ide.mcu.externaltools.gnu-tools-for-stm32.7-2018-q2-update.win32_1.5.0.202011040924/tools/bin/../lib/gcc/arm-none-eabi/7.3.1/thumb/v7-m/crtn.o
                0x0000000008007c74                . = ALIGN (0x4)
                0x0000000008007c74                _etext = .

.vfp11_veneer   0x0000000008007c74        0x0
 .vfp11_veneer  0x0000000008007c74        0x0 linker stubs

.v4_bx          0x0000000008007c74        0x0
 .v4_bx         0x0000000008007c74        0x0 linker stubs

.iplt           0x0000000008007c74        0x0
 .iplt          0x0000000008007c74        0x0 c:/st/stm32cubeide_1.5.1/stm32cubeide/plugins/com.st.stm32cube.ide.mcu.externaltools.gnu-tools-for-stm32.7-2018-q2-update.win32_1.5.0.202011040924/tools/bin/../lib/gcc/arm-none-eabi/7.3.1/thumb/v7-m/crtbegin.o

.rodata         0x0000000008007c74       0xe0
                0x0000000008007c74                . = ALIGN (0x4)
 *(.rodata)
 .rodata        0x0000000008007c74       0x21 src/ap/ap.o
 *fill*         0x0000000008007c95        0x3 
 .rodata        0x0000000008007c98       0x12 src/lib/cubemx_f103v/Drivers/STM32F1xx_HAL_Driver/Src/stm32f1xx_hal_rcc.o
 *fill*         0x0000000008007caa        0x2 
 .rodata        0x0000000008007cac       0x12 src/lib/cubemx_f103v/Drivers/STM32F1xx_HAL_Driver/Src/stm32f1xx_hal_rcc_ex.o
 *fill*         0x0000000008007cbe        0x2 
 .rodata        0x0000000008007cc0       0x46 src/lib/cubemx_f103v/USB_DEVICE/App/usbd_desc.o
 *(.rodata*)
 *fill*         0x0000000008007d06        0x2 
 .rodata.AHBPrescTable
                0x0000000008007d08       0x10 src/bsp/system_stm32f1xx.o
                0x0000000008007d08                AHBPrescTable
 .rodata.APBPrescTable
                0x0000000008007d18        0x8 src/bsp/system_stm32f1xx.o
                0x0000000008007d18                APBPrescTable
 .rodata._svfprintf_r.str1.1
                0x0000000008007d20       0x11 c:/st/stm32cubeide_1.5.1/stm32cubeide/plugins/com.st.stm32cube.ide.mcu.externaltools.gnu-tools-for-stm32.7-2018-q2-update.win32_1.5.0.202011040924/tools/bin/../lib/gcc/arm-none-eabi/7.3.1/../../../../arm-none-eabi/lib/thumb/v7-m\libc_nano.a(lib_a-nano-svfprintf.o)
 .rodata._printf_i.str1.1
                0x0000000008007d31       0x22 c:/st/stm32cubeide_1.5.1/stm32cubeide/plugins/com.st.stm32cube.ide.mcu.externaltools.gnu-tools-for-stm32.7-2018-q2-update.win32_1.5.0.202011040924/tools/bin/../lib/gcc/arm-none-eabi/7.3.1/../../../../arm-none-eabi/lib/thumb/v7-m\libc_nano.a(lib_a-nano-vfprintf_i.o)
                0x0000000008007d54                . = ALIGN (0x4)
 *fill*         0x0000000008007d53        0x1 

.rel.dyn        0x0000000008007d54        0x0
 .rel.iplt      0x0000000008007d54        0x0 c:/st/stm32cubeide_1.5.1/stm32cubeide/plugins/com.st.stm32cube.ide.mcu.externaltools.gnu-tools-for-stm32.7-2018-q2-update.win32_1.5.0.202011040924/tools/bin/../lib/gcc/arm-none-eabi/7.3.1/thumb/v7-m/crtbegin.o

.ARM.extab      0x0000000008007d54        0x0
                0x0000000008007d54                . = ALIGN (0x4)
 *(.ARM.extab* .gnu.linkonce.armextab.*)
                0x0000000008007d54                . = ALIGN (0x4)

.ARM            0x0000000008007d54        0x0
                0x0000000008007d54                . = ALIGN (0x4)
                0x0000000008007d54                __exidx_start = .
 *(.ARM.exidx*)
                0x0000000008007d54                __exidx_end = .
                0x0000000008007d54                . = ALIGN (0x4)

.preinit_array  0x0000000008007d54        0x0
                0x0000000008007d54                . = ALIGN (0x4)
                0x0000000008007d54                PROVIDE (__preinit_array_start = .)
 *(.preinit_array*)
                0x0000000008007d54                PROVIDE (__preinit_array_end = .)
                0x0000000008007d54                . = ALIGN (0x4)

.init_array     0x0000000008007d54        0x4
                0x0000000008007d54                . = ALIGN (0x4)
                0x0000000008007d54                PROVIDE (__init_array_start = .)
 *(SORT_BY_NAME(.init_array.*))
 *(.init_array*)
 .init_array    0x0000000008007d54        0x4 c:/st/stm32cubeide_1.5.1/stm32cubeide/plugins/com.st.stm32cube.ide.mcu.externaltools.gnu-tools-for-stm32.7-2018-q2-update.win32_1.5.0.202011040924/tools/bin/../lib/gcc/arm-none-eabi/7.3.1/thumb/v7-m/crtbegin.o
                0x0000000008007d58                PROVIDE (__init_array_end = .)
                0x0000000008007d58                . = ALIGN (0x4)

.fini_array     0x0000000008007d58        0x4
                0x0000000008007d58                . = ALIGN (0x4)
                [!provide]                        PROVIDE (__fini_array_start = .)
 *(SORT_BY_NAME(.fini_array.*))
 *(.fini_array*)
 .fini_array    0x0000000008007d58        0x4 c:/st/stm32cubeide_1.5.1/stm32cubeide/plugins/com.st.stm32cube.ide.mcu.externaltools.gnu-tools-for-stm32.7-2018-q2-update.win32_1.5.0.202011040924/tools/bin/../lib/gcc/arm-none-eabi/7.3.1/thumb/v7-m/crtbegin.o
                [!provide]                        PROVIDE (__fini_array_end = .)
                0x0000000008007d5c                . = ALIGN (0x4)
                0x0000000008007d5c                _sidata = LOADADDR (.data)

.data           0x0000000020000000      0x204 load address 0x0000000008007d5c
                0x0000000020000000                . = ALIGN (0x4)
                0x0000000020000000                _sdata = .
 *(.data)
 *(.data*)
 .data.SystemCoreClock
                0x0000000020000000        0x4 src/bsp/system_stm32f1xx.o
                0x0000000020000000                SystemCoreClock
 .data.led_tbl  0x0000000020000004       0x20 src/hw/driver/led.o
                0x0000000020000004                led_tbl
 .data.uwTickPrio
                0x0000000020000024        0x4 src/lib/cubemx_f103v/Drivers/STM32F1xx_HAL_Driver/Src/stm32f1xx_hal.o
                0x0000000020000024                uwTickPrio
 .data.uwTickFreq
                0x0000000020000028        0x1 src/lib/cubemx_f103v/Drivers/STM32F1xx_HAL_Driver/Src/stm32f1xx_hal.o
                0x0000000020000028                uwTickFreq
 *fill*         0x0000000020000029        0x3 
 .data.USBD_CDC_DeviceQualifierDesc
                0x000000002000002c        0xa src/lib/cubemx_f103v/Middlewares/ST/STM32_USB_Device_Library/Class/CDC/Src/usbd_cdc.o
 *fill*         0x0000000020000036        0x2 
 .data.USBD_CDC
                0x0000000020000038       0x38 src/lib/cubemx_f103v/Middlewares/ST/STM32_USB_Device_Library/Class/CDC/Src/usbd_cdc.o
                0x0000000020000038                USBD_CDC
 .data.USBD_CDC_CfgHSDesc
                0x0000000020000070       0x43 src/lib/cubemx_f103v/Middlewares/ST/STM32_USB_Device_Library/Class/CDC/Src/usbd_cdc.o
                0x0000000020000070                USBD_CDC_CfgHSDesc
 *fill*         0x00000000200000b3        0x1 
 .data.USBD_CDC_CfgFSDesc
                0x00000000200000b4       0x43 src/lib/cubemx_f103v/Middlewares/ST/STM32_USB_Device_Library/Class/CDC/Src/usbd_cdc.o
                0x00000000200000b4                USBD_CDC_CfgFSDesc
 *fill*         0x00000000200000f7        0x1 
 .data.USBD_CDC_OtherSpeedCfgDesc
                0x00000000200000f8       0x43 src/lib/cubemx_f103v/Middlewares/ST/STM32_USB_Device_Library/Class/CDC/Src/usbd_cdc.o
                0x00000000200000f8                USBD_CDC_OtherSpeedCfgDesc
 *fill*         0x000000002000013b        0x1 
 .data.rx_len   0x000000002000013c        0x4 src/lib/cubemx_f103v/USB_DEVICE/App/usbd_cdc_if.o
                0x000000002000013c                rx_len
 .data.USBD_Interface_fops_FS
                0x0000000020000140       0x10 src/lib/cubemx_f103v/USB_DEVICE/App/usbd_cdc_if.o
                0x0000000020000140                USBD_Interface_fops_FS
 .data.FS_Desc  0x0000000020000150       0x1c src/lib/cubemx_f103v/USB_DEVICE/App/usbd_desc.o
                0x0000000020000150                FS_Desc
 .data.USBD_FS_DeviceDesc
                0x000000002000016c       0x12 src/lib/cubemx_f103v/USB_DEVICE/App/usbd_desc.o
                0x000000002000016c                USBD_FS_DeviceDesc
 *fill*         0x000000002000017e        0x2 
 .data.USBD_LangIDDesc
                0x0000000020000180        0x4 src/lib/cubemx_f103v/USB_DEVICE/App/usbd_desc.o
                0x0000000020000180                USBD_LangIDDesc
 .data.USBD_StringSerial
                0x0000000020000184       0x1a src/lib/cubemx_f103v/USB_DEVICE/App/usbd_desc.o
                0x0000000020000184                USBD_StringSerial
 *fill*         0x000000002000019e        0x2 
 .data._impure_ptr
                0x00000000200001a0        0x4 c:/st/stm32cubeide_1.5.1/stm32cubeide/plugins/com.st.stm32cube.ide.mcu.externaltools.gnu-tools-for-stm32.7-2018-q2-update.win32_1.5.0.202011040924/tools/bin/../lib/gcc/arm-none-eabi/7.3.1/../../../../arm-none-eabi/lib/thumb/v7-m\libc_nano.a(lib_a-impure.o)
                0x00000000200001a0                _impure_ptr
 .data.impure_data
                0x00000000200001a4       0x60 c:/st/stm32cubeide_1.5.1/stm32cubeide/plugins/com.st.stm32cube.ide.mcu.externaltools.gnu-tools-for-stm32.7-2018-q2-update.win32_1.5.0.202011040924/tools/bin/../lib/gcc/arm-none-eabi/7.3.1/../../../../arm-none-eabi/lib/thumb/v7-m\libc_nano.a(lib_a-impure.o)
 *(.RamFunc)
 *(.RamFunc*)
                0x0000000020000204                . = ALIGN (0x4)
                0x0000000020000204                _edata = .

.igot.plt       0x0000000020000204        0x0 load address 0x0000000008007f60
 .igot.plt      0x0000000020000204        0x0 c:/st/stm32cubeide_1.5.1/stm32cubeide/plugins/com.st.stm32cube.ide.mcu.externaltools.gnu-tools-for-stm32.7-2018-q2-update.win32_1.5.0.202011040924/tools/bin/../lib/gcc/arm-none-eabi/7.3.1/thumb/v7-m/crtbegin.o
                0x0000000020000204                . = ALIGN (0x4)

.bss            0x0000000020000204     0x1670 load address 0x0000000008007f60
                0x0000000020000204                _sbss = .
                0x0000000020000204                __bss_start__ = _sbss
 *(.bss)
 .bss           0x0000000020000204       0x1c c:/st/stm32cubeide_1.5.1/stm32cubeide/plugins/com.st.stm32cube.ide.mcu.externaltools.gnu-tools-for-stm32.7-2018-q2-update.win32_1.5.0.202011040924/tools/bin/../lib/gcc/arm-none-eabi/7.3.1/thumb/v7-m/crtbegin.o
 *(.bss*)
 .bss.heap_end.5149
                0x0000000020000220        0x4 src/bsp/sysmem.o
 .bss.reset_count
                0x0000000020000224        0x4 src/hw/driver/reset.o
 .bss.is_open   0x0000000020000228        0x2 src/hw/driver/uart.o
 *fill*         0x000000002000022a        0x2 
 .bss.qbuffer   0x000000002000022c       0x20 src/hw/driver/uart.o
 .bss.rx_buf    0x000000002000024c      0x100 src/hw/driver/uart.o
 .bss.ifalt.7898
                0x000000002000034c        0x1 src/lib/cubemx_f103v/Middlewares/ST/STM32_USB_Device_Library/Class/CDC/Src/usbd_cdc.o
 .bss.cfgidx.7903
                0x000000002000034d        0x1 src/lib/cubemx_f103v/Middlewares/ST/STM32_USB_Device_Library/Core/Src/usbd_ctlreq.o
 *fill*         0x000000002000034e        0x2 
 .bss.rx_in     0x0000000020000350        0x4 src/lib/cubemx_f103v/USB_DEVICE/App/usbd_cdc_if.o
                0x0000000020000350                rx_in
 .bss.rx_out    0x0000000020000354        0x4 src/lib/cubemx_f103v/USB_DEVICE/App/usbd_cdc_if.o
                0x0000000020000354                rx_out
 .bss.mem.7986  0x0000000020000358      0x220 src/lib/cubemx_f103v/USB_DEVICE/Target/usbd_conf.o
 .bss.__malloc_free_list
                0x0000000020000578        0x4 c:/st/stm32cubeide_1.5.1/stm32cubeide/plugins/com.st.stm32cube.ide.mcu.externaltools.gnu-tools-for-stm32.7-2018-q2-update.win32_1.5.0.202011040924/tools/bin/../lib/gcc/arm-none-eabi/7.3.1/../../../../arm-none-eabi/lib/thumb/v7-m\libc_nano.a(lib_a-nano-mallocr.o)
                0x0000000020000578                __malloc_free_list
 .bss.__malloc_sbrk_start
                0x000000002000057c        0x4 c:/st/stm32cubeide_1.5.1/stm32cubeide/plugins/com.st.stm32cube.ide.mcu.externaltools.gnu-tools-for-stm32.7-2018-q2-update.win32_1.5.0.202011040924/tools/bin/../lib/gcc/arm-none-eabi/7.3.1/../../../../arm-none-eabi/lib/thumb/v7-m\libc_nano.a(lib_a-nano-mallocr.o)
                0x000000002000057c                __malloc_sbrk_start
 *(COMMON)
 COMMON         0x0000000020000580       0x14 src/hw/driver/rtc.o
                0x0000000020000580                hrtc
 COMMON         0x0000000020000594       0x84 src/hw/driver/uart.o
                0x0000000020000594                hdma_usart1_rx
                0x00000000200005d8                huart1
 COMMON         0x0000000020000618        0x4 src/lib/cubemx_f103v/Drivers/STM32F1xx_HAL_Driver/Src/stm32f1xx_hal.o
                0x0000000020000618                uwTick
 COMMON         0x000000002000061c      0x224 src/lib/cubemx_f103v/USB_DEVICE/App/usb_device.o
                0x000000002000061c                hUsbDeviceFS
 COMMON         0x0000000020000840      0x9d0 src/lib/cubemx_f103v/USB_DEVICE/App/usbd_cdc_if.o
                0x0000000020000840                UserRxBufferFS
                0x0000000020000c28                UserTxBufferFS
                0x0000000020001010                rx_buf
 COMMON         0x0000000020001210      0x200 src/lib/cubemx_f103v/USB_DEVICE/App/usbd_desc.o
                0x0000000020001210                USBD_StrDesc
 COMMON         0x0000000020001410      0x460 src/lib/cubemx_f103v/USB_DEVICE/Target/usbd_conf.o
                0x0000000020001410                hpcd_USB_FS
 COMMON         0x0000000020001870        0x4 c:/st/stm32cubeide_1.5.1/stm32cubeide/plugins/com.st.stm32cube.ide.mcu.externaltools.gnu-tools-for-stm32.7-2018-q2-update.win32_1.5.0.202011040924/tools/bin/../lib/gcc/arm-none-eabi/7.3.1/../../../../arm-none-eabi/lib/thumb/v7-m\libc_nano.a(lib_a-reent.o)
                0x0000000020001870                errno
                0x0000000020001874                . = ALIGN (0x4)
                0x0000000020001874                _ebss = .
                0x0000000020001874                __bss_end__ = _ebss

._user_heap_stack
                0x0000000020001874      0x604 load address 0x0000000008007f60
                0x0000000020001878                . = ALIGN (0x8)
 *fill*         0x0000000020001874        0x4 
                0x0000000020001878                PROVIDE (end = .)
                [!provide]                        PROVIDE (_end = .)
                0x0000000020001a78                . = (. + _Min_Heap_Size)
 *fill*         0x0000000020001878      0x200 
                0x0000000020001e78                . = (. + _Min_Stack_Size)
 *fill*         0x0000000020001a78      0x400 
                0x0000000020001e78                . = ALIGN (0x8)

/DISCARD/
 libc.a(*)
 libm.a(*)
 libgcc.a(*)

.ARM.attributes
                0x0000000000000000       0x29
 *(.ARM.attributes)
 .ARM.attributes
                0x0000000000000000       0x1d c:/st/stm32cubeide_1.5.1/stm32cubeide/plugins/com.st.stm32cube.ide.mcu.externaltools.gnu-tools-for-stm32.7-2018-q2-update.win32_1.5.0.202011040924/tools/bin/../lib/gcc/arm-none-eabi/7.3.1/thumb/v7-m/crti.o
 .ARM.attributes
                0x000000000000001d       0x2d c:/st/stm32cubeide_1.5.1/stm32cubeide/plugins/com.st.stm32cube.ide.mcu.externaltools.gnu-tools-for-stm32.7-2018-q2-update.win32_1.5.0.202011040924/tools/bin/../lib/gcc/arm-none-eabi/7.3.1/thumb/v7-m/crtbegin.o
 .ARM.attributes
                0x000000000000004a       0x33 src/ap/ap.o
 .ARM.attributes
                0x000000000000007d       0x33 src/bsp/bsp.o
 .ARM.attributes
                0x00000000000000b0       0x33 src/bsp/stm32f1xx_hal_msp.o
 .ARM.attributes
                0x00000000000000e3       0x33 src/bsp/stm32f1xx_it.o
 .ARM.attributes
                0x0000000000000116       0x33 src/bsp/sysmem.o
 .ARM.attributes
                0x0000000000000149       0x33 src/bsp/system_stm32f1xx.o
 .ARM.attributes
                0x000000000000017c       0x21 src/bsp/startup/startup_stm32f103vetx.o
 .ARM.attributes
                0x000000000000019d       0x33 src/common/core/qbuffer.o
 .ARM.attributes
                0x00000000000001d0       0x33 src/hw/driver/led.o
 .ARM.attributes
                0x0000000000000203       0x33 src/hw/driver/reset.o
 .ARM.attributes
                0x0000000000000236       0x33 src/hw/driver/rtc.o
 .ARM.attributes
                0x0000000000000269       0x33 src/hw/driver/uart.o
 .ARM.attributes
                0x000000000000029c       0x33 src/hw/driver/usb.o
 .ARM.attributes
                0x00000000000002cf       0x33 src/hw/hw.o
 .ARM.attributes
                0x0000000000000302       0x33 src/lib/cubemx_f103v/Drivers/STM32F1xx_HAL_Driver/Src/stm32f1xx_hal.o
 .ARM.attributes
                0x0000000000000335       0x33 src/lib/cubemx_f103v/Drivers/STM32F1xx_HAL_Driver/Src/stm32f1xx_hal_cortex.o
 .ARM.attributes
                0x0000000000000368       0x33 src/lib/cubemx_f103v/Drivers/STM32F1xx_HAL_Driver/Src/stm32f1xx_hal_dma.o
 .ARM.attributes
                0x000000000000039b       0x33 src/lib/cubemx_f103v/Drivers/STM32F1xx_HAL_Driver/Src/stm32f1xx_hal_gpio.o
 .ARM.attributes
                0x00000000000003ce       0x33 src/lib/cubemx_f103v/Drivers/STM32F1xx_HAL_Driver/Src/stm32f1xx_hal_pcd.o
 .ARM.attributes
                0x0000000000000401       0x33 src/lib/cubemx_f103v/Drivers/STM32F1xx_HAL_Driver/Src/stm32f1xx_hal_pcd_ex.o
 .ARM.attributes
                0x0000000000000434       0x33 src/lib/cubemx_f103v/Drivers/STM32F1xx_HAL_Driver/Src/stm32f1xx_hal_pwr.o
 .ARM.attributes
                0x0000000000000467       0x33 src/lib/cubemx_f103v/Drivers/STM32F1xx_HAL_Driver/Src/stm32f1xx_hal_rcc.o
 .ARM.attributes
                0x000000000000049a       0x33 src/lib/cubemx_f103v/Drivers/STM32F1xx_HAL_Driver/Src/stm32f1xx_hal_rcc_ex.o
 .ARM.attributes
                0x00000000000004cd       0x33 src/lib/cubemx_f103v/Drivers/STM32F1xx_HAL_Driver/Src/stm32f1xx_hal_rtc.o
 .ARM.attributes
                0x0000000000000500       0x33 src/lib/cubemx_f103v/Drivers/STM32F1xx_HAL_Driver/Src/stm32f1xx_hal_rtc_ex.o
 .ARM.attributes
                0x0000000000000533       0x33 src/lib/cubemx_f103v/Drivers/STM32F1xx_HAL_Driver/Src/stm32f1xx_hal_uart.o
 .ARM.attributes
                0x0000000000000566       0x33 src/lib/cubemx_f103v/Drivers/STM32F1xx_HAL_Driver/Src/stm32f1xx_ll_usb.o
 .ARM.attributes
                0x0000000000000599       0x33 src/lib/cubemx_f103v/Middlewares/ST/STM32_USB_Device_Library/Class/CDC/Src/usbd_cdc.o
 .ARM.attributes
                0x00000000000005cc       0x33 src/lib/cubemx_f103v/Middlewares/ST/STM32_USB_Device_Library/Core/Src/usbd_core.o
 .ARM.attributes
                0x00000000000005ff       0x33 src/lib/cubemx_f103v/Middlewares/ST/STM32_USB_Device_Library/Core/Src/usbd_ctlreq.o
 .ARM.attributes
                0x0000000000000632       0x33 src/lib/cubemx_f103v/Middlewares/ST/STM32_USB_Device_Library/Core/Src/usbd_ioreq.o
 .ARM.attributes
                0x0000000000000665       0x33 src/lib/cubemx_f103v/USB_DEVICE/App/usb_device.o
 .ARM.attributes
                0x0000000000000698       0x33 src/lib/cubemx_f103v/USB_DEVICE/App/usbd_cdc_if.o
 .ARM.attributes
                0x00000000000006cb       0x33 src/lib/cubemx_f103v/USB_DEVICE/App/usbd_desc.o
 .ARM.attributes
                0x00000000000006fe       0x33 src/lib/cubemx_f103v/USB_DEVICE/Target/usbd_conf.o
 .ARM.attributes
                0x0000000000000731       0x33 src/main.o
 .ARM.attributes
                0x0000000000000764       0x2d c:/st/stm32cubeide_1.5.1/stm32cubeide/plugins/com.st.stm32cube.ide.mcu.externaltools.gnu-tools-for-stm32.7-2018-q2-update.win32_1.5.0.202011040924/tools/bin/../lib/gcc/arm-none-eabi/7.3.1/../../../../arm-none-eabi/lib/thumb/v7-m\libc_nano.a(lib_a-errno.o)
 .ARM.attributes
                0x0000000000000791       0x2d c:/st/stm32cubeide_1.5.1/stm32cubeide/plugins/com.st.stm32cube.ide.mcu.externaltools.gnu-tools-for-stm32.7-2018-q2-update.win32_1.5.0.202011040924/tools/bin/../lib/gcc/arm-none-eabi/7.3.1/../../../../arm-none-eabi/lib/thumb/v7-m\libc_nano.a(lib_a-impure.o)
 .ARM.attributes
                0x00000000000007be       0x2d c:/st/stm32cubeide_1.5.1/stm32cubeide/plugins/com.st.stm32cube.ide.mcu.externaltools.gnu-tools-for-stm32.7-2018-q2-update.win32_1.5.0.202011040924/tools/bin/../lib/gcc/arm-none-eabi/7.3.1/../../../../arm-none-eabi/lib/thumb/v7-m\libc_nano.a(lib_a-init.o)
 .ARM.attributes
                0x00000000000007eb       0x2d c:/st/stm32cubeide_1.5.1/stm32cubeide/plugins/com.st.stm32cube.ide.mcu.externaltools.gnu-tools-for-stm32.7-2018-q2-update.win32_1.5.0.202011040924/tools/bin/../lib/gcc/arm-none-eabi/7.3.1/../../../../arm-none-eabi/lib/thumb/v7-m\libc_nano.a(lib_a-memset.o)
 .ARM.attributes
                0x0000000000000818       0x2d c:/st/stm32cubeide_1.5.1/stm32cubeide/plugins/com.st.stm32cube.ide.mcu.externaltools.gnu-tools-for-stm32.7-2018-q2-update.win32_1.5.0.202011040924/tools/bin/../lib/gcc/arm-none-eabi/7.3.1/../../../../arm-none-eabi/lib/thumb/v7-m\libc_nano.a(lib_a-vsnprintf.o)
 .ARM.attributes
                0x0000000000000845       0x2d c:/st/stm32cubeide_1.5.1/stm32cubeide/plugins/com.st.stm32cube.ide.mcu.externaltools.gnu-tools-for-stm32.7-2018-q2-update.win32_1.5.0.202011040924/tools/bin/../lib/gcc/arm-none-eabi/7.3.1/../../../../arm-none-eabi/lib/thumb/v7-m\libc_nano.a(lib_a-nano-svfprintf.o)
 .ARM.attributes
                0x0000000000000872       0x2d c:/st/stm32cubeide_1.5.1/stm32cubeide/plugins/com.st.stm32cube.ide.mcu.externaltools.gnu-tools-for-stm32.7-2018-q2-update.win32_1.5.0.202011040924/tools/bin/../lib/gcc/arm-none-eabi/7.3.1/../../../../arm-none-eabi/lib/thumb/v7-m\libc_nano.a(lib_a-nano-vfprintf_i.o)
 .ARM.attributes
                0x000000000000089f       0x2d c:/st/stm32cubeide_1.5.1/stm32cubeide/plugins/com.st.stm32cube.ide.mcu.externaltools.gnu-tools-for-stm32.7-2018-q2-update.win32_1.5.0.202011040924/tools/bin/../lib/gcc/arm-none-eabi/7.3.1/../../../../arm-none-eabi/lib/thumb/v7-m\libc_nano.a(lib_a-memchr-stub.o)
 .ARM.attributes
                0x00000000000008cc       0x2d c:/st/stm32cubeide_1.5.1/stm32cubeide/plugins/com.st.stm32cube.ide.mcu.externaltools.gnu-tools-for-stm32.7-2018-q2-update.win32_1.5.0.202011040924/tools/bin/../lib/gcc/arm-none-eabi/7.3.1/../../../../arm-none-eabi/lib/thumb/v7-m\libc_nano.a(lib_a-memcpy-stub.o)
 .ARM.attributes
                0x00000000000008f9       0x2d c:/st/stm32cubeide_1.5.1/stm32cubeide/plugins/com.st.stm32cube.ide.mcu.externaltools.gnu-tools-for-stm32.7-2018-q2-update.win32_1.5.0.202011040924/tools/bin/../lib/gcc/arm-none-eabi/7.3.1/../../../../arm-none-eabi/lib/thumb/v7-m\libc_nano.a(lib_a-memmove.o)
 .ARM.attributes
                0x0000000000000926       0x2d c:/st/stm32cubeide_1.5.1/stm32cubeide/plugins/com.st.stm32cube.ide.mcu.externaltools.gnu-tools-for-stm32.7-2018-q2-update.win32_1.5.0.202011040924/tools/bin/../lib/gcc/arm-none-eabi/7.3.1/../../../../arm-none-eabi/lib/thumb/v7-m\libc_nano.a(lib_a-nano-freer.o)
 .ARM.attributes
                0x0000000000000953       0x2d c:/st/stm32cubeide_1.5.1/stm32cubeide/plugins/com.st.stm32cube.ide.mcu.externaltools.gnu-tools-for-stm32.7-2018-q2-update.win32_1.5.0.202011040924/tools/bin/../lib/gcc/arm-none-eabi/7.3.1/../../../../arm-none-eabi/lib/thumb/v7-m\libc_nano.a(lib_a-nano-mallocr.o)
 .ARM.attributes
                0x0000000000000980       0x2d c:/st/stm32cubeide_1.5.1/stm32cubeide/plugins/com.st.stm32cube.ide.mcu.externaltools.gnu-tools-for-stm32.7-2018-q2-update.win32_1.5.0.202011040924/tools/bin/../lib/gcc/arm-none-eabi/7.3.1/../../../../arm-none-eabi/lib/thumb/v7-m\libc_nano.a(lib_a-nano-reallocr.o)
 .ARM.attributes
                0x00000000000009ad       0x2d c:/st/stm32cubeide_1.5.1/stm32cubeide/plugins/com.st.stm32cube.ide.mcu.externaltools.gnu-tools-for-stm32.7-2018-q2-update.win32_1.5.0.202011040924/tools/bin/../lib/gcc/arm-none-eabi/7.3.1/../../../../arm-none-eabi/lib/thumb/v7-m\libc_nano.a(lib_a-sbrkr.o)
 .ARM.attributes
                0x00000000000009da       0x2d c:/st/stm32cubeide_1.5.1/stm32cubeide/plugins/com.st.stm32cube.ide.mcu.externaltools.gnu-tools-for-stm32.7-2018-q2-update.win32_1.5.0.202011040924/tools/bin/../lib/gcc/arm-none-eabi/7.3.1/../../../../arm-none-eabi/lib/thumb/v7-m\libc_nano.a(lib_a-mlock.o)
 .ARM.attributes
                0x0000000000000a07       0x2d c:/st/stm32cubeide_1.5.1/stm32cubeide/plugins/com.st.stm32cube.ide.mcu.externaltools.gnu-tools-for-stm32.7-2018-q2-update.win32_1.5.0.202011040924/tools/bin/../lib/gcc/arm-none-eabi/7.3.1/../../../../arm-none-eabi/lib/thumb/v7-m\libc_nano.a(lib_a-nano-msizer.o)
 .ARM.attributes
                0x0000000000000a34       0x2d c:/st/stm32cubeide_1.5.1/stm32cubeide/plugins/com.st.stm32cube.ide.mcu.externaltools.gnu-tools-for-stm32.7-2018-q2-update.win32_1.5.0.202011040924/tools/bin/../lib/gcc/arm-none-eabi/7.3.1/../../../../arm-none-eabi/lib/thumb/v7-m\libc_nano.a(lib_a-reent.o)
 .ARM.attributes
                0x0000000000000a61       0x1d c:/st/stm32cubeide_1.5.1/stm32cubeide/plugins/com.st.stm32cube.ide.mcu.externaltools.gnu-tools-for-stm32.7-2018-q2-update.win32_1.5.0.202011040924/tools/bin/../lib/gcc/arm-none-eabi/7.3.1/thumb/v7-m/crtn.o
OUTPUT(09_UART_DMA.elf elf32-littlearm)

.debug_info     0x0000000000000000    0x21b5d
 .debug_info    0x0000000000000000      0x9e7 src/ap/ap.o
 .debug_info    0x00000000000009e7      0xd80 src/bsp/bsp.o
 .debug_info    0x0000000000001767      0xadd src/bsp/stm32f1xx_hal_msp.o
 .debug_info    0x0000000000002244     0x123b src/bsp/stm32f1xx_it.o
 .debug_info    0x000000000000347f      0x91c src/bsp/sysmem.o
 .debug_info    0x0000000000003d9b      0x3e9 src/bsp/system_stm32f1xx.o
 .debug_info    0x0000000000004184       0x22 src/bsp/startup/startup_stm32f103vetx.o
 .debug_info    0x00000000000041a6      0xa9c src/common/core/qbuffer.o
 .debug_info    0x0000000000004c42      0xc4c src/hw/driver/led.o
 .debug_info    0x000000000000588e      0xa6f src/hw/driver/reset.o
 .debug_info    0x00000000000062fd      0xd31 src/hw/driver/rtc.o
 .debug_info    0x000000000000702e     0x1499 src/hw/driver/uart.o
 .debug_info    0x00000000000084c7      0xa8b src/hw/driver/usb.o
 .debug_info    0x0000000000008f52      0x98f src/hw/hw.o
 .debug_info    0x00000000000098e1      0xf60 src/lib/cubemx_f103v/Drivers/STM32F1xx_HAL_Driver/Src/stm32f1xx_hal.o
 .debug_info    0x000000000000a841     0x13ae src/lib/cubemx_f103v/Drivers/STM32F1xx_HAL_Driver/Src/stm32f1xx_hal_cortex.o
 .debug_info    0x000000000000bbef      0xfb6 src/lib/cubemx_f103v/Drivers/STM32F1xx_HAL_Driver/Src/stm32f1xx_hal_dma.o
 .debug_info    0x000000000000cba5      0xead src/lib/cubemx_f103v/Drivers/STM32F1xx_HAL_Driver/Src/stm32f1xx_hal_gpio.o
 .debug_info    0x000000000000da52     0x1544 src/lib/cubemx_f103v/Drivers/STM32F1xx_HAL_Driver/Src/stm32f1xx_hal_pcd.o
 .debug_info    0x000000000000ef96      0xe41 src/lib/cubemx_f103v/Drivers/STM32F1xx_HAL_Driver/Src/stm32f1xx_hal_pcd_ex.o
 .debug_info    0x000000000000fdd7      0xf7d src/lib/cubemx_f103v/Drivers/STM32F1xx_HAL_Driver/Src/stm32f1xx_hal_pwr.o
 .debug_info    0x0000000000010d54     0x1029 src/lib/cubemx_f103v/Drivers/STM32F1xx_HAL_Driver/Src/stm32f1xx_hal_rcc.o
 .debug_info    0x0000000000011d7d      0xc65 src/lib/cubemx_f103v/Drivers/STM32F1xx_HAL_Driver/Src/stm32f1xx_hal_rcc_ex.o
 .debug_info    0x00000000000129e2     0x16d9 src/lib/cubemx_f103v/Drivers/STM32F1xx_HAL_Driver/Src/stm32f1xx_hal_rtc.o
 .debug_info    0x00000000000140bb     0x1112 src/lib/cubemx_f103v/Drivers/STM32F1xx_HAL_Driver/Src/stm32f1xx_hal_rtc_ex.o
 .debug_info    0x00000000000151cd     0x19e0 src/lib/cubemx_f103v/Drivers/STM32F1xx_HAL_Driver/Src/stm32f1xx_hal_uart.o
 .debug_info    0x0000000000016bad     0x16ff src/lib/cubemx_f103v/Drivers/STM32F1xx_HAL_Driver/Src/stm32f1xx_ll_usb.o
 .debug_info    0x00000000000182ac     0x1312 src/lib/cubemx_f103v/Middlewares/ST/STM32_USB_Device_Library/Class/CDC/Src/usbd_cdc.o
 .debug_info    0x00000000000195be     0x11b0 src/lib/cubemx_f103v/Middlewares/ST/STM32_USB_Device_Library/Core/Src/usbd_core.o
 .debug_info    0x000000000001a76e     0x1111 src/lib/cubemx_f103v/Middlewares/ST/STM32_USB_Device_Library/Core/Src/usbd_ctlreq.o
 .debug_info    0x000000000001b87f      0xf11 src/lib/cubemx_f103v/Middlewares/ST/STM32_USB_Device_Library/Core/Src/usbd_ioreq.o
 .debug_info    0x000000000001c790      0xe59 src/lib/cubemx_f103v/USB_DEVICE/App/usb_device.o
 .debug_info    0x000000000001d5e9     0x1155 src/lib/cubemx_f103v/USB_DEVICE/App/usbd_cdc_if.o
 .debug_info    0x000000000001e73e      0xd07 src/lib/cubemx_f103v/USB_DEVICE/App/usbd_desc.o
 .debug_info    0x000000000001f445     0x1d85 src/lib/cubemx_f103v/USB_DEVICE/Target/usbd_conf.o
 .debug_info    0x00000000000211ca      0x993 src/main.o

.debug_abbrev   0x0000000000000000     0x4f2f
 .debug_abbrev  0x0000000000000000      0x1d2 src/ap/ap.o
 .debug_abbrev  0x00000000000001d2      0x238 src/bsp/bsp.o
 .debug_abbrev  0x000000000000040a      0x1c5 src/bsp/stm32f1xx_hal_msp.o
 .debug_abbrev  0x00000000000005cf      0x1c7 src/bsp/stm32f1xx_it.o
 .debug_abbrev  0x0000000000000796      0x1bb src/bsp/sysmem.o
 .debug_abbrev  0x0000000000000951      0x134 src/bsp/system_stm32f1xx.o
 .debug_abbrev  0x0000000000000a85       0x12 src/bsp/startup/startup_stm32f103vetx.o
 .debug_abbrev  0x0000000000000a97      0x1e2 src/common/core/qbuffer.o
 .debug_abbrev  0x0000000000000c79      0x20e src/hw/driver/led.o
 .debug_abbrev  0x0000000000000e87      0x1de src/hw/driver/reset.o
 .debug_abbrev  0x0000000000001065      0x221 src/hw/driver/rtc.o
 .debug_abbrev  0x0000000000001286      0x299 src/hw/driver/uart.o
 .debug_abbrev  0x000000000000151f      0x1c4 src/hw/driver/usb.o
 .debug_abbrev  0x00000000000016e3      0x195 src/hw/hw.o
 .debug_abbrev  0x0000000000001878      0x2bd src/lib/cubemx_f103v/Drivers/STM32F1xx_HAL_Driver/Src/stm32f1xx_hal.o
 .debug_abbrev  0x0000000000001b35      0x36d src/lib/cubemx_f103v/Drivers/STM32F1xx_HAL_Driver/Src/stm32f1xx_hal_cortex.o
 .debug_abbrev  0x0000000000001ea2      0x26f src/lib/cubemx_f103v/Drivers/STM32F1xx_HAL_Driver/Src/stm32f1xx_hal_dma.o
 .debug_abbrev  0x0000000000002111      0x251 src/lib/cubemx_f103v/Drivers/STM32F1xx_HAL_Driver/Src/stm32f1xx_hal_gpio.o
 .debug_abbrev  0x0000000000002362      0x2db src/lib/cubemx_f103v/Drivers/STM32F1xx_HAL_Driver/Src/stm32f1xx_hal_pcd.o
 .debug_abbrev  0x000000000000263d      0x1eb src/lib/cubemx_f103v/Drivers/STM32F1xx_HAL_Driver/Src/stm32f1xx_hal_pcd_ex.o
 .debug_abbrev  0x0000000000002828      0x2a9 src/lib/cubemx_f103v/Drivers/STM32F1xx_HAL_Driver/Src/stm32f1xx_hal_pwr.o
 .debug_abbrev  0x0000000000002ad1      0x2eb src/lib/cubemx_f103v/Drivers/STM32F1xx_HAL_Driver/Src/stm32f1xx_hal_rcc.o
 .debug_abbrev  0x0000000000002dbc      0x228 src/lib/cubemx_f103v/Drivers/STM32F1xx_HAL_Driver/Src/stm32f1xx_hal_rcc_ex.o
 .debug_abbrev  0x0000000000002fe4      0x2b0 src/lib/cubemx_f103v/Drivers/STM32F1xx_HAL_Driver/Src/stm32f1xx_hal_rtc.o
 .debug_abbrev  0x0000000000003294      0x28b src/lib/cubemx_f103v/Drivers/STM32F1xx_HAL_Driver/Src/stm32f1xx_hal_rtc_ex.o
 .debug_abbrev  0x000000000000351f      0x2b3 src/lib/cubemx_f103v/Drivers/STM32F1xx_HAL_Driver/Src/stm32f1xx_hal_uart.o
 .debug_abbrev  0x00000000000037d2      0x246 src/lib/cubemx_f103v/Drivers/STM32F1xx_HAL_Driver/Src/stm32f1xx_ll_usb.o
 .debug_abbrev  0x0000000000003a18      0x29a src/lib/cubemx_f103v/Middlewares/ST/STM32_USB_Device_Library/Class/CDC/Src/usbd_cdc.o
 .debug_abbrev  0x0000000000003cb2      0x261 src/lib/cubemx_f103v/Middlewares/ST/STM32_USB_Device_Library/Core/Src/usbd_core.o
 .debug_abbrev  0x0000000000003f13      0x291 src/lib/cubemx_f103v/Middlewares/ST/STM32_USB_Device_Library/Core/Src/usbd_ctlreq.o
 .debug_abbrev  0x00000000000041a4      0x1d1 src/lib/cubemx_f103v/Middlewares/ST/STM32_USB_Device_Library/Core/Src/usbd_ioreq.o
 .debug_abbrev  0x0000000000004375      0x1af src/lib/cubemx_f103v/USB_DEVICE/App/usb_device.o
 .debug_abbrev  0x0000000000004524      0x318 src/lib/cubemx_f103v/USB_DEVICE/App/usbd_cdc_if.o
 .debug_abbrev  0x000000000000483c      0x290 src/lib/cubemx_f103v/USB_DEVICE/App/usbd_desc.o
 .debug_abbrev  0x0000000000004acc      0x2cc src/lib/cubemx_f103v/USB_DEVICE/Target/usbd_conf.o
 .debug_abbrev  0x0000000000004d98      0x197 src/main.o

.debug_aranges  0x0000000000000000     0x10e8
 .debug_aranges
                0x0000000000000000       0x28 src/ap/ap.o
 .debug_aranges
                0x0000000000000028       0x48 src/bsp/bsp.o
 .debug_aranges
                0x0000000000000070       0x20 src/bsp/stm32f1xx_hal_msp.o
 .debug_aranges
                0x0000000000000090       0x78 src/bsp/stm32f1xx_it.o
 .debug_aranges
                0x0000000000000108       0x20 src/bsp/sysmem.o
 .debug_aranges
                0x0000000000000128       0x28 src/bsp/system_stm32f1xx.o
 .debug_aranges