Archive member included to satisfy reference by file (symbol)

c:/st/stm32cubeide_1.5.1/stm32cubeide/plugins/com.st.stm32cube.ide.mcu.externaltools.gnu-tools-for-stm32.7-2018-q2-update.win32_1.5.0.202011040924/tools/bin/../lib/gcc/arm-none-eabi/7.3.1/../../../../arm-none-eabi/lib/thumb/v7-m\libc_nano.a(lib_a-errno.o)
                              src/bsp/syscalls.o (__errno)
c:/st/stm32cubeide_1.5.1/stm32cubeide/plugins/com.st.stm32cube.ide.mcu.externaltools.gnu-tools-for-stm32.7-2018-q2-update.win32_1.5.0.202011040924/tools/bin/../lib/gcc/arm-none-eabi/7.3.1/../../../../arm-none-eabi/lib/thumb/v7-m\libc_nano.a(lib_a-exit.o)
                              c:/st/stm32cubeide_1.5.1/stm32cubeide/plugins/com.st.stm32cube.ide.mcu.externaltools.gnu-tools-for-stm32.7-2018-q2-update.win32_1.5.0.202011040924/tools/bin/../lib/gcc/arm-none-eabi/7.3.1/../../../../arm-none-eabi/lib/thumb/v7-m/crt0.o (exit)
c:/st/stm32cubeide_1.5.1/stm32cubeide/plugins/com.st.stm32cube.ide.mcu.externaltools.gnu-tools-for-stm32.7-2018-q2-update.win32_1.5.0.202011040924/tools/bin/../lib/gcc/arm-none-eabi/7.3.1/../../../../arm-none-eabi/lib/thumb/v7-m\libc_nano.a(lib_a-impure.o)
                              c:/st/stm32cubeide_1.5.1/stm32cubeide/plugins/com.st.stm32cube.ide.mcu.externaltools.gnu-tools-for-stm32.7-2018-q2-update.win32_1.5.0.202011040924/tools/bin/../lib/gcc/arm-none-eabi/7.3.1/../../../../arm-none-eabi/lib/thumb/v7-m\libc_nano.a(lib_a-exit.o) (_global_impure_ptr)
c:/st/stm32cubeide_1.5.1/stm32cubeide/plugins/com.st.stm32cube.ide.mcu.externaltools.gnu-tools-for-stm32.7-2018-q2-update.win32_1.5.0.202011040924/tools/bin/../lib/gcc/arm-none-eabi/7.3.1/../../../../arm-none-eabi/lib/thumb/v7-m\libc_nano.a(lib_a-init.o)
                              c:/st/stm32cubeide_1.5.1/stm32cubeide/plugins/com.st.stm32cube.ide.mcu.externaltools.gnu-tools-for-stm32.7-2018-q2-update.win32_1.5.0.202011040924/tools/bin/../lib/gcc/arm-none-eabi/7.3.1/../../../../arm-none-eabi/lib/thumb/v7-m/crt0.o (__libc_init_array)
c:/st/stm32cubeide_1.5.1/stm32cubeide/plugins/com.st.stm32cube.ide.mcu.externaltools.gnu-tools-for-stm32.7-2018-q2-update.win32_1.5.0.202011040924/tools/bin/../lib/gcc/arm-none-eabi/7.3.1/../../../../arm-none-eabi/lib/thumb/v7-m\libc_nano.a(lib_a-memset.o)
                              c:/st/stm32cubeide_1.5.1/stm32cubeide/plugins/com.st.stm32cube.ide.mcu.externaltools.gnu-tools-for-stm32.7-2018-q2-update.win32_1.5.0.202011040924/tools/bin/../lib/gcc/arm-none-eabi/7.3.1/../../../../arm-none-eabi/lib/thumb/v7-m/crt0.o (memset)

Allocating common symbols
Common symbol       size              file

hUsbDeviceFS        0x224             src/lib/cubemx_f103v/USB_DEVICE/App/usb_device.o
uwTick              0x4               src/lib/cubemx_f103v/Drivers/STM32F1xx_HAL_Driver/Src/stm32f1xx_hal.o
pFlash              0x20              src/lib/cubemx_f103v/Drivers/STM32F1xx_HAL_Driver/Src/stm32f1xx_hal_flash.o
hrtc                0x14              src/hw/driver/rtc.o
hpcd_USB_FS         0x460             src/lib/cubemx_f103v/USB_DEVICE/Target/usbd_conf.o
USBD_StrDesc        0x200             src/lib/cubemx_f103v/USB_DEVICE/App/usbd_desc.o

Discarded input sections

 .text          0x0000000000000000        0x0 c:/st/stm32cubeide_1.5.1/stm32cubeide/plugins/com.st.stm32cube.ide.mcu.externaltools.gnu-tools-for-stm32.7-2018-q2-update.win32_1.5.0.202011040924/tools/bin/../lib/gcc/arm-none-eabi/7.3.1/thumb/v7-m/crti.o
 .data          0x0000000000000000        0x0 c:/st/stm32cubeide_1.5.1/stm32cubeide/plugins/com.st.stm32cube.ide.mcu.externaltools.gnu-tools-for-stm32.7-2018-q2-update.win32_1.5.0.202011040924/tools/bin/../lib/gcc/arm-none-eabi/7.3.1/thumb/v7-m/crti.o
 .bss           0x0000000000000000        0x0 c:/st/stm32cubeide_1.5.1/stm32cubeide/plugins/com.st.stm32cube.ide.mcu.externaltools.gnu-tools-for-stm32.7-2018-q2-update.win32_1.5.0.202011040924/tools/bin/../lib/gcc/arm-none-eabi/7.3.1/thumb/v7-m/crti.o
 .data          0x0000000000000000        0x4 c:/st/stm32cubeide_1.5.1/stm32cubeide/plugins/com.st.stm32cube.ide.mcu.externaltools.gnu-tools-for-stm32.7-2018-q2-update.win32_1.5.0.202011040924/tools/bin/../lib/gcc/arm-none-eabi/7.3.1/thumb/v7-m/crtbegin.o
 .text          0x0000000000000000       0x74 c:/st/stm32cubeide_1.5.1/stm32cubeide/plugins/com.st.stm32cube.ide.mcu.externaltools.gnu-tools-for-stm32.7-2018-q2-update.win32_1.5.0.202011040924/tools/bin/../lib/gcc/arm-none-eabi/7.3.1/../../../../arm-none-eabi/lib/thumb/v7-m/crt0.o
 .data          0x0000000000000000        0x0 c:/st/stm32cubeide_1.5.1/stm32cubeide/plugins/com.st.stm32cube.ide.mcu.externaltools.gnu-tools-for-stm32.7-2018-q2-update.win32_1.5.0.202011040924/tools/bin/../lib/gcc/arm-none-eabi/7.3.1/../../../../arm-none-eabi/lib/thumb/v7-m/crt0.o
[...]
Memory Configuration

Name             Origin             Length             Attributes
RAM              0x0000000020000000 0x0000000000010000 xrw
FLASH            0x0000000008000000 0x0000000000005000 xr
*default*        0x0000000000000000 0xffffffffffffffff

Linker script and memory map

LOAD c:/st/stm32cubeide_1.5.1/stm32cubeide/plugins/com.st.stm32cube.ide.mcu.externaltools.gnu-tools-for-stm32.7-2018-q2-update.win32_1.5.0.202011040924/tools/bin/../lib/gcc/arm-none-eabi/7.3.1/thumb/v7-m/crti.o
LOAD c:/st/stm32cubeide_1.5.1/stm32cubeide/plugins/com.st.stm32cube.ide.mcu.externaltools.gnu-tools-for-stm32.7-2018-q2-update.win32_1.5.0.202011040924/tools/bin/../lib/gcc/arm-none-eabi/7.3.1/thumb/v7-m/crtbegin.o
LOAD c:/st/stm32cubeide_1.5.1/stm32cubeide/plugins/com.st.stm32cube.ide.mcu.externaltools.gnu-tools-for-stm32.7-2018-q2-update.win32_1.5.0.202011040924/tools/bin/../lib/gcc/arm-none-eabi/7.3.1/../../../../arm-none-eabi/lib/thumb/v7-m/crt0.o
LOAD src/ap/ap.o
LOAD src/bsp/bsp.o
LOAD src/bsp/stm32f1xx_hal_msp.o
LOAD src/bsp/stm32f1xx_it.o
LOAD src/bsp/syscalls.o
LOAD src/bsp/sysmem.o
LOAD src/bsp/system_stm32f1xx.o
LOAD src/bsp/startup/startup_stm32f103vetx.o
LOAD src/common/core/qbuffer.o
LOAD src/hw/driver/cdc.o
LOAD src/hw/driver/flash.o
LOAD src/hw/driver/led.o
LOAD src/hw/driver/reset.o
LOAD src/hw/driver/rtc.o
LOAD src/hw/driver/uart.o
LOAD src/hw/driver/usb.o
LOAD src/hw/hw.o
LOAD src/lib/cubemx_f103v/Drivers/STM32F1xx_HAL_Driver/Src/stm32f1xx_hal.o
LOAD src/lib/cubemx_f103v/Drivers/STM32F1xx_HAL_Driver/Src/stm32f1xx_hal_cortex.o
LOAD src/lib/cubemx_f103v/Drivers/STM32F1xx_HAL_Driver/Src/stm32f1xx_hal_dma.o
LOAD src/lib/cubemx_f103v/Drivers/STM32F1xx_HAL_Driver/Src/stm32f1xx_hal_flash.o
LOAD src/lib/cubemx_f103v/Drivers/STM32F1xx_HAL_Driver/Src/stm32f1xx_hal_flash_ex.o
LOAD src/lib/cubemx_f103v/Drivers/STM32F1xx_HAL_Driver/Src/stm32f1xx_hal_gpio.o
LOAD src/lib/cubemx_f103v/Drivers/STM32F1xx_HAL_Driver/Src/stm32f1xx_hal_gpio_ex.o
LOAD src/lib/cubemx_f103v/Drivers/STM32F1xx_HAL_Driver/Src/stm32f1xx_hal_pcd.o
LOAD src/lib/cubemx_f103v/Drivers/STM32F1xx_HAL_Driver/Src/stm32f1xx_hal_pcd_ex.o
LOAD src/lib/cubemx_f103v/Drivers/STM32F1xx_HAL_Driver/Src/stm32f1xx_hal_pwr.o
LOAD src/lib/cubemx_f103v/Drivers/STM32F1xx_HAL_Driver/Src/stm32f1xx_hal_rcc.o
LOAD src/lib/cubemx_f103v/Drivers/STM32F1xx_HAL_Driver/Src/stm32f1xx_hal_rcc_ex.o
LOAD src/lib/cubemx_f103v/Drivers/STM32F1xx_HAL_Driver/Src/stm32f1xx_hal_rtc.o
LOAD src/lib/cubemx_f103v/Drivers/STM32F1xx_HAL_Driver/Src/stm32f1xx_hal_rtc_ex.o
LOAD src/lib/cubemx_f103v/Drivers/STM32F1xx_HAL_Driver/Src/stm32f1xx_hal_tim.o
LOAD src/lib/cubemx_f103v/Drivers/STM32F1xx_HAL_Driver/Src/stm32f1xx_hal_tim_ex.o
LOAD src/lib/cubemx_f103v/Drivers/STM32F1xx_HAL_Driver/Src/stm32f1xx_ll_usb.o
LOAD src/lib/cubemx_f103v/Middlewares/ST/STM32_USB_Device_Library/Class/DFU/Src/usbd_dfu.o
LOAD src/lib/cubemx_f103v/Middlewares/ST/STM32_USB_Device_Library/Core/Src/usbd_core.o
LOAD src/lib/cubemx_f103v/Middlewares/ST/STM32_USB_Device_Library/Core/Src/usbd_ctlreq.o
LOAD src/lib/cubemx_f103v/Middlewares/ST/STM32_USB_Device_Library/Core/Src/usbd_ioreq.o
LOAD src/lib/cubemx_f103v/USB_DEVICE/App/usb_device.o
LOAD src/lib/cubemx_f103v/USB_DEVICE/App/usbd_desc.o
LOAD src/lib/cubemx_f103v/USB_DEVICE/App/usbd_dfu_if.o
LOAD src/lib/cubemx_f103v/USB_DEVICE/Target/usbd_conf.o
LOAD src/main.o
START GROUP
LOAD c:/st/stm32cubeide_1.5.1/stm32cubeide/plugins/com.st.stm32cube.ide.mcu.externaltools.gnu-tools-for-stm32.7-2018-q2-update.win32_1.5.0.202011040924/tools/bin/../lib/gcc/arm-none-eabi/7.3.1/../../../../arm-none-eabi/lib/thumb/v7-m\libc_nano.a
LOAD c:/st/stm32cubeide_1.5.1/stm32cubeide/plugins/com.st.stm32cube.ide.mcu.externaltools.gnu-tools-for-stm32.7-2018-q2-update.win32_1.5.0.202011040924/tools/bin/../lib/gcc/arm-none-eabi/7.3.1/../../../../arm-none-eabi/lib/thumb/v7-m\libm.a
END GROUP
START GROUP
LOAD c:/st/stm32cubeide_1.5.1/stm32cubeide/plugins/com.st.stm32cube.ide.mcu.externaltools.gnu-tools-for-stm32.7-2018-q2-update.win32_1.5.0.202011040924/tools/bin/../lib/gcc/arm-none-eabi/7.3.1/thumb/v7-m\libgcc.a
LOAD c:/st/stm32cubeide_1.5.1/stm32cubeide/plugins/com.st.stm32cube.ide.mcu.externaltools.gnu-tools-for-stm32.7-2018-q2-update.win32_1.5.0.202011040924/tools/bin/../lib/gcc/arm-none-eabi/7.3.1/../../../../arm-none-eabi/lib/thumb/v7-m\libc_nano.a
END GROUP
START GROUP
LOAD c:/st/stm32cubeide_1.5.1/stm32cubeide/plugins/com.st.stm32cube.ide.mcu.externaltools.gnu-tools-for-stm32.7-2018-q2-update.win32_1.5.0.202011040924/tools/bin/../lib/gcc/arm-none-eabi/7.3.1/thumb/v7-m\libgcc.a
LOAD c:/st/stm32cubeide_1.5.1/stm32cubeide/plugins/com.st.stm32cube.ide.mcu.externaltools.gnu-tools-for-stm32.7-2018-q2-update.win32_1.5.0.202011040924/tools/bin/../lib/gcc/arm-none-eabi/7.3.1/../../../../arm-none-eabi/lib/thumb/v7-m\libc_nano.a
LOAD c:/st/stm32cubeide_1.5.1/stm32cubeide/plugins/com.st.stm32cube.ide.mcu.externaltools.gnu-tools-for-stm32.7-2018-q2-update.win32_1.5.0.202011040924/tools/bin/../lib/gcc/arm-none-eabi/7.3.1/../../../../arm-none-eabi/lib/thumb/v7-m\libnosys.a
END GROUP
START GROUP
LOAD c:/st/stm32cubeide_1.5.1/stm32cubeide/plugins/com.st.stm32cube.ide.mcu.externaltools.gnu-tools-for-stm32.7-2018-q2-update.win32_1.5.0.202011040924/tools/bin/../lib/gcc/arm-none-eabi/7.3.1/thumb/v7-m\libgcc.a
LOAD c:/st/stm32cubeide_1.5.1/stm32cubeide/plugins/com.st.stm32cube.ide.mcu.externaltools.gnu-tools-for-stm32.7-2018-q2-update.win32_1.5.0.202011040924/tools/bin/../lib/gcc/arm-none-eabi/7.3.1/../../../../arm-none-eabi/lib/thumb/v7-m\libc_nano.a
LOAD c:/st/stm32cubeide_1.5.1/stm32cubeide/plugins/com.st.stm32cube.ide.mcu.externaltools.gnu-tools-for-stm32.7-2018-q2-update.win32_1.5.0.202011040924/tools/bin/../lib/gcc/arm-none-eabi/7.3.1/../../../../arm-none-eabi/lib/thumb/v7-m\libnosys.a
END GROUP
LOAD c:/st/stm32cubeide_1.5.1/stm32cubeide/plugins/com.st.stm32cube.ide.mcu.externaltools.gnu-tools-for-stm32.7-2018-q2-update.win32_1.5.0.202011040924/tools/bin/../lib/gcc/arm-none-eabi/7.3.1/thumb/v7-m/crtend.o
LOAD c:/st/stm32cubeide_1.5.1/stm32cubeide/plugins/com.st.stm32cube.ide.mcu.externaltools.gnu-tools-for-stm32.7-2018-q2-update.win32_1.5.0.202011040924/tools/bin/../lib/gcc/arm-none-eabi/7.3.1/thumb/v7-m/crtn.o
                0x0000000020010000                _estack = (ORIGIN (RAM) + LENGTH (RAM))
                0x0000000000000200                _Min_Heap_Size = 0x200
                0x0000000000000400                _Min_Stack_Size = 0x400

.isr_vector     0x0000000008000000      0x1e4
                0x0000000008000000                . = ALIGN (0x4)
 *(.isr_vector)
 .isr_vector    0x0000000008000000      0x1e4 src/bsp/startup/startup_stm32f103vetx.o
                0x0000000008000000                g_pfnVectors
                0x00000000080001e4                . = ALIGN (0x4)

.text           0x00000000080001e4     0x3af8
                0x00000000080001e4                . = ALIGN (0x4)
 *(.text)
 .text          0x00000000080001e4       0x40 c:/st/stm32cubeide_1.5.1/stm32cubeide/plugins/com.st.stm32cube.ide.mcu.externaltools.gnu-tools-for-stm32.7-2018-q2-update.win32_1.5.0.202011040924/tools/bin/../lib/gcc/arm-none-eabi/7.3.1/thumb/v7-m/crtbegin.o
 *(.text*)
 .text.apInit   0x0000000008000224        0x2 src/ap/ap.o
                0x0000000008000224                apInit
 .text.apMain   0x0000000008000226       0x20 src/ap/ap.o
                0x0000000008000226                apMain
 *fill*         0x0000000008000246        0x2 
 .text.MX_GPIO_Init
                0x0000000008000248       0x8c src/bsp/bsp.o
 .text.delay    0x00000000080002d4        0x8 src/bsp/bsp.o
                0x00000000080002d4                delay
 .text.millis   0x00000000080002dc        0x8 src/bsp/bsp.o
                0x00000000080002dc                millis
 .text.SystemClock_Config
                0x00000000080002e4       0x72 src/bsp/bsp.o
                0x00000000080002e4                SystemClock_Config
 *fill*         0x0000000008000356        0x2 
 .text.bspInit  0x0000000008000358       0x68 src/bsp/bsp.o
                0x0000000008000358                bspInit
 .text.Error_Handler
                0x00000000080003c0        0x2 src/bsp/bsp.o
                0x00000000080003c0                Error_Handler
 *fill*         0x00000000080003c2        0x2 
 .text.HAL_MspInit
                0x00000000080003c4       0x44 src/bsp/stm32f1xx_hal_msp.o
                0x00000000080003c4                HAL_MspInit
 .text.NMI_Handler
                0x0000000008000408        0x2 src/bsp/stm32f1xx_it.o
                0x0000000008000408                NMI_Handler
 .text.HardFault_Handler
                0x000000000800040a        0x2 src/bsp/stm32f1xx_it.o
                0x000000000800040a                HardFault_Handler
 .text.MemManage_Handler
                0x000000000800040c        0x2 src/bsp/stm32f1xx_it.o
                0x000000000800040c                MemManage_Handler
 .text.BusFault_Handler
                0x000000000800040e        0x2 src/bsp/stm32f1xx_it.o
                0x000000000800040e                BusFault_Handler
 .text.UsageFault_Handler
                0x0000000008000410        0x2 src/bsp/stm32f1xx_it.o
                0x0000000008000410                UsageFault_Handler
 .text.SVC_Handler
                0x0000000008000412        0x2 src/bsp/stm32f1xx_it.o
                0x0000000008000412                SVC_Handler
 .text.DebugMon_Handler
                0x0000000008000414        0x2 src/bsp/stm32f1xx_it.o
                0x0000000008000414                DebugMon_Handler
 .text.PendSV_Handler
                0x0000000008000416        0x2 src/bsp/stm32f1xx_it.o
                0x0000000008000416                PendSV_Handler
 .text.SysTick_Handler
                0x0000000008000418        0x8 src/bsp/stm32f1xx_it.o
                0x0000000008000418                SysTick_Handler
 .text.USB_LP_CAN1_RX0_IRQHandler
                0x0000000008000420       0x10 src/bsp/stm32f1xx_it.o
                0x0000000008000420                USB_LP_CAN1_RX0_IRQHandler
 .text.SystemInit
                0x0000000008000430       0x4c src/bsp/system_stm32f1xx.o
                0x0000000008000430                SystemInit
 .text.Reset_Handler
                0x000000000800047c       0x48 src/bsp/startup/startup_stm32f103vetx.o
                0x000000000800047c                Reset_Handler
 .text.Default_Handler
                0x00000000080004c4        0x2 src/bsp/startup/startup_stm32f103vetx.o
                0x00000000080004c4                RTC_Alarm_IRQHandler
                0x00000000080004c4                EXTI2_IRQHandler
                0x00000000080004c4                TIM8_TRG_COM_IRQHandler
                0x00000000080004c4                TIM8_CC_IRQHandler
                0x00000000080004c4                TIM1_CC_IRQHandler
                0x00000000080004c4                TIM6_IRQHandler
                0x00000000080004c4                PVD_IRQHandler
                0x00000000080004c4                SDIO_IRQHandler
                0x00000000080004c4                EXTI3_IRQHandler
                0x00000000080004c4                EXTI0_IRQHandler
                0x00000000080004c4                I2C2_EV_IRQHandler
                0x00000000080004c4                ADC1_2_IRQHandler
                0x00000000080004c4                SPI1_IRQHandler
                0x00000000080004c4                TAMPER_IRQHandler
                0x00000000080004c4                TIM8_UP_IRQHandler
                0x00000000080004c4                DMA2_Channel2_IRQHandler
                0x00000000080004c4                DMA1_Channel4_IRQHandler
                0x00000000080004c4                USART3_IRQHandler
                0x00000000080004c4                RTC_IRQHandler
                0x00000000080004c4                DMA1_Channel7_IRQHandler
                0x00000000080004c4                CAN1_RX1_IRQHandler
                0x00000000080004c4                UART5_IRQHandler
                0x00000000080004c4                ADC3_IRQHandler
                0x00000000080004c4                TIM4_IRQHandler
                0x00000000080004c4                DMA2_Channel1_IRQHandler
                0x00000000080004c4                I2C1_EV_IRQHandler
                0x00000000080004c4                DMA1_Channel6_IRQHandler
                0x00000000080004c4                UART4_IRQHandler
                0x00000000080004c4                TIM3_IRQHandler
                0x00000000080004c4                RCC_IRQHandler
                0x00000000080004c4                TIM1_TRG_COM_IRQHandler
                0x00000000080004c4                DMA1_Channel1_IRQHandler
                0x00000000080004c4                Default_Handler
                0x00000000080004c4                EXTI15_10_IRQHandler
                0x00000000080004c4                TIM7_IRQHandler
                0x00000000080004c4                TIM5_IRQHandler
                0x00000000080004c4                EXTI9_5_IRQHandler
                0x00000000080004c4                SPI2_IRQHandler
                0x00000000080004c4                DMA1_Channel5_IRQHandler
                0x00000000080004c4                EXTI4_IRQHandler
                0x00000000080004c4                USB_HP_CAN1_TX_IRQHandler
                0x00000000080004c4                DMA1_Channel3_IRQHandler
                0x00000000080004c4                FSMC_IRQHandler
                0x00000000080004c4                TIM1_UP_IRQHandler
                0x00000000080004c4                WWDG_IRQHandler
                0x00000000080004c4                TIM2_IRQHandler
                0x00000000080004c4                TIM1_BRK_IRQHandler
                0x00000000080004c4                EXTI1_IRQHandler
                0x00000000080004c4                DMA2_Channel4_5_IRQHandler
                0x00000000080004c4                USART2_IRQHandler
                0x00000000080004c4                I2C2_ER_IRQHandler
                0x00000000080004c4                DMA1_Channel2_IRQHandler
                0x00000000080004c4                TIM8_BRK_IRQHandler
                0x00000000080004c4                CAN1_SCE_IRQHandler
                0x00000000080004c4                FLASH_IRQHandler
                0x00000000080004c4                USART1_IRQHandler
                0x00000000080004c4                SPI3_IRQHandler
                0x00000000080004c4                I2C1_ER_IRQHandler
                0x00000000080004c4                USBWakeUp_IRQHandler
                0x00000000080004c4                DMA2_Channel3_IRQHandler
 *fill*         0x00000000080004c6        0x2 
 .text.flashInSector
                0x00000000080004c8       0x50 src/hw/driver/flash.o
 .text.flashInit
                0x0000000008000518       0x28 src/hw/driver/flash.o
                0x0000000008000518                flashInit
 .text.flashErase
                0x0000000008000540       0x74 src/hw/driver/flash.o
                0x0000000008000540                flashErase
 .text.flashWrite
                0x00000000080005b4       0x46 src/hw/driver/flash.o
                0x00000000080005b4                flashWrite
 *fill*         0x00000000080005fa        0x2 
 .text.ledOff   0x00000000080005fc       0x20 src/hw/driver/led.o
                0x00000000080005fc                ledOff
 .text.ledInit  0x000000000800061c       0x6c src/hw/driver/led.o
                0x000000000800061c                ledInit
 .text.ledToggle
                0x0000000008000688       0x20 src/hw/driver/led.o
                0x0000000008000688                ledToggle
 .text.resetInit
                0x00000000080006a8       0x94 src/hw/driver/reset.o
                0x00000000080006a8                resetInit
 .text.rtcInit  0x000000000800073c       0x4c src/hw/driver/rtc.o
                0x000000000800073c                rtcInit
 .text.rtcBackupRegRead
                0x0000000008000788       0x10 src/hw/driver/rtc.o
                0x0000000008000788                rtcBackupRegRead
 .text.rtcBackupRegWrite
                0x0000000008000798       0x14 src/hw/driver/rtc.o
                0x0000000008000798                rtcBackupRegWrite
 .text.HAL_RTC_MspInit
                0x00000000080007ac       0x40 src/hw/driver/rtc.o
                0x00000000080007ac                HAL_RTC_MspInit
 .text.usbInit  0x00000000080007ec       0x3c src/hw/driver/usb.o
                0x00000000080007ec                usbInit
 .text.hwInit   0x0000000008000828       0x1c src/hw/hw.o
                0x0000000008000828                hwInit
 .text.HAL_MspDeInit
                0x0000000008000844        0x2 src/lib/cubemx_f103v/Drivers/STM32F1xx_HAL_Driver/Src/stm32f1xx_hal.o
                0x0000000008000844                HAL_MspDeInit
 *fill*         0x0000000008000846        0x2 
 .text.HAL_DeInit
                0x0000000008000848       0x20 src/lib/cubemx_f103v/Drivers/STM32F1xx_HAL_Driver/Src/stm32f1xx_hal.o
                0x0000000008000848                HAL_DeInit
 .text.HAL_InitTick
                0x0000000008000868       0x4c src/lib/cubemx_f103v/Drivers/STM32F1xx_HAL_Driver/Src/stm32f1xx_hal.o
                0x0000000008000868                HAL_InitTick
 .text.HAL_Init
                0x00000000080008b4       0x24 src/lib/cubemx_f103v/Drivers/STM32F1xx_HAL_Driver/Src/stm32f1xx_hal.o
                0x00000000080008b4                HAL_Init
 .text.HAL_IncTick
                0x00000000080008d8       0x18 src/lib/cubemx_f103v/Drivers/STM32F1xx_HAL_Driver/Src/stm32f1xx_hal.o
                0x00000000080008d8                HAL_IncTick
 .text.HAL_GetTick
                0x00000000080008f0        0xc src/lib/cubemx_f103v/Drivers/STM32F1xx_HAL_Driver/Src/stm32f1xx_hal.o
                0x00000000080008f0                HAL_GetTick
 .text.HAL_Delay
                0x00000000080008fc       0x28 src/lib/cubemx_f103v/Drivers/STM32F1xx_HAL_Driver/Src/stm32f1xx_hal.o
                0x00000000080008fc                HAL_Delay
 .text.HAL_NVIC_SetPriorityGrouping
                0x0000000008000924       0x24 src/lib/cubemx_f103v/Drivers/STM32F1xx_HAL_Driver/Src/stm32f1xx_hal_cortex.o
                0x0000000008000924                HAL_NVIC_SetPriorityGrouping
 .text.HAL_NVIC_SetPriority
                0x0000000008000948       0x68 src/lib/cubemx_f103v/Drivers/STM32F1xx_HAL_Driver/Src/stm32f1xx_hal_cortex.o
                0x0000000008000948                HAL_NVIC_SetPriority
 .text.HAL_NVIC_EnableIRQ
                0x00000000080009b0       0x18 src/lib/cubemx_f103v/Drivers/STM32F1xx_HAL_Driver/Src/stm32f1xx_hal_cortex.o
                0x00000000080009b0                HAL_NVIC_EnableIRQ
 .text.HAL_SYSTICK_Config
                0x00000000080009c8       0x2c src/lib/cubemx_f103v/Drivers/STM32F1xx_HAL_Driver/Src/stm32f1xx_hal_cortex.o
                0x00000000080009c8                HAL_SYSTICK_Config
 .text.FLASH_Program_HalfWord
                0x00000000080009f4       0x1c src/lib/cubemx_f103v/Drivers/STM32F1xx_HAL_Driver/Src/stm32f1xx_hal_flash.o
 .text.FLASH_SetErrorCode
                0x0000000008000a10       0x74 src/lib/cubemx_f103v/Drivers/STM32F1xx_HAL_Driver/Src/stm32f1xx_hal_flash.o
 .text.HAL_FLASH_Unlock
                0x0000000008000a84       0x34 src/lib/cubemx_f103v/Drivers/STM32F1xx_HAL_Driver/Src/stm32f1xx_hal_flash.o
                0x0000000008000a84                HAL_FLASH_Unlock
 .text.HAL_FLASH_Lock
                0x0000000008000ab8       0x14 src/lib/cubemx_f103v/Drivers/STM32F1xx_HAL_Driver/Src/stm32f1xx_hal_flash.o
                0x0000000008000ab8                HAL_FLASH_Lock
 .text.FLASH_WaitForLastOperation
                0x0000000008000acc       0x6c src/lib/cubemx_f103v/Drivers/STM32F1xx_HAL_Driver/Src/stm32f1xx_hal_flash.o
                0x0000000008000acc                FLASH_WaitForLastOperation
 .text.HAL_FLASH_Program
                0x0000000008000b38       0x9c src/lib/cubemx_f103v/Drivers/STM32F1xx_HAL_Driver/Src/stm32f1xx_hal_flash.o
                0x0000000008000b38                HAL_FLASH_Program
 .text.FLASH_MassErase
                0x0000000008000bd4       0x24 src/lib/cubemx_f103v/Drivers/STM32F1xx_HAL_Driver/Src/stm32f1xx_hal_flash_ex.o
 .text.FLASH_PageErase
                0x0000000008000bf8       0x24 src/lib/cubemx_f103v/Drivers/STM32F1xx_HAL_Driver/Src/stm32f1xx_hal_flash_ex.o
                0x0000000008000bf8                FLASH_PageErase
 .text.HAL_FLASHEx_Erase
                0x0000000008000c1c       0xa4 src/lib/cubemx_f103v/Drivers/STM32F1xx_HAL_Driver/Src/stm32f1xx_hal_flash_ex.o
                0x0000000008000c1c                HAL_FLASHEx_Erase
 .text.HAL_GPIO_Init
                0x0000000008000cc0      0x1f0 src/lib/cubemx_f103v/Drivers/STM32F1xx_HAL_Driver/Src/stm32f1xx_hal_gpio.o
                0x0000000008000cc0                HAL_GPIO_Init
 .text.HAL_GPIO_WritePin
                0x0000000008000eb0        0xc src/lib/cubemx_f103v/Drivers/STM32F1xx_HAL_Driver/Src/stm32f1xx_hal_gpio.o
                0x0000000008000eb0                HAL_GPIO_WritePin
 .text.HAL_GPIO_TogglePin
                0x0000000008000ebc        0x8 src/lib/cubemx_f103v/Drivers/STM32F1xx_HAL_Driver/Src/stm32f1xx_hal_gpio.o
                0x0000000008000ebc                HAL_GPIO_TogglePin
 .text.HAL_PCD_Init
                0x0000000008000ec4       0xd6 src/lib/cubemx_f103v/Drivers/STM32F1xx_HAL_Driver/Src/stm32f1xx_hal_pcd.o
                0x0000000008000ec4                HAL_PCD_Init
 .text.HAL_PCD_Start
                0x0000000008000f9a       0x2e src/lib/cubemx_f103v/Drivers/STM32F1xx_HAL_Driver/Src/stm32f1xx_hal_pcd.o
                0x0000000008000f9a                HAL_PCD_Start
 .text.HAL_PCD_Stop
                0x0000000008000fc8       0x30 src/lib/cubemx_f103v/Drivers/STM32F1xx_HAL_Driver/Src/stm32f1xx_hal_pcd.o
                0x0000000008000fc8                HAL_PCD_Stop
 .text.HAL_PCD_SetAddress
                0x0000000008000ff8       0x28 src/lib/cubemx_f103v/Drivers/STM32F1xx_HAL_Driver/Src/stm32f1xx_hal_pcd.o
                0x0000000008000ff8                HAL_PCD_SetAddress
 .text.HAL_PCD_EP_Open
                0x0000000008001020       0x52 src/lib/cubemx_f103v/Drivers/STM32F1xx_HAL_Driver/Src/stm32f1xx_hal_pcd.o
                0x0000000008001020                HAL_PCD_EP_Open
 .text.HAL_PCD_EP_Receive
                0x0000000008001072       0x3e src/lib/cubemx_f103v/Drivers/STM32F1xx_HAL_Driver/Src/stm32f1xx_hal_pcd.o
                0x0000000008001072                HAL_PCD_EP_Receive
 .text.HAL_PCD_EP_Transmit
                0x00000000080010b0       0x3c src/lib/cubemx_f103v/Drivers/STM32F1xx_HAL_Driver/Src/stm32f1xx_hal_pcd.o
                0x00000000080010b0                HAL_PCD_EP_Transmit
 .text.PCD_EP_ISR_Handler
                0x00000000080010ec      0x444 src/lib/cubemx_f103v/Drivers/STM32F1xx_HAL_Driver/Src/stm32f1xx_hal_pcd.o
 .text.HAL_PCD_IRQHandler
                0x0000000008001530      0x160 src/lib/cubemx_f103v/Drivers/STM32F1xx_HAL_Driver/Src/stm32f1xx_hal_pcd.o
                0x0000000008001530                HAL_PCD_IRQHandler
 .text.HAL_PCD_EP_SetStall
                0x0000000008001690       0x5c src/lib/cubemx_f103v/Drivers/STM32F1xx_HAL_Driver/Src/stm32f1xx_hal_pcd.o
                0x0000000008001690                HAL_PCD_EP_SetStall
 .text.HAL_PCD_EP_ClrStall
                0x00000000080016ec       0x4e src/lib/cubemx_f103v/Drivers/STM32F1xx_HAL_Driver/Src/stm32f1xx_hal_pcd.o
                0x00000000080016ec                HAL_PCD_EP_ClrStall
 .text.HAL_PCDEx_PMAConfig
                0x000000000800173a       0x30 src/lib/cubemx_f103v/Drivers/STM32F1xx_HAL_Driver/Src/stm32f1xx_hal_pcd_ex.o
                0x000000000800173a                HAL_PCDEx_PMAConfig
 *fill*         0x000000000800176a        0x2 
 .text.HAL_PWR_EnableBkUpAccess
                0x000000000800176c        0xc src/lib/cubemx_f103v/Drivers/STM32F1xx_HAL_Driver/Src/stm32f1xx_hal_pwr.o
                0x000000000800176c                HAL_PWR_EnableBkUpAccess
 .text.RCC_Delay
                0x0000000008001778       0x2c src/lib/cubemx_f103v/Drivers/STM32F1xx_HAL_Driver/Src/stm32f1xx_hal_rcc.o
 .text.HAL_RCC_DeInit
                0x00000000080017a4       0xec src/lib/cubemx_f103v/Drivers/STM32F1xx_HAL_Driver/Src/stm32f1xx_hal_rcc.o
                0x00000000080017a4                HAL_RCC_DeInit
 .text.HAL_RCC_OscConfig
                0x0000000008001890      0x3dc src/lib/cubemx_f103v/Drivers/STM32F1xx_HAL_Driver/Src/stm32f1xx_hal_rcc.o
                0x0000000008001890                HAL_RCC_OscConfig
 .text.HAL_RCC_GetSysClockFreq
                0x0000000008001c6c       0x70 src/lib/cubemx_f103v/Drivers/STM32F1xx_HAL_Driver/Src/stm32f1xx_hal_rcc.o
                0x0000000008001c6c                HAL_RCC_GetSysClockFreq
 .text.HAL_RCC_ClockConfig
                0x0000000008001cdc      0x19c src/lib/cubemx_f103v/Drivers/STM32F1xx_HAL_Driver/Src/stm32f1xx_hal_rcc.o
                0x0000000008001cdc                HAL_RCC_ClockConfig
 .text.HAL_RCC_GetHCLKFreq
                0x0000000008001e78        0xc src/lib/cubemx_f103v/Drivers/STM32F1xx_HAL_Driver/Src/stm32f1xx_hal_rcc.o
                0x0000000008001e78                HAL_RCC_GetHCLKFreq
 .text.HAL_RCC_GetPCLK2Freq
                0x0000000008001e84       0x20 src/lib/cubemx_f103v/Drivers/STM32F1xx_HAL_Driver/Src/stm32f1xx_hal_rcc.o
                0x0000000008001e84                HAL_RCC_GetPCLK2Freq
 .text.HAL_RCCEx_PeriphCLKConfig
                0x0000000008001ea4      0x114 src/lib/cubemx_f103v/Drivers/STM32F1xx_HAL_Driver/Src/stm32f1xx_hal_rcc_ex.o
                0x0000000008001ea4                HAL_RCCEx_PeriphCLKConfig
 .text.HAL_RCCEx_GetPeriphCLKFreq
                0x0000000008001fb8      0x118 src/lib/cubemx_f103v/Drivers/STM32F1xx_HAL_Driver/Src/stm32f1xx_hal_rcc_ex.o
                0x0000000008001fb8                HAL_RCCEx_GetPeriphCLKFreq
 .text.RTC_EnterInitMode
                0x00000000080020d0       0x30 src/lib/cubemx_f103v/Drivers/STM32F1xx_HAL_Driver/Src/stm32f1xx_hal_rtc.o
 .text.RTC_ExitInitMode
                0x0000000008002100       0x32 src/lib/cubemx_f103v/Drivers/STM32F1xx_HAL_Driver/Src/stm32f1xx_hal_rtc.o
 .text.HAL_RTC_WaitForSynchro
                0x0000000008002132       0x38 src/lib/cubemx_f103v/Drivers/STM32F1xx_HAL_Driver/Src/stm32f1xx_hal_rtc.o
                0x0000000008002132                HAL_RTC_WaitForSynchro
 *fill*         0x000000000800216a        0x2 
 .text.HAL_RTC_Init
                0x000000000800216c       0xc4 src/lib/cubemx_f103v/Drivers/STM32F1xx_HAL_Driver/Src/stm32f1xx_hal_rtc.o
                0x000000000800216c                HAL_RTC_Init
 .text.HAL_RTCEx_BKUPWrite
                0x0000000008002230       0x10 src/lib/cubemx_f103v/Drivers/STM32F1xx_HAL_Driver/Src/stm32f1xx_hal_rtc_ex.o
                0x0000000008002230                HAL_RTCEx_BKUPWrite
 .text.HAL_RTCEx_BKUPRead
                0x0000000008002240       0x10 src/lib/cubemx_f103v/Drivers/STM32F1xx_HAL_Driver/Src/stm32f1xx_hal_rtc_ex.o
                0x0000000008002240                HAL_RTCEx_BKUPRead
 .text.USB_CoreInit
                0x0000000008002250        0xe src/lib/cubemx_f103v/Drivers/STM32F1xx_HAL_Driver/Src/stm32f1xx_ll_usb.o
                0x0000000008002250                USB_CoreInit
 .text.USB_EnableGlobalInt
                0x000000000800225e       0x10 src/lib/cubemx_f103v/Drivers/STM32F1xx_HAL_Driver/Src/stm32f1xx_ll_usb.o
                0x000000000800225e                USB_EnableGlobalInt
 .text.USB_DisableGlobalInt
                0x000000000800226e       0x14 src/lib/cubemx_f103v/Drivers/STM32F1xx_HAL_Driver/Src/stm32f1xx_ll_usb.o
                0x000000000800226e                USB_DisableGlobalInt
 .text.USB_SetCurrentMode
                0x0000000008002282        0x4 src/lib/cubemx_f103v/Drivers/STM32F1xx_HAL_Driver/Src/stm32f1xx_ll_usb.o
                0x0000000008002282                USB_SetCurrentMode
 .text.USB_DevInit
                0x0000000008002286       0x2c src/lib/cubemx_f103v/Drivers/STM32F1xx_HAL_Driver/Src/stm32f1xx_ll_usb.o
                0x0000000008002286                USB_DevInit
 .text.USB_ActivateEndpoint
                0x00000000080022b2      0x328 src/lib/cubemx_f103v/Drivers/STM32F1xx_HAL_Driver/Src/stm32f1xx_ll_usb.o
                0x00000000080022b2                USB_ActivateEndpoint
 .text.USB_EPSetStall
                0x00000000080025da       0x6e src/lib/cubemx_f103v/Drivers/STM32F1xx_HAL_Driver/Src/stm32f1xx_ll_usb.o
                0x00000000080025da                USB_EPSetStall
 .text.USB_EPClearStall
                0x0000000008002648       0x92 src/lib/cubemx_f103v/Drivers/STM32F1xx_HAL_Driver/Src/stm32f1xx_ll_usb.o
                0x0000000008002648                USB_EPClearStall
 .text.USB_StopDevice
                0x00000000080026da       0x16 src/lib/cubemx_f103v/Drivers/STM32F1xx_HAL_Driver/Src/stm32f1xx_ll_usb.o
                0x00000000080026da                USB_StopDevice
 .text.USB_SetDevAddress
                0x00000000080026f0        0xc src/lib/cubemx_f103v/Drivers/STM32F1xx_HAL_Driver/Src/stm32f1xx_ll_usb.o
                0x00000000080026f0                USB_SetDevAddress
 .text.USB_DevConnect
                0x00000000080026fc        0x4 src/lib/cubemx_f103v/Drivers/STM32F1xx_HAL_Driver/Src/stm32f1xx_ll_usb.o
                0x00000000080026fc                USB_DevConnect
 .text.USB_DevDisconnect
                0x0000000008002700        0x4 src/lib/cubemx_f103v/Drivers/STM32F1xx_HAL_Driver/Src/stm32f1xx_ll_usb.o
                0x0000000008002700                USB_DevDisconnect
 .text.USB_ReadInterrupts
                0x0000000008002704        0x6 src/lib/cubemx_f103v/Drivers/STM32F1xx_HAL_Driver/Src/stm32f1xx_ll_usb.o
                0x0000000008002704                USB_ReadInterrupts
 .text.USB_EP0_OutStart
                0x000000000800270a        0x4 src/lib/cubemx_f103v/Drivers/STM32F1xx_HAL_Driver/Src/stm32f1xx_ll_usb.o
                0x000000000800270a                USB_EP0_OutStart
 .text.USB_WritePMA
                0x000000000800270e       0x2a src/lib/cubemx_f103v/Drivers/STM32F1xx_HAL_Driver/Src/stm32f1xx_ll_usb.o
                0x000000000800270e                USB_WritePMA
 .text.USB_EPStartXfer
                0x0000000008002738      0x2ba src/lib/cubemx_f103v/Drivers/STM32F1xx_HAL_Driver/Src/stm32f1xx_ll_usb.o
                0x0000000008002738                USB_EPStartXfer
 .text.USB_ReadPMA
                0x00000000080029f2       0x1e src/lib/cubemx_f103v/Drivers/STM32F1xx_HAL_Driver/Src/stm32f1xx_ll_usb.o
                0x00000000080029f2                USB_ReadPMA
 .text.USBD_DFU_GetCfgDesc
                0x0000000008002a10        0xc src/lib/cubemx_f103v/Middlewares/ST/STM32_USB_Device_Library/Class/DFU/Src/usbd_dfu.o
 .text.USBD_DFU_DataIn
                0x0000000008002a1c        0x4 src/lib/cubemx_f103v/Middlewares/ST/STM32_USB_Device_Library/Class/DFU/Src/usbd_dfu.o
 .text.USBD_DFU_EP0_RxReady
                0x0000000008002a20        0x4 src/lib/cubemx_f103v/Middlewares/ST/STM32_USB_Device_Library/Class/DFU/Src/usbd_dfu.o
 .text.USBD_DFU_SOF
                0x0000000008002a24        0x4 src/lib/cubemx_f103v/Middlewares/ST/STM32_USB_Device_Library/Class/DFU/Src/usbd_dfu.o
 .text.USBD_DFU_IsoINIncomplete
                0x0000000008002a28        0x4 src/lib/cubemx_f103v/Middlewares/ST/STM32_USB_Device_Library/Class/DFU/Src/usbd_dfu.o
 .text.USBD_DFU_IsoOutIncomplete
                0x0000000008002a2c        0x4 src/lib/cubemx_f103v/Middlewares/ST/STM32_USB_Device_Library/Class/DFU/Src/usbd_dfu.o
 .text.USBD_DFU_DataOut
                0x0000000008002a30        0x4 src/lib/cubemx_f103v/Middlewares/ST/STM32_USB_Device_Library/Class/DFU/Src/usbd_dfu.o
 .text.USBD_DFU_GetDeviceQualifierDesc
                0x0000000008002a34        0xc src/lib/cubemx_f103v/Middlewares/ST/STM32_USB_Device_Library/Class/DFU/Src/usbd_dfu.o
 .text.DFU_ClearStatus
                0x0000000008002a40       0x52 src/lib/cubemx_f103v/Middlewares/ST/STM32_USB_Device_Library/Class/DFU/Src/usbd_dfu.o
 .text.DFU_Abort
                0x0000000008002a92       0x46 src/lib/cubemx_f103v/Middlewares/ST/STM32_USB_Device_Library/Class/DFU/Src/usbd_dfu.o
 .text.USBD_DFU_GetUsrStringDesc
                0x0000000008002ad8       0x20 src/lib/cubemx_f103v/Middlewares/ST/STM32_USB_Device_Library/Class/DFU/Src/usbd_dfu.o
 .text.DFU_Leave
                0x0000000008002af8       0x7c src/lib/cubemx_f103v/Middlewares/ST/STM32_USB_Device_Library/Class/DFU/Src/usbd_dfu.o
 .text.USBD_DFU_EP0_TxReady
                0x0000000008002b74       0xf8 src/lib/cubemx_f103v/Middlewares/ST/STM32_USB_Device_Library/Class/DFU/Src/usbd_dfu.o
 .text.DFU_Upload
                0x0000000008002c6c       0xec src/lib/cubemx_f103v/Middlewares/ST/STM32_USB_Device_Library/Class/DFU/Src/usbd_dfu.o
 .text.DFU_GetStatus
                0x0000000008002d58       0xe0 src/lib/cubemx_f103v/Middlewares/ST/STM32_USB_Device_Library/Class/DFU/Src/usbd_dfu.o
 .text.DFU_GetState
                0x0000000008002e38       0x12 src/lib/cubemx_f103v/Middlewares/ST/STM32_USB_Device_Library/Class/DFU/Src/usbd_dfu.o
 .text.DFU_Download
                0x0000000008002e4a       0x6c src/lib/cubemx_f103v/Middlewares/ST/STM32_USB_Device_Library/Class/DFU/Src/usbd_dfu.o
 *fill*         0x0000000008002eb6        0x2 
 .text.DFU_Detach
                0x0000000008002eb8       0x6c src/lib/cubemx_f103v/Middlewares/ST/STM32_USB_Device_Library/Class/DFU/Src/usbd_dfu.o
 .text.USBD_DFU_Setup
                0x0000000008002f24       0xc4 src/lib/cubemx_f103v/Middlewares/ST/STM32_USB_Device_Library/Class/DFU/Src/usbd_dfu.o
 .text.USBD_DFU_DeInit
                0x0000000008002fe8       0x44 src/lib/cubemx_f103v/Middlewares/ST/STM32_USB_Device_Library/Class/DFU/Src/usbd_dfu.o
 .text.USBD_DFU_Init
                0x000000000800302c       0x64 src/lib/cubemx_f103v/Middlewares/ST/STM32_USB_Device_Library/Class/DFU/Src/usbd_dfu.o
 .text.USBD_DFU_RegisterMedia
                0x0000000008003090        0xa src/lib/cubemx_f103v/Middlewares/ST/STM32_USB_Device_Library/Class/DFU/Src/usbd_dfu.o
                0x0000000008003090                USBD_DFU_RegisterMedia
 .text.USBD_Init
                0x000000000800309a       0x2e src/lib/cubemx_f103v/Middlewares/ST/STM32_USB_Device_Library/Core/Src/usbd_core.o
                0x000000000800309a                USBD_Init
 .text.USBD_RegisterClass
                0x00000000080030c8        0xe src/lib/cubemx_f103v/Middlewares/ST/STM32_USB_Device_Library/Core/Src/usbd_core.o
                0x00000000080030c8                USBD_RegisterClass
 .text.USBD_Start
                0x00000000080030d6        0xa src/lib/cubemx_f103v/Middlewares/ST/STM32_USB_Device_Library/Core/Src/usbd_core.o
                0x00000000080030d6                USBD_Start
 .text.USBD_Stop
                0x00000000080030e0       0x18 src/lib/cubemx_f103v/Middlewares/ST/STM32_USB_Device_Library/Core/Src/usbd_core.o
                0x00000000080030e0                USBD_Stop
 .text.USBD_SetClassConfig
                0x00000000080030f8       0x1a src/lib/cubemx_f103v/Middlewares/ST/STM32_USB_Device_Library/Core/Src/usbd_core.o
                0x00000000080030f8                USBD_SetClassConfig
 .text.USBD_ClrClassConfig
                0x0000000008003112        0xe src/lib/cubemx_f103v/Middlewares/ST/STM32_USB_Device_Library/Core/Src/usbd_core.o
                0x0000000008003112                USBD_ClrClassConfig
 .text.USBD_LL_SetupStage
                0x0000000008003120       0x5a src/lib/cubemx_f103v/Middlewares/ST/STM32_USB_Device_Library/Core/Src/usbd_core.o
                0x0000000008003120                USBD_LL_SetupStage
 .text.USBD_LL_DataOutStage
                0x000000000800317a       0x6a src/lib/cubemx_f103v/Middlewares/ST/STM32_USB_Device_Library/Core/Src/usbd_core.o
                0x000000000800317a                USBD_LL_DataOutStage
 .text.USBD_LL_DataInStage
                0x00000000080031e4       0xb0 src/lib/cubemx_f103v/Middlewares/ST/STM32_USB_Device_Library/Core/Src/usbd_core.o
                0x00000000080031e4                USBD_LL_DataInStage
 .text.USBD_LL_Reset
                0x0000000008003294       0x3e src/lib/cubemx_f103v/Middlewares/ST/STM32_USB_Device_Library/Core/Src/usbd_core.o
                0x0000000008003294                USBD_LL_Reset
 .text.USBD_LL_SetSpeed
                0x00000000080032d2        0x6 src/lib/cubemx_f103v/Middlewares/ST/STM32_USB_Device_Library/Core/Src/usbd_core.o
                0x00000000080032d2                USBD_LL_SetSpeed
 .text.USBD_LL_Suspend
                0x00000000080032d8       0x12 src/lib/cubemx_f103v/Middlewares/ST/STM32_USB_Device_Library/Core/Src/usbd_core.o
                0x00000000080032d8                USBD_LL_Suspend
 .text.USBD_LL_Resume
                0x00000000080032ea        0xc src/lib/cubemx_f103v/Middlewares/ST/STM32_USB_Device_Library/Core/Src/usbd_core.o
                0x00000000080032ea                USBD_LL_Resume
 .text.USBD_LL_SOF
                0x00000000080032f6       0x1c src/lib/cubemx_f103v/Middlewares/ST/STM32_USB_Device_Library/Core/Src/usbd_core.o
                0x00000000080032f6                USBD_LL_SOF
 .text.USBD_GetLen
                0x0000000008003312       0x14 src/lib/cubemx_f103v/Middlewares/ST/STM32_USB_Device_Library/Core/Src/usbd_ctlreq.o
 .text.USBD_SetFeature
                0x0000000008003326       0x20 src/lib/cubemx_f103v/Middlewares/ST/STM32_USB_Device_Library/Core/Src/usbd_ctlreq.o
 .text.USBD_ParseSetupRequest
                0x0000000008003346       0x28 src/lib/cubemx_f103v/Middlewares/ST/STM32_USB_Device_Library/Core/Src/usbd_ctlreq.o
                0x0000000008003346                USBD_ParseSetupRequest
 .text.USBD_CtlError
                0x000000000800336e       0x14 src/lib/cubemx_f103v/Middlewares/ST/STM32_USB_Device_Library/Core/Src/usbd_ctlreq.o
                0x000000000800336e                USBD_CtlError
 .text.USBD_GetDescriptor
                0x0000000008003382      0x138 src/lib/cubemx_f103v/Middlewares/ST/STM32_USB_Device_Library/Core/Src/usbd_ctlreq.o
 .text.USBD_SetAddress
                0x00000000080034ba       0x4a src/lib/cubemx_f103v/Middlewares/ST/STM32_USB_Device_Library/Core/Src/usbd_ctlreq.o
 .text.USBD_SetConfig
                0x0000000008003504       0xa4 src/lib/cubemx_f103v/Middlewares/ST/STM32_USB_Device_Library/Core/Src/usbd_ctlreq.o
 .text.USBD_GetConfig
                0x00000000080035a8       0x3a src/lib/cubemx_f103v/Middlewares/ST/STM32_USB_Device_Library/Core/Src/usbd_ctlreq.o
 .text.USBD_GetStatus
                0x00000000080035e2       0x2c src/lib/cubemx_f103v/Middlewares/ST/STM32_USB_Device_Library/Core/Src/usbd_ctlreq.o
 .text.USBD_ClrFeature
                0x000000000800360e       0x30 src/lib/cubemx_f103v/Middlewares/ST/STM32_USB_Device_Library/Core/Src/usbd_ctlreq.o
 .text.USBD_StdDevReq
                0x000000000800363e       0x48 src/lib/cubemx_f103v/Middlewares/ST/STM32_USB_Device_Library/Core/Src/usbd_ctlreq.o
                0x000000000800363e                USBD_StdDevReq
 .text.USBD_StdItfReq
                0x0000000008003686       0x38 src/lib/cubemx_f103v/Middlewares/ST/STM32_USB_Device_Library/Core/Src/usbd_ctlreq.o
                0x0000000008003686                USBD_StdItfReq
 .text.USBD_StdEPReq
                0x00000000080036be      0x118 src/lib/cubemx_f103v/Middlewares/ST/STM32_USB_Device_Library/Core/Src/usbd_ctlreq.o
                0x00000000080036be                USBD_StdEPReq
 .text.USBD_GetString
                0x00000000080037d6       0x3a src/lib/cubemx_f103v/Middlewares/ST/STM32_USB_Device_Library/Core/Src/usbd_ctlreq.o
                0x00000000080037d6                USBD_GetString
 .text.USBD_CtlSendData
                0x0000000008003810       0x1a src/lib/cubemx_f103v/Middlewares/ST/STM32_USB_Device_Library/Core/Src/usbd_ioreq.o
                0x0000000008003810                USBD_CtlSendData
 .text.USBD_CtlContinueSendData
                0x000000000800382a       0x10 src/lib/cubemx_f103v/Middlewares/ST/STM32_USB_Device_Library/Core/Src/usbd_ioreq.o
                0x000000000800382a                USBD_CtlContinueSendData
 .text.USBD_CtlPrepareRx
                0x000000000800383a       0x1e src/lib/cubemx_f103v/Middlewares/ST/STM32_USB_Device_Library/Core/Src/usbd_ioreq.o
                0x000000000800383a                USBD_CtlPrepareRx
 .text.USBD_CtlContinueRx
                0x0000000008003858       0x10 src/lib/cubemx_f103v/Middlewares/ST/STM32_USB_Device_Library/Core/Src/usbd_ioreq.o
                0x0000000008003858                USBD_CtlContinueRx
 .text.USBD_CtlSendStatus
                0x0000000008003868       0x16 src/lib/cubemx_f103v/Middlewares/ST/STM32_USB_Device_Library/Core/Src/usbd_ioreq.o
                0x0000000008003868                USBD_CtlSendStatus
 .text.USBD_CtlReceiveStatus
                0x000000000800387e       0x16 src/lib/cubemx_f103v/Middlewares/ST/STM32_USB_Device_Library/Core/Src/usbd_ioreq.o
                0x000000000800387e                USBD_CtlReceiveStatus
 .text.MX_USB_DEVICE_Init
                0x0000000008003894       0x54 src/lib/cubemx_f103v/USB_DEVICE/App/usb_device.o
                0x0000000008003894                MX_USB_DEVICE_Init
 .text.USBD_FS_DeviceDescriptor
                0x00000000080038e8        0xc src/lib/cubemx_f103v/USB_DEVICE/App/usbd_desc.o
                0x00000000080038e8                USBD_FS_DeviceDescriptor
 .text.USBD_FS_LangIDStrDescriptor
                0x00000000080038f4        0xc src/lib/cubemx_f103v/USB_DEVICE/App/usbd_desc.o
                0x00000000080038f4                USBD_FS_LangIDStrDescriptor
 .text.IntToUnicode
                0x0000000008003900       0x36 src/lib/cubemx_f103v/USB_DEVICE/App/usbd_desc.o
 *fill*         0x0000000008003936        0x2 
 .text.Get_SerialNum
                0x0000000008003938       0x34 src/lib/cubemx_f103v/USB_DEVICE/App/usbd_desc.o
 .text.USBD_FS_SerialStrDescriptor
                0x000000000800396c       0x14 src/lib/cubemx_f103v/USB_DEVICE/App/usbd_desc.o
                0x000000000800396c                USBD_FS_SerialStrDescriptor
 .text.USBD_FS_ProductStrDescriptor
                0x0000000008003980       0x24 src/lib/cubemx_f103v/USB_DEVICE/App/usbd_desc.o
                0x0000000008003980                USBD_FS_ProductStrDescriptor
 .text.USBD_FS_ManufacturerStrDescriptor
                0x00000000080039a4       0x1c src/lib/cubemx_f103v/USB_DEVICE/App/usbd_desc.o
                0x00000000080039a4                USBD_FS_ManufacturerStrDescriptor
 .text.USBD_FS_ConfigStrDescriptor
                0x00000000080039c0       0x24 src/lib/cubemx_f103v/USB_DEVICE/App/usbd_desc.o
                0x00000000080039c0                USBD_FS_ConfigStrDescriptor
 .text.USBD_FS_InterfaceStrDescriptor
                0x00000000080039e4       0x24 src/lib/cubemx_f103v/USB_DEVICE/App/usbd_desc.o
                0x00000000080039e4                USBD_FS_InterfaceStrDescriptor
 .text.MEM_If_Init_FS
                0x0000000008003a08        0x4 src/lib/cubemx_f103v/USB_DEVICE/App/usbd_dfu_if.o
 .text.MEM_If_DeInit_FS
                0x0000000008003a0c        0x4 src/lib/cubemx_f103v/USB_DEVICE/App/usbd_dfu_if.o
 .text.MEM_If_Read_FS
                0x0000000008003a10       0x1c src/lib/cubemx_f103v/USB_DEVICE/App/usbd_dfu_if.o
 .text.MEM_If_GetStatus_FS
                0x0000000008003a2c       0x20 src/lib/cubemx_f103v/USB_DEVICE/App/usbd_dfu_if.o
 .text.MEM_If_Write_FS
                0x0000000008003a4c       0x16 src/lib/cubemx_f103v/USB_DEVICE/App/usbd_dfu_if.o
 .text.MEM_If_Erase_FS
                0x0000000008003a62       0x14 src/lib/cubemx_f103v/USB_DEVICE/App/usbd_dfu_if.o
 .text.USBD_Get_USB_Status
                0x0000000008003a76       0x12 src/lib/cubemx_f103v/USB_DEVICE/Target/usbd_conf.o
 .text.HAL_PCD_MspInit
                0x0000000008003a88       0x40 src/lib/cubemx_f103v/USB_DEVICE/Target/usbd_conf.o
                0x0000000008003a88                HAL_PCD_MspInit
 .text.HAL_PCD_SetupStageCallback
                0x0000000008003ac8       0x10 src/lib/cubemx_f103v/USB_DEVICE/Target/usbd_conf.o
                0x0000000008003ac8                HAL_PCD_SetupStageCallback
 .text.HAL_PCD_DataOutStageCallback
                0x0000000008003ad8       0x14 src/lib/cubemx_f103v/USB_DEVICE/Target/usbd_conf.o
                0x0000000008003ad8                HAL_PCD_DataOutStageCallback
 .text.HAL_PCD_DataInStageCallback
                0x0000000008003aec       0x12 src/lib/cubemx_f103v/USB_DEVICE/Target/usbd_conf.o
                0x0000000008003aec                HAL_PCD_DataInStageCallback
 .text.HAL_PCD_SOFCallback
                0x0000000008003afe        0xc src/lib/cubemx_f103v/USB_DEVICE/Target/usbd_conf.o
                0x0000000008003afe                HAL_PCD_SOFCallback
 .text.HAL_PCD_ResetCallback
                0x0000000008003b0a       0x22 src/lib/cubemx_f103v/USB_DEVICE/Target/usbd_conf.o
                0x0000000008003b0a                HAL_PCD_ResetCallback
 .text.HAL_PCD_SuspendCallback
                0x0000000008003b2c       0x20 src/lib/cubemx_f103v/USB_DEVICE/Target/usbd_conf.o
                0x0000000008003b2c                HAL_PCD_SuspendCallback
 .text.HAL_PCD_ResumeCallback
                0x0000000008003b4c        0xc src/lib/cubemx_f103v/USB_DEVICE/Target/usbd_conf.o
                0x0000000008003b4c                HAL_PCD_ResumeCallback
 .text.USBD_LL_Init
                0x0000000008003b58       0x58 src/lib/cubemx_f103v/USB_DEVICE/Target/usbd_conf.o
                0x0000000008003b58                USBD_LL_Init
 .text.USBD_LL_Start
                0x0000000008003bb0       0x10 src/lib/cubemx_f103v/USB_DEVICE/Target/usbd_conf.o
                0x0000000008003bb0                USBD_LL_Start
 .text.USBD_LL_Stop
                0x0000000008003bc0       0x10 src/lib/cubemx_f103v/USB_DEVICE/Target/usbd_conf.o
                0x0000000008003bc0                USBD_LL_Stop
 .text.USBD_LL_OpenEP
                0x0000000008003bd0       0x16 src/lib/cubemx_f103v/USB_DEVICE/Target/usbd_conf.o
                0x0000000008003bd0                USBD_LL_OpenEP
 .text.USBD_LL_StallEP
                0x0000000008003be6       0x10 src/lib/cubemx_f103v/USB_DEVICE/Target/usbd_conf.o
                0x0000000008003be6                USBD_LL_StallEP
 .text.USBD_LL_ClearStallEP
                0x0000000008003bf6       0x10 src/lib/cubemx_f103v/USB_DEVICE/Target/usbd_conf.o
                0x0000000008003bf6                USBD_LL_ClearStallEP
 .text.USBD_LL_IsStallEP
                0x0000000008003c06       0x26 src/lib/cubemx_f103v/USB_DEVICE/Target/usbd_conf.o
                0x0000000008003c06                USBD_LL_IsStallEP
 .text.USBD_LL_SetUSBAddress
                0x0000000008003c2c       0x10 src/lib/cubemx_f103v/USB_DEVICE/Target/usbd_conf.o
                0x0000000008003c2c                USBD_LL_SetUSBAddress
 .text.USBD_LL_Transmit
                0x0000000008003c3c       0x10 src/lib/cubemx_f103v/USB_DEVICE/Target/usbd_conf.o
                0x0000000008003c3c                USBD_LL_Transmit
 .text.USBD_LL_PrepareReceive
                0x0000000008003c4c       0x10 src/lib/cubemx_f103v/USB_DEVICE/Target/usbd_conf.o
                0x0000000008003c4c                USBD_LL_PrepareReceive
 .text.USBD_static_malloc
                0x0000000008003c5c        0x8 src/lib/cubemx_f103v/USB_DEVICE/Target/usbd_conf.o
                0x0000000008003c5c                USBD_static_malloc
 .text.USBD_static_free
                0x0000000008003c64        0x2 src/lib/cubemx_f103v/USB_DEVICE/Target/usbd_conf.o
                0x0000000008003c64                USBD_static_free
 .text.HAL_PCDEx_SetConnectionState
                0x0000000008003c66        0x2 src/lib/cubemx_f103v/USB_DEVICE/Target/usbd_conf.o
                0x0000000008003c66                HAL_PCDEx_SetConnectionState
 .text.main     0x0000000008003c68       0x12 src/main.o
                0x0000000008003c68                main
 *fill*         0x0000000008003c7a        0x2 
 .text.__libc_init_array
                0x0000000008003c7c       0x48 c:/st/stm32cubeide_1.5.1/stm32cubeide/plugins/com.st.stm32cube.ide.mcu.externaltools.gnu-tools-for-stm32.7-2018-q2-update.win32_1.5.0.202011040924/tools/bin/../lib/gcc/arm-none-eabi/7.3.1/../../../../arm-none-eabi/lib/thumb/v7-m\libc_nano.a(lib_a-init.o)
                0x0000000008003c7c                __libc_init_array
 *(.glue_7)
 .glue_7        0x0000000008003cc4        0x0 linker stubs
 *(.glue_7t)
 .glue_7t       0x0000000008003cc4        0x0 linker stubs
 *(.eh_frame)
 .eh_frame      0x0000000008003cc4        0x0 c:/st/stm32cubeide_1.5.1/stm32cubeide/plugins/com.st.stm32cube.ide.mcu.externaltools.gnu-tools-for-stm32.7-2018-q2-update.win32_1.5.0.202011040924/tools/bin/../lib/gcc/arm-none-eabi/7.3.1/thumb/v7-m/crtbegin.o
 *(.init)
 .init          0x0000000008003cc4        0x4 c:/st/stm32cubeide_1.5.1/stm32cubeide/plugins/com.st.stm32cube.ide.mcu.externaltools.gnu-tools-for-stm32.7-2018-q2-update.win32_1.5.0.202011040924/tools/bin/../lib/gcc/arm-none-eabi/7.3.1/thumb/v7-m/crti.o
                0x0000000008003cc4                _init
 .init          0x0000000008003cc8        0x8 c:/st/stm32cubeide_1.5.1/stm32cubeide/plugins/com.st.stm32cube.ide.mcu.externaltools.gnu-tools-for-stm32.7-2018-q2-update.win32_1.5.0.202011040924/tools/bin/../lib/gcc/arm-none-eabi/7.3.1/thumb/v7-m/crtn.o
 *(.fini)
 .fini          0x0000000008003cd0        0x4 c:/st/stm32cubeide_1.5.1/stm32cubeide/plugins/com.st.stm32cube.ide.mcu.externaltools.gnu-tools-for-stm32.7-2018-q2-update.win32_1.5.0.202011040924/tools/bin/../lib/gcc/arm-none-eabi/7.3.1/thumb/v7-m/crti.o
                0x0000000008003cd0                _fini
 .fini          0x0000000008003cd4        0x8 c:/st/stm32cubeide_1.5.1/stm32cubeide/plugins/com.st.stm32cube.ide.mcu.externaltools.gnu-tools-for-stm32.7-2018-q2-update.win32_1.5.0.202011040924/tools/bin/../lib/gcc/arm-none-eabi/7.3.1/thumb/v7-m/crtn.o
                0x0000000008003cdc                . = ALIGN (0x4)
                0x0000000008003cdc                _etext = .

.vfp11_veneer   0x0000000008003cdc        0x0
 .vfp11_veneer  0x0000000008003cdc        0x0 linker stubs

.v4_bx          0x0000000008003cdc        0x0
 .v4_bx         0x0000000008003cdc        0x0 linker stubs

.iplt           0x0000000008003cdc        0x0
 .iplt          0x0000000008003cdc        0x0 c:/st/stm32cubeide_1.5.1/stm32cubeide/plugins/com.st.stm32cube.ide.mcu.externaltools.gnu-tools-for-stm32.7-2018-q2-update.win32_1.5.0.202011040924/tools/bin/../lib/gcc/arm-none-eabi/7.3.1/thumb/v7-m/crtbegin.o

.rodata         0x0000000008003cdc       0xc0
                0x0000000008003cdc                . = ALIGN (0x4)
 *(.rodata)
 .rodata        0x0000000008003cdc       0x12 src/lib/cubemx_f103v/Drivers/STM32F1xx_HAL_Driver/Src/stm32f1xx_hal_rcc.o
 *fill*         0x0000000008003cee        0x2 
 .rodata        0x0000000008003cf0       0x12 src/lib/cubemx_f103v/Drivers/STM32F1xx_HAL_Driver/Src/stm32f1xx_hal_rcc_ex.o
 *(.rodata*)
 *fill*         0x0000000008003d02        0x2 
 .rodata.AHBPrescTable
                0x0000000008003d04       0x10 src/bsp/system_stm32f1xx.o
                0x0000000008003d04                AHBPrescTable
 .rodata.APBPrescTable
                0x0000000008003d14        0x8 src/bsp/system_stm32f1xx.o
                0x0000000008003d14                APBPrescTable
 .rodata.USBD_FS_ConfigStrDescriptor.str1.4
                0x0000000008003d1c        0xb src/lib/cubemx_f103v/USB_DEVICE/App/usbd_desc.o
 *fill*         0x0000000008003d27        0x1 
 .rodata.USBD_FS_InterfaceStrDescriptor.str1.4
                0x0000000008003d28        0xe src/lib/cubemx_f103v/USB_DEVICE/App/usbd_desc.o
 *fill*         0x0000000008003d36        0x2 
 .rodata.USBD_FS_ManufacturerStrDescriptor.str1.4
                0x0000000008003d38       0x13 src/lib/cubemx_f103v/USB_DEVICE/App/usbd_desc.o
 *fill*         0x0000000008003d4b        0x1 
 .rodata.USBD_FS_ProductStrDescriptor.str1.4
                0x0000000008003d4c       0x1f src/lib/cubemx_f103v/USB_DEVICE/App/usbd_desc.o
 *fill*         0x0000000008003d6b        0x1 
 .rodata.str1.4
                0x0000000008003d6c       0x30 src/lib/cubemx_f103v/USB_DEVICE/App/usbd_dfu_if.o
                                         0x2f (size before relaxing)
                0x0000000008003d9c                . = ALIGN (0x4)

.rel.dyn        0x0000000008003d9c        0x0
 .rel.iplt      0x0000000008003d9c        0x0 c:/st/stm32cubeide_1.5.1/stm32cubeide/plugins/com.st.stm32cube.ide.mcu.externaltools.gnu-tools-for-stm32.7-2018-q2-update.win32_1.5.0.202011040924/tools/bin/../lib/gcc/arm-none-eabi/7.3.1/thumb/v7-m/crtbegin.o

.ARM.extab      0x0000000008003d9c        0x0
                0x0000000008003d9c                . = ALIGN (0x4)
 *(.ARM.extab* .gnu.linkonce.armextab.*)
                0x0000000008003d9c                . = ALIGN (0x4)

.ARM            0x0000000008003d9c        0x0
                0x0000000008003d9c                . = ALIGN (0x4)
                0x0000000008003d9c                __exidx_start = .
 *(.ARM.exidx*)
                0x0000000008003d9c                __exidx_end = .
                0x0000000008003d9c                . = ALIGN (0x4)

.preinit_array  0x0000000008003d9c        0x0
                0x0000000008003d9c                . = ALIGN (0x4)
                0x0000000008003d9c                PROVIDE (__preinit_array_start = .)
 *(.preinit_array*)
                0x0000000008003d9c                PROVIDE (__preinit_array_end = .)
                0x0000000008003d9c                . = ALIGN (0x4)

.init_array     0x0000000008003d9c        0x4
                0x0000000008003d9c                . = ALIGN (0x4)
                0x0000000008003d9c                PROVIDE (__init_array_start = .)
 *(SORT_BY_NAME(.init_array.*))
 *(.init_array*)
 .init_array    0x0000000008003d9c        0x4 c:/st/stm32cubeide_1.5.1/stm32cubeide/plugins/com.st.stm32cube.ide.mcu.externaltools.gnu-tools-for-stm32.7-2018-q2-update.win32_1.5.0.202011040924/tools/bin/../lib/gcc/arm-none-eabi/7.3.1/thumb/v7-m/crtbegin.o
                0x0000000008003da0                PROVIDE (__init_array_end = .)
                0x0000000008003da0                . = ALIGN (0x4)

.fini_array     0x0000000008003da0        0x4
                0x0000000008003da0                . = ALIGN (0x4)
                [!provide]                        PROVIDE (__fini_array_start = .)
 *(SORT_BY_NAME(.fini_array.*))
 *(.fini_array*)
 .fini_array    0x0000000008003da0        0x4 c:/st/stm32cubeide_1.5.1/stm32cubeide/plugins/com.st.stm32cube.ide.mcu.externaltools.gnu-tools-for-stm32.7-2018-q2-update.win32_1.5.0.202011040924/tools/bin/../lib/gcc/arm-none-eabi/7.3.1/thumb/v7-m/crtbegin.o
                [!provide]                        PROVIDE (__fini_array_end = .)
                0x0000000008003da4                . = ALIGN (0x4)
                0x0000000008003da4                _sidata = LOADADDR (.data)

.data           0x0000000020000000       0xfc load address 0x0000000008003da4
                0x0000000020000000                . = ALIGN (0x4)
                0x0000000020000000                _sdata = .
 *(.data)
 *(.data*)
 .data.SystemCoreClock
                0x0000000020000000        0x4 src/bsp/system_stm32f1xx.o
                0x0000000020000000                SystemCoreClock
 .data.led_tbl  0x0000000020000004       0x20 src/hw/driver/led.o
                0x0000000020000004                led_tbl
 .data.uwTickFreq
                0x0000000020000024        0x1 src/lib/cubemx_f103v/Drivers/STM32F1xx_HAL_Driver/Src/stm32f1xx_hal.o
                0x0000000020000024                uwTickFreq
 *fill*         0x0000000020000025        0x3 
 .data.uwTickPrio
                0x0000000020000028        0x4 src/lib/cubemx_f103v/Drivers/STM32F1xx_HAL_Driver/Src/stm32f1xx_hal.o
                0x0000000020000028                uwTickPrio
 .data.USBD_DFU
                0x000000002000002c       0x3c src/lib/cubemx_f103v/Middlewares/ST/STM32_USB_Device_Library/Class/DFU/Src/usbd_dfu.o
                0x000000002000002c                USBD_DFU
 .data.USBD_DFU_CfgDesc
                0x0000000020000068       0x1b src/lib/cubemx_f103v/Middlewares/ST/STM32_USB_Device_Library/Class/DFU/Src/usbd_dfu.o
 *fill*         0x0000000020000083        0x1 
 .data.USBD_DFU_DeviceQualifierDesc
                0x0000000020000084        0xa src/lib/cubemx_f103v/Middlewares/ST/STM32_USB_Device_Library/Class/DFU/Src/usbd_dfu.o
 *fill*         0x000000002000008e        0x2 
 .data.FS_Desc  0x0000000020000090       0x1c src/lib/cubemx_f103v/USB_DEVICE/App/usbd_desc.o
                0x0000000020000090                FS_Desc
 .data.USBD_FS_DeviceDesc
                0x00000000200000ac       0x12 src/lib/cubemx_f103v/USB_DEVICE/App/usbd_desc.o
                0x00000000200000ac                USBD_FS_DeviceDesc
 *fill*         0x00000000200000be        0x2 
 .data.USBD_LangIDDesc
                0x00000000200000c0        0x4 src/lib/cubemx_f103v/USB_DEVICE/App/usbd_desc.o
                0x00000000200000c0                USBD_LangIDDesc
 .data.USBD_StringSerial
                0x00000000200000c4       0x1a src/lib/cubemx_f103v/USB_DEVICE/App/usbd_desc.o
                0x00000000200000c4                USBD_StringSerial
 *fill*         0x00000000200000de        0x2 
 .data.USBD_DFU_fops_FS
                0x00000000200000e0       0x1c src/lib/cubemx_f103v/USB_DEVICE/App/usbd_dfu_if.o
                0x00000000200000e0                USBD_DFU_fops_FS
 *(.RamFunc)
 *(.RamFunc*)
                0x00000000200000fc                . = ALIGN (0x4)
                0x00000000200000fc                _edata = .

.igot.plt       0x00000000200000fc        0x0 load address 0x0000000008003ea0
 .igot.plt      0x00000000200000fc        0x0 c:/st/stm32cubeide_1.5.1/stm32cubeide/plugins/com.st.stm32cube.ide.mcu.externaltools.gnu-tools-for-stm32.7-2018-q2-update.win32_1.5.0.202011040924/tools/bin/../lib/gcc/arm-none-eabi/7.3.1/thumb/v7-m/crtbegin.o
                0x00000000200000fc                . = ALIGN (0x4)

.bss            0x0000000020000100     0x15fc load address 0x0000000008003ea0
                0x0000000020000100                _sbss = .
                0x0000000020000100                __bss_start__ = _sbss
 *(.bss)
 .bss           0x0000000020000100       0x1c c:/st/stm32cubeide_1.5.1/stm32cubeide/plugins/com.st.stm32cube.ide.mcu.externaltools.gnu-tools-for-stm32.7-2018-q2-update.win32_1.5.0.202011040924/tools/bin/../lib/gcc/arm-none-eabi/7.3.1/thumb/v7-m/crtbegin.o
 *(.bss*)
 .bss.flash_tbl
                0x000000002000011c      0x800 src/hw/driver/flash.o
 .bss.reset_count
                0x000000002000091c        0x4 src/hw/driver/reset.o
 .bss.USBD_StrDesc.7901
                0x0000000020000920       0xff src/lib/cubemx_f103v/Middlewares/ST/STM32_USB_Device_Library/Class/DFU/Src/usbd_dfu.o
 .bss.cfgidx.7819
                0x0000000020000a1f        0x1 src/lib/cubemx_f103v/Middlewares/ST/STM32_USB_Device_Library/Core/Src/usbd_ctlreq.o
 .bss.mem.7906  0x0000000020000a20      0x41c src/lib/cubemx_f103v/USB_DEVICE/Target/usbd_conf.o
 *(COMMON)
 COMMON         0x0000000020000e3c       0x14 src/hw/driver/rtc.o
                0x0000000020000e3c                hrtc
 COMMON         0x0000000020000e50        0x4 src/lib/cubemx_f103v/Drivers/STM32F1xx_HAL_Driver/Src/stm32f1xx_hal.o
                0x0000000020000e50                uwTick
 *fill*         0x0000000020000e54        0x4 
 COMMON         0x0000000020000e58       0x20 src/lib/cubemx_f103v/Drivers/STM32F1xx_HAL_Driver/Src/stm32f1xx_hal_flash.o
                0x0000000020000e58                pFlash
 COMMON         0x0000000020000e78      0x224 src/lib/cubemx_f103v/USB_DEVICE/App/usb_device.o
                0x0000000020000e78                hUsbDeviceFS
 COMMON         0x000000002000109c      0x200 src/lib/cubemx_f103v/USB_DEVICE/App/usbd_desc.o
                0x000000002000109c                USBD_StrDesc
 COMMON         0x000000002000129c      0x460 src/lib/cubemx_f103v/USB_DEVICE/Target/usbd_conf.o
                0x000000002000129c                hpcd_USB_FS
                0x00000000200016fc                . = ALIGN (0x4)
                0x00000000200016fc                _ebss = .
                0x00000000200016fc                __bss_end__ = _ebss

._user_heap_stack
                0x00000000200016fc      0x604 load address 0x0000000008003ea0
                0x0000000020001700                . = ALIGN (0x8)
 *fill*         0x00000000200016fc        0x4 
                0x0000000020001700                PROVIDE (end = .)
                [!provide]                        PROVIDE (_end = .)
                0x0000000020001900                . = (. + _Min_Heap_Size)
 *fill*         0x0000000020001700      0x200 
                0x0000000020001d00                . = (. + _Min_Stack_Size)
 *fill*         0x0000000020001900      0x400 
                0x0000000020001d00                . = ALIGN (0x8)

/DISCARD/
 libc.a(*)
 libm.a(*)
 libgcc.a(*)

.ARM.attributes
                0x0000000000000000       0x29
 *(.ARM.attributes)
 .ARM.attributes
                0x0000000000000000       0x1d c:/st/stm32cubeide_1.5.1/stm32cubeide/plugins/com.st.stm32cube.ide.mcu.externaltools.gnu-tools-for-stm32.7-2018-q2-update.win32_1.5.0.202011040924/tools/bin/../lib/gcc/arm-none-eabi/7.3.1/thumb/v7-m/crti.o
 .ARM.attributes
                0x000000000000001d       0x2d c:/st/stm32cubeide_1.5.1/stm32cubeide/plugins/com.st.stm32cube.ide.mcu.externaltools.gnu-tools-for-stm32.7-2018-q2-update.win32_1.5.0.202011040924/tools/bin/../lib/gcc/arm-none-eabi/7.3.1/thumb/v7-m/crtbegin.o
 .ARM.attributes
                0x000000000000004a       0x33 src/ap/ap.o
 .ARM.attributes
                0x000000000000007d       0x33 src/bsp/bsp.o
 .ARM.attributes
                0x00000000000000b0       0x33 src/bsp/stm32f1xx_hal_msp.o
 .ARM.attributes
                0x00000000000000e3       0x33 src/bsp/stm32f1xx_it.o
 .ARM.attributes
                0x0000000000000116       0x33 src/bsp/system_stm32f1xx.o
 .ARM.attributes
                0x0000000000000149       0x21 src/bsp/startup/startup_stm32f103vetx.o
 .ARM.attributes
                0x000000000000016a       0x33 src/hw/driver/flash.o
 .ARM.attributes
                0x000000000000019d       0x33 src/hw/driver/led.o
 .ARM.attributes
                0x00000000000001d0       0x33 src/hw/driver/reset.o
 .ARM.attributes
                0x0000000000000203       0x33 src/hw/driver/rtc.o
 .ARM.attributes
                0x0000000000000236       0x33 src/hw/driver/usb.o
 .ARM.attributes
                0x0000000000000269       0x33 src/hw/hw.o
 .ARM.attributes
                0x000000000000029c       0x33 src/lib/cubemx_f103v/Drivers/STM32F1xx_HAL_Driver/Src/stm32f1xx_hal.o
 .ARM.attributes
                0x00000000000002cf       0x33 src/lib/cubemx_f103v/Drivers/STM32F1xx_HAL_Driver/Src/stm32f1xx_hal_cortex.o
 .ARM.attributes
                0x0000000000000302       0x33 src/lib/cubemx_f103v/Drivers/STM32F1xx_HAL_Driver/Src/stm32f1xx_hal_flash.o
 .ARM.attributes
                0x0000000000000335       0x33 src/lib/cubemx_f103v/Drivers/STM32F1xx_HAL_Driver/Src/stm32f1xx_hal_flash_ex.o
 .ARM.attributes
                0x0000000000000368       0x33 src/lib/cubemx_f103v/Drivers/STM32F1xx_HAL_Driver/Src/stm32f1xx_hal_gpio.o
 .ARM.attributes
                0x000000000000039b       0x33 src/lib/cubemx_f103v/Drivers/STM32F1xx_HAL_Driver/Src/stm32f1xx_hal_pcd.o
 .ARM.attributes
                0x00000000000003ce       0x33 src/lib/cubemx_f103v/Drivers/STM32F1xx_HAL_Driver/Src/stm32f1xx_hal_pcd_ex.o
 .ARM.attributes
                0x0000000000000401       0x33 src/lib/cubemx_f103v/Drivers/STM32F1xx_HAL_Driver/Src/stm32f1xx_hal_pwr.o
 .ARM.attributes
                0x0000000000000434       0x33 src/lib/cubemx_f103v/Drivers/STM32F1xx_HAL_Driver/Src/stm32f1xx_hal_rcc.o
 .ARM.attributes
                0x0000000000000467       0x33 src/lib/cubemx_f103v/Drivers/STM32F1xx_HAL_Driver/Src/stm32f1xx_hal_rcc_ex.o
 .ARM.attributes
                0x000000000000049a       0x33 src/lib/cubemx_f103v/Drivers/STM32F1xx_HAL_Driver/Src/stm32f1xx_hal_rtc.o
 .ARM.attributes
                0x00000000000004cd       0x33 src/lib/cubemx_f103v/Drivers/STM32F1xx_HAL_Driver/Src/stm32f1xx_hal_rtc_ex.o
 .ARM.attributes
                0x0000000000000500       0x33 src/lib/cubemx_f103v/Drivers/STM32F1xx_HAL_Driver/Src/stm32f1xx_ll_usb.o
 .ARM.attributes
                0x0000000000000533       0x33 src/lib/cubemx_f103v/Middlewares/ST/STM32_USB_Device_Library/Class/DFU/Src/usbd_dfu.o
 .ARM.attributes
                0x0000000000000566       0x33 src/lib/cubemx_f103v/Middlewares/ST/STM32_USB_Device_Library/Core/Src/usbd_core.o
 .ARM.attributes
                0x0000000000000599       0x33 src/lib/cubemx_f103v/Middlewares/ST/STM32_USB_Device_Library/Core/Src/usbd_ctlreq.o
 .ARM.attributes
                0x00000000000005cc       0x33 src/lib/cubemx_f103v/Middlewares/ST/STM32_USB_Device_Library/Core/Src/usbd_ioreq.o
 .ARM.attributes
                0x00000000000005ff       0x33 src/lib/cubemx_f103v/USB_DEVICE/App/usb_device.o
 .ARM.attributes
                0x0000000000000632       0x33 src/lib/cubemx_f103v/USB_DEVICE/App/usbd_desc.o
 .ARM.attributes
                0x0000000000000665       0x33 src/lib/cubemx_f103v/USB_DEVICE/App/usbd_dfu_if.o
 .ARM.attributes
                0x0000000000000698       0x33 src/lib/cubemx_f103v/USB_DEVICE/Target/usbd_conf.o
 .ARM.attributes
                0x00000000000006cb       0x33 src/main.o
 .ARM.attributes
                0x00000000000006fe       0x2d c:/st/stm32cubeide_1.5.1/stm32cubeide/plugins/com.st.stm32cube.ide.mcu.externaltools.gnu-tools-for-stm32.7-2018-q2-update.win32_1.5.0.202011040924/tools/bin/../lib/gcc/arm-none-eabi/7.3.1/../../../../arm-none-eabi/lib/thumb/v7-m\libc_nano.a(lib_a-init.o)
 .ARM.attributes
                0x000000000000072b       0x1d c:/st/stm32cubeide_1.5.1/stm32cubeide/plugins/com.st.stm32cube.ide.mcu.externaltools.gnu-tools-for-stm32.7-2018-q2-update.win32_1.5.0.202011040924/tools/bin/../lib/gcc/arm-none-eabi/7.3.1/thumb/v7-m/crtn.o
OUTPUT(14_DFU2_boot.elf elf32-littlearm)

.debug_info     0x0000000000000000    0x22154
 .debug_info    0x0000000000000000      0x9f4 src/ap/ap.o
 .debug_info    0x00000000000009f4      0xf77 src/bsp/bsp.o
 .debug_info    0x000000000000196b      0xadc src/bsp/stm32f1xx_hal_msp.o
 .debug_info    0x0000000000002447      0xe67 src/bsp/stm32f1xx_it.o
 .debug_info    0x00000000000032ae      0x3ec src/bsp/system_stm32f1xx.o
 .debug_info    0x000000000000369a       0x22 src/bsp/startup/startup_stm32f103vetx.o
 .debug_info    0x00000000000036bc      0xd95 src/hw/driver/flash.o
 .debug_info    0x0000000000004451      0xcb4 src/hw/driver/led.o
 .debug_info    0x0000000000005105      0xd04 src/hw/driver/reset.o
 .debug_info    0x0000000000005e09      0xdd9 src/hw/driver/rtc.o
 .debug_info    0x0000000000006be2      0xb26 src/hw/driver/usb.o
 .debug_info    0x0000000000007708      0xa0c src/hw/hw.o
 .debug_info    0x0000000000008114     0x100a src/lib/cubemx_f103v/Drivers/STM32F1xx_HAL_Driver/Src/stm32f1xx_hal.o
 .debug_info    0x000000000000911e     0x1512 src/lib/cubemx_f103v/Drivers/STM32F1xx_HAL_Driver/Src/stm32f1xx_hal_cortex.o
 .debug_info    0x000000000000a630      0xeec src/lib/cubemx_f103v/Drivers/STM32F1xx_HAL_Driver/Src/stm32f1xx_hal_flash.o
 .debug_info    0x000000000000b51c     0x12dd src/lib/cubemx_f103v/Drivers/STM32F1xx_HAL_Driver/Src/stm32f1xx_hal_flash_ex.o
 .debug_info    0x000000000000c7f9      0xebe src/lib/cubemx_f103v/Drivers/STM32F1xx_HAL_Driver/Src/stm32f1xx_hal_gpio.o
 .debug_info    0x000000000000d6b7     0x1a09 src/lib/cubemx_f103v/Drivers/STM32F1xx_HAL_Driver/Src/stm32f1xx_hal_pcd.o
 .debug_info    0x000000000000f0c0      0xe44 src/lib/cubemx_f103v/Drivers/STM32F1xx_HAL_Driver/Src/stm32f1xx_hal_pcd_ex.o
 .debug_info    0x000000000000ff04      0xf9a src/lib/cubemx_f103v/Drivers/STM32F1xx_HAL_Driver/Src/stm32f1xx_hal_pwr.o
 .debug_info    0x0000000000010e9e     0x1226 src/lib/cubemx_f103v/Drivers/STM32F1xx_HAL_Driver/Src/stm32f1xx_hal_rcc.o
 .debug_info    0x00000000000120c4      0xcd6 src/lib/cubemx_f103v/Drivers/STM32F1xx_HAL_Driver/Src/stm32f1xx_hal_rcc_ex.o
 .debug_info    0x0000000000012d9a     0x1b74 src/lib/cubemx_f103v/Drivers/STM32F1xx_HAL_Driver/Src/stm32f1xx_hal_rtc.o
 .debug_info    0x000000000001490e     0x116e src/lib/cubemx_f103v/Drivers/STM32F1xx_HAL_Driver/Src/stm32f1xx_hal_rtc_ex.o
 .debug_info    0x0000000000015a7c     0x1763 src/lib/cubemx_f103v/Drivers/STM32F1xx_HAL_Driver/Src/stm32f1xx_ll_usb.o
 .debug_info    0x00000000000171df     0x1a09 src/lib/cubemx_f103v/Middlewares/ST/STM32_USB_Device_Library/Class/DFU/Src/usbd_dfu.o
 .debug_info    0x0000000000018be8     0x150d src/lib/cubemx_f103v/Middlewares/ST/STM32_USB_Device_Library/Core/Src/usbd_core.o
 .debug_info    0x000000000001a0f5     0x16ce src/lib/cubemx_f103v/Middlewares/ST/STM32_USB_Device_Library/Core/Src/usbd_ctlreq.o
 .debug_info    0x000000000001b7c3     0x1036 src/lib/cubemx_f103v/Middlewares/ST/STM32_USB_Device_Library/Core/Src/usbd_ioreq.o
 .debug_info    0x000000000001c7f9      0xf88 src/lib/cubemx_f103v/USB_DEVICE/App/usb_device.o
 .debug_info    0x000000000001d781      0xe47 src/lib/cubemx_f103v/USB_DEVICE/App/usbd_desc.o
 .debug_info    0x000000000001e5c8     0x1032 src/lib/cubemx_f103v/USB_DEVICE/App/usbd_dfu_if.o
 .debug_info    0x000000000001f5fa     0x2186 src/lib/cubemx_f103v/USB_DEVICE/Target/usbd_conf.o
 .debug_info    0x0000000000021780      0x9d4 src/main.o

.debug_abbrev   0x0000000000000000     0x5062
 .debug_abbrev  0x0000000000000000      0x1f1 src/ap/ap.o
 .debug_abbrev  0x00000000000001f1      0x26a src/bsp/bsp.o
 .debug_abbrev  0x000000000000045b      0x1c5 src/bsp/stm32f1xx_hal_msp.o
 .debug_abbrev  0x0000000000000620      0x1e5 src/bsp/stm32f1xx_it.o
 .debug_abbrev  0x0000000000000805      0x134 src/bsp/system_stm32f1xx.o
 .debug_abbrev  0x0000000000000939       0x12 src/bsp/startup/startup_stm32f103vetx.o
 .debug_abbrev  0x000000000000094b      0x266 src/hw/driver/flash.o
 .debug_abbrev  0x0000000000000bb1      0x236 src/hw/driver/led.o
 .debug_abbrev  0x0000000000000de7      0x2b4 src/hw/driver/reset.o
 .debug_abbrev  0x000000000000109b      0x269 src/hw/driver/rtc.o
 .debug_abbrev  0x0000000000001304      0x1f9 src/hw/driver/usb.o
 .debug_abbrev  0x00000000000014fd      0x1b3 src/hw/hw.o
 .debug_abbrev  0x00000000000016b0      0x2c9 src/lib/cubemx_f103v/Drivers/STM32F1xx_HAL_Driver/Src/stm32f1xx_hal.o
 .debug_abbrev  0x0000000000001979      0x3a4 src/lib/cubemx_f103v/Drivers/STM32F1xx_HAL_Driver/Src/stm32f1xx_hal_cortex.o
 .debug_abbrev  0x0000000000001d1d      0x2e2 src/lib/cubemx_f103v/Drivers/STM32F1xx_HAL_Driver/Src/stm32f1xx_hal_flash.o
 .debug_abbrev  0x0000000000001fff      0x2c0 src/lib/cubemx_f103v/Drivers/STM32F1xx_HAL_Driver/Src/stm32f1xx_hal_flash_ex.o
 .debug_abbrev  0x00000000000022bf      0x26f src/lib/cubemx_f103v/Drivers/STM32F1xx_HAL_Driver/Src/stm32f1xx_hal_gpio.o
 .debug_abbrev  0x000000000000252e      0x31f src/lib/cubemx_f103v/Drivers/STM32F1xx_HAL_Driver/Src/stm32f1xx_hal_pcd.o
 .debug_abbrev  0x000000000000284d      0x1fa src/lib/cubemx_f103v/Drivers/STM32F1xx_HAL_Driver/Src/stm32f1xx_hal_pcd_ex.o
 .debug_abbrev  0x0000000000002a47      0x28f src/lib/cubemx_f103v/Drivers/STM32F1xx_HAL_Driver/Src/stm32f1xx_hal_pwr.o
 .debug_abbrev  0x0000000000002cd6      0x2fd src/lib/cubemx_f103v/Drivers/STM32F1xx_HAL_Driver/Src/stm32f1xx_hal_rcc.o
 .debug_abbrev  0x0000000000002fd3      0x27c src/lib/cubemx_f103v/Drivers/STM32F1xx_HAL_Driver/Src/stm32f1xx_hal_rcc_ex.o
 .debug_abbrev  0x000000000000324f      0x2c0 src/lib/cubemx_f103v/Drivers/STM32F1xx_HAL_Driver/Src/stm32f1xx_hal_rtc.o
 .debug_abbrev  0x000000000000350f      0x27f src/lib/cubemx_f103v/Drivers/STM32F1xx_HAL_Driver/Src/stm32f1xx_hal_rtc_ex.o
 .debug_abbrev  0x000000000000378e      0x28b src/lib/cubemx_f103v/Drivers/STM32F1xx_HAL_Driver/Src/stm32f1xx_ll_usb.o
 .debug_abbrev  0x0000000000003a19      0x371 src/lib/cubemx_f103v/Middlewares/ST/STM32_USB_Device_Library/Class/DFU/Src/usbd_dfu.o
 .debug_abbrev  0x0000000000003d8a      0x276 src/lib/cubemx_f103v/Middlewares/ST/STM32_USB_Device_Library/Core/Src/usbd_core.o
 .debug_abbrev  0x0000000000004000      0x2f3 src/lib/cubemx_f103v/Middlewares/ST/STM32_USB_Device_Library/Core/Src/usbd_ctlreq.o
 .debug_abbrev  0x00000000000042f3      0x1df src/lib/cubemx_f103v/Middlewares/ST/STM32_USB_Device_Library/Core/Src/usbd_ioreq.o
 .debug_abbrev  0x00000000000044d2      0x1e6 src/lib/cubemx_f103v/USB_DEVICE/App/usb_device.o
 .debug_abbrev  0x00000000000046b8      0x2af src/lib/cubemx_f103v/USB_DEVICE/App/usbd_desc.o
 .debug_abbrev  0x0000000000004967      0x23f src/lib/cubemx_f103v/USB_DEVICE/App/usbd_dfu_if.o
 .debug_abbrev  0x0000000000004ba6      0x307 src/lib/cubemx_f103v/USB_DEVICE/Target/usbd_conf.o
 .debug_abbrev  0x0000000000004ead      0x1b5 src/main.o

.debug_loc      0x0000000000000000     0x83c8
 .debug_loc     0x0000000000000000       0x29 src/ap/ap.o
 .debug_loc     0x0000000000000029       0x42 src/bsp/bsp.o
 .debug_loc     0x000000000000006b       0xdf src/bsp/system_stm32f1xx.o
 .debug_loc     0x000000000000014a      0x3c6 src/hw/driver/flash.o
 .debug_loc     0x0000000000000510       0x82 src/hw/driver/led.o
 .debug_loc     0x0000000000000592       0x47 src/hw/driver/reset.o
 .debug_loc     0x00000000000005d9       0xa5 src/hw/driver/rtc.o
 .debug_loc     0x000000000000067e       0xfd src/lib/cubemx_f103v/Drivers/STM32F1xx_HAL_Driver/Src/stm32f1xx_hal.o
 .debug_loc     0x000000000000077b      0x5ad src/lib/cubemx_f103v/Drivers/STM32F1xx_HAL_Driver/Src/stm32f1xx_hal_cortex.o
 .debug_loc     0x0000000000000d28      0x337 src/lib/cubemx_f103v/Drivers/STM32F1xx_HAL_Driver/Src/stm32f1xx_hal_flash.o
 .debug_loc     0x000000000000105f      0x859 src/lib/cubemx_f103v/Drivers/STM32F1xx_HAL_Driver/Src/stm32f1xx_hal_flash_ex.o
 .debug_loc     0x00000000000018b8      0x443 src/lib/cubemx_f103v/Drivers/STM32F1xx_HAL_Driver/Src/stm32f1xx_hal_gpio.o
 .debug_loc     0x0000000000001cfb      0xa6c src/lib/cubemx_f103v/Drivers/STM32F1xx_HAL_Driver/Src/stm32f1xx_hal_pcd.o
 .debug_loc     0x0000000000002767       0xf4 src/lib/cubemx_f103v/Drivers/STM32F1xx_HAL_Driver/Src/stm32f1xx_hal_pcd_ex.o
 .debug_loc     0x000000000000285b       0xb5 src/lib/cubemx_f103v/Drivers/STM32F1xx_HAL_Driver/Src/stm32f1xx_hal_pwr.o
 .debug_loc     0x0000000000002910      0x4f6 src/lib/cubemx_f103v/Drivers/STM32F1xx_HAL_Driver/Src/stm32f1xx_hal_rcc.o
 .debug_loc     0x0000000000002e06      0x30a src/lib/cubemx_f103v/Drivers/STM32F1xx_HAL_Driver/Src/stm32f1xx_hal_rcc_ex.o
 .debug_loc     0x0000000000003110     0x145f src/lib/cubemx_f103v/Drivers/STM32F1xx_HAL_Driver/Src/stm32f1xx_hal_rtc.o
 .debug_loc     0x000000000000456f      0x51e src/lib/cubemx_f103v/Drivers/STM32F1xx_HAL_Driver/Src/stm32f1xx_hal_rtc_ex.o
 .debug_loc     0x0000000000004a8d      0xc0d src/lib/cubemx_f103v/Drivers/STM32F1xx_HAL_Driver/Src/stm32f1xx_ll_usb.o
 .debug_loc     0x000000000000569a      0xaa7 src/lib/cubemx_f103v/Middlewares/ST/STM32_USB_Device_Library/Class/DFU/Src/usbd_dfu.o
 .debug_loc     0x0000000000006141      0x6f8 src/lib/cubemx_f103v/Middlewares/ST/STM32_USB_Device_Library/Core/Src/usbd_core.o
 .debug_loc     0x0000000000006839      0xb43 src/lib/cubemx_f103v/Middlewares/ST/STM32_USB_Device_Library/Core/Src/usbd_ctlreq.o
 .debug_loc     0x000000000000737c      0x23c src/lib/cubemx_f103v/Middlewares/ST/STM32_USB_Device_Library/Core/Src/usbd_ioreq.o
 .debug_loc     0x00000000000075b8      0x30e src/lib/cubemx_f103v/USB_DEVICE/App/usbd_desc.o
 .debug_loc     0x00000000000078c6      0x11f src/lib/cubemx_f103v/USB_DEVICE/App/usbd_dfu_if.o
 .debug_loc     0x00000000000079e5      0x9e3 src/lib/cubemx_f103v/USB_DEVICE/Target/usbd_conf.o

.debug_aranges  0x0000000000000000      0xed0
 .debug_aranges
                0x0000000000000000       0x28 src/ap/ap.o
 .debug_aranges
                0x0000000000000028       0x50 src/bsp/bsp.o
 .debug_aranges
                0x0000000000000078       0x20 src/bsp/stm32f1xx_hal_msp.o
 .debug_aranges
                0x0000000000000098       0x68 src/bsp/stm32f1xx_it.o
 .debug_aranges
                0x0000000000000100       0x28 src/bsp/system_stm32f1xx.o
 .debug_aranges
                0x0000000000000128       0x28 src/bsp/startup/startup_stm32f103vetx.o
 .debug_aranges
                0x0000000000000150       0x40 src/hw/driver/flash.o
 .debug_aranges
                0x0000000000000190       0x38 src/hw/driver/led.o
 .debug_aranges
                0x00000000000001c8       0x28 src/hw/driver/reset.o
 .debug_aranges
                0x00000000000001f0       0x40 src/hw/driver/rtc.o
 .debug_aranges
                0x0000000000000230       0x20 src/hw/driver/usb.o
 .debug_aranges
                0x0000000000000250       0x20 src/hw/hw.o
 .debug_aranges
                0x0000000000000270       0xd0 src/lib/cubemx_f103v/Drivers/STM32F1xx_HAL_Driver/Src/stm32f1xx_hal.o
 .debug_aranges
                0x0000000000000340       0x90 src/lib/cubemx_f103v/Drivers/STM32F1xx_HAL_Driver/Src/stm32f1xx_hal_cortex.o
 .debug_aranges
                0x00000000000003d0       0x88 src/lib/cubemx_f103v/Drivers/STM32F1xx_HAL_Driver/Src/stm32f1xx_hal_flash.o
 .debug_aranges
                0x0000000000000458       0x98 src/lib/cubemx_f103v/Drivers/STM32F1xx_HAL_Driver/Src/stm32f1xx_hal_flash_ex.o
 .debug_aranges
                0x00000000000004f0       0x58 src/lib/cubemx_f103v/Drivers/STM32F1xx_HAL_Driver/Src/stm32f1xx_hal_gpio.o
 .debug_aranges
                0x0000000000000548      0x120 src/lib/cubemx_f103v/Drivers/STM32F1xx_HAL_Driver/Src/stm32f1xx_hal_pcd.o
 .debug_aranges
                0x0000000000000668       0x28 src/lib/cubemx_f103v/Drivers/STM32F1xx_HAL_Driver/Src/stm32f1xx_hal_pcd_ex.o
 .debug_aranges
                0x0000000000000690       0xa8 src/lib/cubemx_f103v/Drivers/STM32F1xx_HAL_Driver/Src/stm32f1xx_hal_pwr.o
 .debug_aranges
                0x0000000000000738       0x90 src/lib/cubemx_f103v/Drivers/STM32F1xx_HAL_Driver/Src/stm32f1xx_hal_rcc.o
 .debug_aranges
                0x00000000000007c8       0x30 src/lib/cubemx_f103v/Drivers/STM32F1xx_HAL_Driver/Src/stm32f1xx_hal_rcc_ex.o
 .debug_aranges
                0x00000000000007f8       0xf8 src/lib/cubemx_f103v/Drivers/STM32F1xx_HAL_Driver/Src/stm32f1xx_hal_rtc.o
 .debug_aranges
                0x00000000000008f0       0x88 src/lib/cubemx_f103v/Drivers/STM32F1xx_HAL_Driver/Src/stm32f1xx_hal_rtc_ex.o
 .debug_aranges
                0x0000000000000978      0x100 src/lib/cubemx_f103v/Drivers/STM32F1xx_HAL_Driver/Src/stm32f1xx_ll_usb.o
 .debug_aranges
                0x0000000000000a78       0xc8 src/lib/cubemx_f103v/Middlewares/ST/STM32_USB_Device_Library/Class/DFU/Src/usbd_dfu.o
 .debug_aranges
                0x0000000000000b40       0xb8 src/lib/cubemx_f103v/Middlewares/ST/STM32_USB_Device_Library/Core/Src/usbd_core.o
 .debug_aranges
                0x0000000000000bf8       0x88 src/lib/cubemx_f103v/Middlewares/ST/STM32_USB_Device_Library/Core/Src/usbd_ctlreq.o
 .debug_aranges
                0x0000000000000c80       0x50 src/lib/cubemx_f103v/Middlewares/ST/STM32_USB_Device_Library/Core/Src/usbd_ioreq.o
 .debug_aranges
                0x0000000000000cd0       0x20 src/lib/cubemx_f103v/USB_DEVICE/App/usb_device.o
 .debug_aranges
                0x0000000000000cf0       0x60 src/lib/cubemx_f103v/USB_DEVICE/App/usbd_desc.o
 .debug_aranges
                0x0000000000000d50       0x48 src/lib/cubemx_f103v/USB_DEVICE/App/usbd_dfu_if.o
 .debug_aranges
                0x0000000000000d98      0x118 src/lib/cubemx_f103v/USB_DEVICE/Target/usbd_conf.o
 .debug_aranges
                0x0000000000000eb0       0x20 src/main.o

.debug_ranges   0x0000000000000000      0xf18
 .debug_ranges  0x0000000000000000       0x18 src/ap/ap.o
 .debug_ranges  0x0000000000000018       0x40 src/bsp/bsp.o
 .debug_ranges  0x0000000000000058       0x10 src/bsp/stm32f1xx_hal_msp.o
 .debug_ranges  0x0000000000000068       0x58 src/bsp/stm32f1xx_it.o
 .debug_ranges  0x00000000000000c0       0x18 src/bsp/system_stm32f1xx.o
 .debug_ranges  0x00000000000000d8       0x20 src/bsp/startup/startup_stm32f103vetx.o
 .debug_ranges  0x00000000000000f8       0x90 src/hw/driver/flash.o
 .debug_ranges  0x0000000000000188       0x28 src/hw/driver/led.o
 .debug_ranges  0x00000000000001b0       0x48 src/hw/driver/reset.o
 .debug_ranges  0x00000000000001f8       0x30 src/hw/driver/rtc.o
 .debug_ranges  0x0000000000000228       0x10 src/hw/driver/usb.o
 .debug_ranges  0x0000000000000238       0x10 src/hw/hw.o
 .debug_ranges  0x0000000000000248       0xc0 src/lib/cubemx_f103v/Drivers/STM32F1xx_HAL_Driver/Src/stm32f1xx_hal.o
 .debug_ranges  0x0000000000000308       0xe0 src/lib/cubemx_f103v/Drivers/STM32F1xx_HAL_Driver/Src/stm32f1xx_hal_cortex.o
 .debug_ranges  0x00000000000003e8       0x78 src/lib/cubemx_f103v/Drivers/STM32F1xx_HAL_Driver/Src/stm32f1xx_hal_flash.o
 .debug_ranges  0x0000000000000460       0x88 src/lib/cubemx_f103v/Drivers/STM32F1xx_HAL_Driver/Src/stm32f1xx_hal_flash_ex.o
 .debug_ranges  0x00000000000004e8       0x48 src/lib/cubemx_f103v/Drivers/STM32F1xx_HAL_Driver/Src/stm32f1xx_hal_gpio.o
 .debug_ranges  0x0000000000000530      0x140 src/lib/cubemx_f103v/Drivers/STM32F1xx_HAL_Driver/Src/stm32f1xx_hal_pcd.o
 .debug_ranges  0x0000000000000670       0x18 src/lib/cubemx_f103v/Drivers/STM32F1xx_HAL_Driver/Src/stm32f1xx_hal_pcd_ex.o
 .debug_ranges  0x0000000000000688       0x98 src/lib/cubemx_f103v/Drivers/STM32F1xx_HAL_Driver/Src/stm32f1xx_hal_pwr.o
 .debug_ranges  0x0000000000000720       0xa0 src/lib/cubemx_f103v/Drivers/STM32F1xx_HAL_Driver/Src/stm32f1xx_hal_rcc.o
 .debug_ranges  0x00000000000007c0       0x38 src/lib/cubemx_f103v/Drivers/STM32F1xx_HAL_Driver/Src/stm32f1xx_hal_rcc_ex.o
 .debug_ranges  0x00000000000007f8       0xe8 src/lib/cubemx_f103v/Drivers/STM32F1xx_HAL_Driver/Src/stm32f1xx_hal_rtc.o
 .debug_ranges  0x00000000000008e0       0x78 src/lib/cubemx_f103v/Drivers/STM32F1xx_HAL_Driver/Src/stm32f1xx_hal_rtc_ex.o
 .debug_ranges  0x0000000000000958      0x1e0 src/lib/cubemx_f103v/Drivers/STM32F1xx_HAL_Driver/Src/stm32f1xx_ll_usb.o
 .debug_ranges  0x0000000000000b38       0xb8 src/lib/cubemx_f103v/Middlewares/ST/STM32_USB_Device_Library/Class/DFU/Src/usbd_dfu.o
 .debug_ranges  0x0000000000000bf0       0xa8 src/lib/cubemx_f103v/Middlewares/ST/STM32_USB_Device_Library/Core/Src/usbd_core.o
 .debug_ranges  0x0000000000000c98       0x78 src/lib/cubemx_f103v/Middlewares/ST/STM32_USB_Device_Library/Core/Src/usbd_ctlreq.o
 .debug_ranges  0x0000000000000d10       0x40 src/lib/cubemx_f103v/Middlewares/ST/STM32_USB_Device_Library/Core/Src/usbd_ioreq.o
 .debug_ranges  0x0000000000000d50       0x10 src/lib/cubemx_f103v/USB_DEVICE/App/usb_device.o
 .debug_ranges  0x0000000000000d60       0x50 src/lib/cubemx_f103v/USB_DEVICE/App/usbd_desc.o
 .debug_ranges  0x0000000000000db0       0x50 src/lib/cubemx_f103v/USB_DEVICE/App/usbd_dfu_if.o
 .debug_ranges  0x0000000000000e00      0x108 src/lib/cubemx_f103v/USB_DEVICE/Target/usbd_conf.o
 .debug_ranges  0x0000000000000f08       0x10 src/main.o

.debug_macro    0x0000000000000000    0x1c0a8
 .debug_macro   0x0000000000000000      0x3e9 src/ap/ap.o
 .debug_macro   0x00000000000003e9      0xa4e src/ap/ap.o
 .debug_macro   0x0000000000000e37       0x22 src/ap/ap.o
 .debug_macro   0x0000000000000e59       0x40 src/ap/ap.o
 .debug_macro   0x0000000000000e99       0x18 src/ap/ap.o
 .debug_macro   0x0000000000000eb1       0x94 src/ap/ap.o
 .debug_macro   0x0000000000000f45       0x3c src/ap/ap.o
 .debug_macro   0x0000000000000f81       0x34 src/ap/ap.o
 .debug_macro   0x0000000000000fb5       0x16 src/ap/ap.o
 .debug_macro   0x0000000000000fcb       0x57 src/ap/ap.o
 .debug_macro   0x0000000000001022       0x97 src/ap/ap.o
 .debug_macro   0x00000000000010b9      0x330 src/ap/ap.o
 .debug_macro   0x00000000000013e9       0xfd src/ap/ap.o
 .debug_macro   0x00000000000014e6       0x10 src/ap/ap.o
 .debug_macro   0x00000000000014f6       0x52 src/ap/ap.o
 .debug_macro   0x0000000000001548       0x1f src/ap/ap.o
 .debug_macro   0x0000000000001567       0x43 src/ap/ap.o
 .debug_macro   0x00000000000015aa       0x20 src/ap/ap.o
 .debug_macro   0x00000000000015ca      0x1a3 src/ap/ap.o
 .debug_macro   0x000000000000176d       0x10 src/ap/ap.o
 .debug_macro   0x000000000000177d       0x6a src/ap/ap.o
 .debug_macro   0x00000000000017e7       0x1c src/ap/ap.o
 .debug_macro   0x0000000000001803       0x52 src/ap/ap.o
 .debug_macro   0x0000000000001855       0x40 src/ap/ap.o
 .debug_macro   0x0000000000001895       0x10 src/ap/ap.o
 .debug_macro   0x00000000000018a5       0x40 src/ap/ap.o
 .debug_macro   0x00000000000018e5       0xd7 src/ap/ap.o
 .debug_macro   0x00000000000019bc       0x1c src/ap/ap.o
 .debug_macro   0x00000000000019d8       0x3d src/ap/ap.o
 .debug_macro   0x0000000000001a15       0x16 src/ap/ap.o
 .debug_macro   0x0000000000001a2b      0x145 src/ap/ap.o
 .debug_macro   0x0000000000001b70       0xef src/ap/ap.o
 .debug_macro   0x0000000000001c5f      0x1df src/ap/ap.o
 .debug_macro   0x0000000000001e3e       0x22 src/ap/ap.o
 .debug_macro   0x0000000000001e60       0x4c src/ap/ap.o
 .debug_macro   0x0000000000001eac       0x16 src/ap/ap.o
 .debug_macro   0x0000000000001ec2       0x35 src/ap/ap.o
 .debug_macro   0x0000000000001ef7       0x20 src/ap/ap.o
 .debug_macro   0x0000000000001f17       0x16 src/ap/ap.o
 .debug_macro   0x0000000000001f2d       0x16 src/ap/ap.o
 .debug_macro   0x0000000000001f43       0x29 src/ap/ap.o
 .debug_macro   0x0000000000001f6c       0x34 src/ap/ap.o
 .debug_macro   0x0000000000001fa0       0x16 src/ap/ap.o
 .debug_macro   0x0000000000001fb6      0x16f src/ap/ap.o
 .debug_macro   0x0000000000002125       0x2e src/ap/ap.o
 .debug_macro   0x0000000000002153       0x22 src/ap/ap.o
 .debug_macro   0x0000000000002175       0x3a src/ap/ap.o
 .debug_macro   0x00000000000021af       0x34 src/ap/ap.o
 .debug_macro   0x00000000000021e3      0xb8e src/ap/ap.o
 .debug_macro   0x0000000000002d71     0xfd85 src/ap/ap.o
 .debug_macro   0x0000000000012af6       0x43 src/ap/ap.o
 .debug_macro   0x0000000000012b39       0x57 src/ap/ap.o
 .debug_macro   0x0000000000012b90      0x5c2 src/ap/ap.o
 .debug_macro   0x0000000000013152      0x4d6 src/ap/ap.o
 .debug_macro   0x0000000000013628      0x1cb src/ap/ap.o
 .debug_macro   0x00000000000137f3      0x11e src/ap/ap.o
 .debug_macro   0x0000000000013911      0x1eb src/ap/ap.o
 .debug_macro   0x0000000000013afc       0x27 src/ap/ap.o
 .debug_macro   0x0000000000013b23      0x1bc src/ap/ap.o
 .debug_macro   0x0000000000013cdf       0x31 src/ap/ap.o
 .debug_macro   0x0000000000013d10       0x3c src/ap/ap.o
 .debug_macro   0x0000000000013d4c       0x57 src/ap/ap.o
 .debug_macro   0x0000000000013da3       0x8c src/ap/ap.o
 .debug_macro   0x0000000000013e2f      0x250 src/ap/ap.o
 .debug_macro   0x000000000001407f      0x143 src/ap/ap.o
 .debug_macro   0x00000000000141c2      0x1ef src/ap/ap.o
 .debug_macro   0x00000000000143b1      0x1d2 src/ap/ap.o
 .debug_macro   0x0000000000014583       0x50 src/ap/ap.o
 .debug_macro   0x00000000000145d3      0x26c src/ap/ap.o
 .debug_macro   0x000000000001483f       0xb9 src/ap/ap.o
 .debug_macro   0x00000000000148f8       0x34 src/ap/ap.o
 .debug_macro   0x000000000001492c       0x28 src/ap/ap.o
 .debug_macro   0x0000000000014954      0x3a3 src/bsp/bsp.o
 .debug_macro   0x0000000000014cf7       0x10 src/bsp/bsp.o
 .debug_macro   0x0000000000014d07      0x2f9 src/bsp/stm32f1xx_hal_msp.o
 .debug_macro   0x0000000000015000       0x8e src/bsp/stm32f1xx_hal_msp.o
 .debug_macro   0x000000000001508e       0x51 src/bsp/stm32f1xx_hal_msp.o
 .debug_macro   0x00000000000150df       0x34 src/bsp/stm32f1xx_hal_msp.o
 .debug_macro   0x0000000000015113       0x46 src/bsp/stm32f1xx_hal_msp.o
 .debug_macro   0x0000000000015159      0x3fd src/bsp/stm32f1xx_it.o
 .debug_macro   0x0000000000015556       0xd1 src/bsp/system_stm32f1xx.o
 .debug_macro   0x0000000000015627      0x3a5 src/hw/driver/flash.o
 .debug_macro   0x00000000000159cc      0x39f src/hw/driver/led.o
 .debug_macro   0x0000000000015d6b      0x3a3 src/hw/driver/reset.o
 .debug_macro   0x000000000001610e      0x399 src/hw/driver/rtc.o
 .debug_macro   0x00000000000164a7      0x414 src/hw/driver/usb.o
 .debug_macro   0x00000000000168bb       0x10 src/hw/driver/usb.o
 .debug_macro   0x00000000000168cb       0x72 src/hw/driver/usb.o
 .debug_macro   0x000000000001693d      0x1c3 src/hw/driver/usb.o
 .debug_macro   0x0000000000016b00      0x3df src/hw/hw.o
 .debug_macro   0x0000000000016edf      0x31d src/lib/cubemx_f103v/Drivers/STM32F1xx_HAL_Driver/Src/stm32f1xx_hal.o
 .debug_macro   0x00000000000171fc      0x2f9 src/lib/cubemx_f103v/Drivers/STM32F1xx_HAL_Driver/Src/stm32f1xx_hal_cortex.o
 .debug_macro   0x00000000000174f5      0x2f9 src/lib/cubemx_f103v/Drivers/STM32F1xx_HAL_Driver/Src/stm32f1xx_hal_flash.o
 .debug_macro   0x00000000000177ee      0x30b src/lib/cubemx_f103v/Drivers/STM32F1xx_HAL_Driver/Src/stm32f1xx_hal_flash_ex.o
 .debug_macro   0x0000000000017af9      0x369 src/lib/cubemx_f103v/Drivers/STM32F1xx_HAL_Driver/Src/stm32f1xx_hal_gpio.o
 .debug_macro   0x0000000000017e62      0x305 src/lib/cubemx_f103v/Drivers/STM32F1xx_HAL_Driver/Src/stm32f1xx_hal_pcd.o
 .debug_macro   0x0000000000018167      0x2f9 src/lib/cubemx_f103v/Drivers/STM32F1xx_HAL_Driver/Src/stm32f1xx_hal_pcd_ex.o
 .debug_macro   0x0000000000018460      0x359 src/lib/cubemx_f103v/Drivers/STM32F1xx_HAL_Driver/Src/stm32f1xx_hal_pwr.o
 .debug_macro   0x00000000000187b9      0x30b src/lib/cubemx_f103v/Drivers/STM32F1xx_HAL_Driver/Src/stm32f1xx_hal_rcc.o
 .debug_macro   0x0000000000018ac4      0x2f9 src/lib/cubemx_f103v/Drivers/STM32F1xx_HAL_Driver/Src/stm32f1xx_hal_rcc_ex.o
 .debug_macro   0x0000000000018dbd      0x308 src/lib/cubemx_f103v/Drivers/STM32F1xx_HAL_Driver/Src/stm32f1xx_hal_rtc.o
 .debug_macro   0x00000000000190c5      0x2f9 src/lib/cubemx_f103v/Drivers/STM32F1xx_HAL_Driver/Src/stm32f1xx_hal_rtc_ex.o
 .debug_macro   0x00000000000193be      0x2f9 src/lib/cubemx_f103v/Drivers/STM32F1xx_HAL_Driver/Src/stm32f1xx_ll_usb.o
 .debug_macro   0x00000000000196b7      0x46b src/lib/cubemx_f103v/Middlewares/ST/STM32_USB_Device_Library/Class/DFU/Src/usbd_dfu.o
 .debug_macro   0x0000000000019b22      0x10a src/lib/cubemx_f103v/Middlewares/ST/STM32_USB_Device_Library/Class/DFU/Src/usbd_dfu.o
 .debug_macro   0x0000000000019c2c       0x1c src/lib/cubemx_f103v/Middlewares/ST/STM32_USB_Device_Library/Class/DFU/Src/usbd_dfu.o
 .debug_macro   0x0000000000019c48      0x433 src/lib/cubemx_f103v/Middlewares/ST/STM32_USB_Device_Library/Core/Src/usbd_core.o
 .debug_macro   0x000000000001a07b      0x1c9 src/lib/cubemx_f103v/Middlewares/ST/STM32_USB_Device_Library/Core/Src/usbd_core.o
 .debug_macro   0x000000000001a244      0x43d src/lib/cubemx_f103v/Middlewares/ST/STM32_USB_Device_Library/Core/Src/usbd_ctlreq.o
 .debug_macro   0x000000000001a681      0x439 src/lib/cubemx_f103v/Middlewares/ST/STM32_USB_Device_Library/Core/Src/usbd_ioreq.o
 .debug_macro   0x000000000001aaba      0x474 src/lib/cubemx_f103v/USB_DEVICE/App/usb_device.o
 .debug_macro   0x000000000001af2e       0x46 src/lib/cubemx_f103v/USB_DEVICE/App/usb_device.o
 .debug_macro   0x000000000001af74       0x22 src/lib/cubemx_f103v/USB_DEVICE/App/usb_device.o
 .debug_macro   0x000000000001af96      0x470 src/lib/cubemx_f103v/USB_DEVICE/App/usbd_desc.o
 .debug_macro   0x000000000001b406      0x458 src/lib/cubemx_f103v/USB_DEVICE/App/usbd_dfu_if.o
 .debug_macro   0x000000000001b85e      0x457 src/lib/cubemx_f103v/USB_DEVICE/Target/usbd_conf.o
 .debug_macro   0x000000000001bcb5      0x3f3 src/main.o

.debug_line     0x0000000000000000    0x17b5d
 .debug_line    0x0000000000000000      0xa51 src/ap/ap.o
 .debug_line    0x0000000000000a51      0xa9c src/bsp/bsp.o
 .debug_line    0x00000000000014ed      0x8e6 src/bsp/stm32f1xx_hal_msp.o
 .debug_line    0x0000000000001dd3      0xb58 src/bsp/stm32f1xx_it.o
 .debug_line    0x000000000000292b      0x4fe src/bsp/system_stm32f1xx.o
 .debug_line    0x0000000000002e29       0x87 src/bsp/startup/startup_stm32f103vetx.o
 .debug_line    0x0000000000002eb0      0xaf0 src/hw/driver/flash.o
 .debug_line    0x00000000000039a0      0xa63 src/hw/driver/led.o
 .debug_line    0x0000000000004403      0xa58 src/hw/driver/reset.o
 .debug_line    0x0000000000004e5b      0xa56 src/hw/driver/rtc.o
 .debug_line    0x00000000000058b1      0xbe9 src/hw/driver/usb.o
 .debug_line    0x000000000000649a      0xa48 src/hw/hw.o
 .debug_line    0x0000000000006ee2      0xab6 src/lib/cubemx_f103v/Drivers/STM32F1xx_HAL_Driver/Src/stm32f1xx_hal.o
 .debug_line    0x0000000000007998      0xace src/lib/cubemx_f103v/Drivers/STM32F1xx_HAL_Driver/Src/stm32f1xx_hal_cortex.o
 .debug_line    0x0000000000008466      0xb02 src/lib/cubemx_f103v/Drivers/STM32F1xx_HAL_Driver/Src/stm32f1xx_hal_flash.o
 .debug_line    0x0000000000008f68      0xb97 src/lib/cubemx_f103v/Drivers/STM32F1xx_HAL_Driver/Src/stm32f1xx_hal_flash_ex.o
 .debug_line    0x0000000000009aff      0xac7 src/lib/cubemx_f103v/Drivers/STM32F1xx_HAL_Driver/Src/stm32f1xx_hal_gpio.o
 .debug_line    0x000000000000a5c6      0xde3 src/lib/cubemx_f103v/Drivers/STM32F1xx_HAL_Driver/Src/stm32f1xx_hal_pcd.o
 .debug_line    0x000000000000b3a9      0x932 src/lib/cubemx_f103v/Drivers/STM32F1xx_HAL_Driver/Src/stm32f1xx_hal_pcd_ex.o
 .debug_line    0x000000000000bcdb      0xaa2 src/lib/cubemx_f103v/Drivers/STM32F1xx_HAL_Driver/Src/stm32f1xx_hal_pwr.o
 .debug_line    0x000000000000c77d      0xbd4 src/lib/cubemx_f103v/Drivers/STM32F1xx_HAL_Driver/Src/stm32f1xx_hal_rcc.o
 .debug_line    0x000000000000d351      0x9c3 src/lib/cubemx_f103v/Drivers/STM32F1xx_HAL_Driver/Src/stm32f1xx_hal_rcc_ex.o
 .debug_line    0x000000000000dd14      0xe11 src/lib/cubemx_f103v/Drivers/STM32F1xx_HAL_Driver/Src/stm32f1xx_hal_rtc.o
 .debug_line    0x000000000000eb25      0xb41 src/lib/cubemx_f103v/Drivers/STM32F1xx_HAL_Driver/Src/stm32f1xx_hal_rtc_ex.o
 .debug_line    0x000000000000f666      0xd2d src/lib/cubemx_f103v/Drivers/STM32F1xx_HAL_Driver/Src/stm32f1xx_ll_usb.o
 .debug_line    0x0000000000010393     0x1039 src/lib/cubemx_f103v/Middlewares/ST/STM32_USB_Device_Library/Class/DFU/Src/usbd_dfu.o
 .debug_line    0x00000000000113cc      0xde7 src/lib/cubemx_f103v/Middlewares/ST/STM32_USB_Device_Library/Core/Src/usbd_core.o
 .debug_line    0x00000000000121b3      0xe07 src/lib/cubemx_f103v/Middlewares/ST/STM32_USB_Device_Library/Core/Src/usbd_ctlreq.o