Archive member included to satisfy reference by file (symbol)

c:/st/stm32cubeide_1.5.1/stm32cubeide/plugins/com.st.stm32cube.ide.mcu.externaltools.gnu-tools-for-stm32.7-2018-q2-update.win32_1.5.0.202011040924/tools/bin/../lib/gcc/arm-none-eabi/7.3.1/../../../../arm-none-eabi/lib/thumb/v7-m\libc_nano.a(lib_a-errno.o)
                              src/bsp/syscalls.o (__errno)
c:/st/stm32cubeide_1.5.1/stm32cubeide/plugins/com.st.stm32cube.ide.mcu.externaltools.gnu-tools-for-stm32.7-2018-q2-update.win32_1.5.0.202011040924/tools/bin/../lib/gcc/arm-none-eabi/7.3.1/../../../../arm-none-eabi/lib/thumb/v7-m\libc_nano.a(lib_a-exit.o)
                              c:/st/stm32cubeide_1.5.1/stm32cubeide/plugins/com.st.stm32cube.ide.mcu.externaltools.gnu-tools-for-stm32.7-2018-q2-update.win32_1.5.0.202011040924/tools/bin/../lib/gcc/arm-none-eabi/7.3.1/../../../../arm-none-eabi/lib/thumb/v7-m/crt0.o (exit)
c:/st/stm32cubeide_1.5.1/stm32cubeide/plugins/com.st.stm32cube.ide.mcu.externaltools.gnu-tools-for-stm32.7-2018-q2-update.win32_1.5.0.202011040924/tools/bin/../lib/gcc/arm-none-eabi/7.3.1/../../../../arm-none-eabi/lib/thumb/v7-m\libc_nano.a(lib_a-impure.o)
                              c:/st/stm32cubeide_1.5.1/stm32cubeide/plugins/com.st.stm32cube.ide.mcu.externaltools.gnu-tools-for-stm32.7-2018-q2-update.win32_1.5.0.202011040924/tools/bin/../lib/gcc/arm-none-eabi/7.3.1/../../../../arm-none-eabi/lib/thumb/v7-m\libc_nano.a(lib_a-exit.o) (_global_impure_ptr)
c:/st/stm32cubeide_1.5.1/stm32cubeide/plugins/com.st.stm32cube.ide.mcu.externaltools.gnu-tools-for-stm32.7-2018-q2-update.win32_1.5.0.202011040924/tools/bin/../lib/gcc/arm-none-eabi/7.3.1/../../../../arm-none-eabi/lib/thumb/v7-m\libc_nano.a(lib_a-init.o)
                              c:/st/stm32cubeide_1.5.1/stm32cubeide/plugins/com.st.stm32cube.ide.mcu.externaltools.gnu-tools-for-stm32.7-2018-q2-update.win32_1.5.0.202011040924/tools/bin/../lib/gcc/arm-none-eabi/7.3.1/../../../../arm-none-eabi/lib/thumb/v7-m/crt0.o (__libc_init_array)
c:/st/stm32cubeide_1.5.1/stm32cubeide/plugins/com.st.stm32cube.ide.mcu.externaltools.gnu-tools-for-stm32.7-2018-q2-update.win32_1.5.0.202011040924/tools/bin/../lib/gcc/arm-none-eabi/7.3.1/../../../../arm-none-eabi/lib/thumb/v7-m\libc_nano.a(lib_a-memset.o)
                              c:/st/stm32cubeide_1.5.1/stm32cubeide/plugins/com.st.stm32cube.ide.mcu.externaltools.gnu-tools-for-stm32.7-2018-q2-update.win32_1.5.0.202011040924/tools/bin/../lib/gcc/arm-none-eabi/7.3.1/../../../../arm-none-eabi/lib/thumb/v7-m/crt0.o (memset)
c:/st/stm32cubeide_1.5.1/stm32cubeide/plugins/com.st.stm32cube.ide.mcu.externaltools.gnu-tools-for-stm32.7-2018-q2-update.win32_1.5.0.202011040924/tools/bin/../lib/gcc/arm-none-eabi/7.3.1/../../../../arm-none-eabi/lib/thumb/v7-m\libc_nano.a(lib_a-printf.o)
                              src/ap/ap.o (printf)
c:/st/stm32cubeide_1.5.1/stm32cubeide/plugins/com.st.stm32cube.ide.mcu.externaltools.gnu-tools-for-stm32.7-2018-q2-update.win32_1.5.0.202011040924/tools/bin/../lib/gcc/arm-none-eabi/7.3.1/../../../../arm-none-eabi/lib/thumb/v7-m\libc_nano.a(lib_a-puts.o)
                              src/ap/ap.o (puts)
c:/st/stm32cubeide_1.5.1/stm32cubeide/plugins/com.st.stm32cube.ide.mcu.externaltools.gnu-tools-for-stm32.7-2018-q2-update.win32_1.5.0.202011040924/tools/bin/../lib/gcc/arm-none-eabi/7.3.1/../../../../arm-none-eabi/lib/thumb/v7-m\libc_nano.a(lib_a-vsnprintf.o)
                              src/hw/driver/uart.o (vsnprintf)
c:/st/stm32cubeide_1.5.1/stm32cubeide/plugins/com.st.stm32cube.ide.mcu.externaltools.gnu-tools-for-stm32.7-2018-q2-update.win32_1.5.0.202011040924/tools/bin/../lib/gcc/arm-none-eabi/7.3.1/../../../../arm-none-eabi/lib/thumb/v7-m\libc_nano.a(lib_a-wbuf.o)
                              c:/st/stm32cubeide_1.5.1/stm32cubeide/plugins/com.st.stm32cube.ide.mcu.externaltools.gnu-tools-for-stm32.7-2018-q2-update.win32_1.5.0.202011040924/tools/bin/../lib/gcc/arm-none-eabi/7.3.1/../../../../arm-none-eabi/lib/thumb/v7-m\libc_nano.a(lib_a-puts.o) (__swbuf_r)
c:/st/stm32cubeide_1.5.1/stm32cubeide/plugins/com.st.stm32cube.ide.mcu.externaltools.gnu-tools-for-stm32.7-2018-q2-update.win32_1.5.0.202011040924/tools/bin/../lib/gcc/arm-none-eabi/7.3.1/../../../../arm-none-eabi/lib/thumb/v7-m\libc_nano.a(lib_a-wsetup.o)
                              c:/st/stm32cubeide_1.5.1/stm32cubeide/plugins/com.st.stm32cube.ide.mcu.externaltools.gnu-tools-for-stm32.7-2018-q2-update.win32_1.5.0.202011040924/tools/bin/../lib/gcc/arm-none-eabi/7.3.1/../../../../arm-none-eabi/lib/thumb/v7-m\libc_nano.a(lib_a-puts.o) (__swsetup_r)
c:/st/stm32cubeide_1.5.1/stm32cubeide/plugins/com.st.stm32cube.ide.mcu.externaltools.gnu-tools-for-stm32.7-2018-q2-update.win32_1.5.0.202011040924/tools/bin/../lib/gcc/arm-none-eabi/7.3.1/../../../../arm-none-eabi/lib/thumb/v7-m\libc_nano.a(lib_a-fflush.o)
[...]
Memory Configuration

Name             Origin             Length             Attributes
RAM              0x0000000020000000 0x0000000000010000 xrw
FLASH            0x0000000008000000 0x0000000000080000 xr
*default*        0x0000000000000000 0xffffffffffffffff

Linker script and memory map

LOAD c:/st/stm32cubeide_1.5.1/stm32cubeide/plugins/com.st.stm32cube.ide.mcu.externaltools.gnu-tools-for-stm32.7-2018-q2-update.win32_1.5.0.202011040924/tools/bin/../lib/gcc/arm-none-eabi/7.3.1/thumb/v7-m/crti.o
LOAD c:/st/stm32cubeide_1.5.1/stm32cubeide/plugins/com.st.stm32cube.ide.mcu.externaltools.gnu-tools-for-stm32.7-2018-q2-update.win32_1.5.0.202011040924/tools/bin/../lib/gcc/arm-none-eabi/7.3.1/thumb/v7-m/crtbegin.o
LOAD c:/st/stm32cubeide_1.5.1/stm32cubeide/plugins/com.st.stm32cube.ide.mcu.externaltools.gnu-tools-for-stm32.7-2018-q2-update.win32_1.5.0.202011040924/tools/bin/../lib/gcc/arm-none-eabi/7.3.1/../../../../arm-none-eabi/lib/thumb/v7-m/crt0.o
LOAD src/ap/ap.o
LOAD src/bsp/bsp.o
LOAD src/bsp/stm32f1xx_hal_msp.o
LOAD src/bsp/stm32f1xx_it.o
LOAD src/bsp/syscalls.o
LOAD src/bsp/sysmem.o
LOAD src/bsp/system_stm32f1xx.o
LOAD src/bsp/startup/startup_stm32f103vetx.o
LOAD src/common/core/qbuffer.o
LOAD src/hw/driver/cdc.o
LOAD src/hw/driver/flash.o
LOAD src/hw/driver/led.o
LOAD src/hw/driver/reset.o
LOAD src/hw/driver/rtc.o
LOAD src/hw/driver/uart.o
LOAD src/hw/driver/usb.o
LOAD src/hw/hw.o
LOAD src/lib/cubemx_f103v/Drivers/STM32F1xx_HAL_Driver/Src/stm32f1xx_hal.o
LOAD src/lib/cubemx_f103v/Drivers/STM32F1xx_HAL_Driver/Src/stm32f1xx_hal_cortex.o
LOAD src/lib/cubemx_f103v/Drivers/STM32F1xx_HAL_Driver/Src/stm32f1xx_hal_dma.o
LOAD src/lib/cubemx_f103v/Drivers/STM32F1xx_HAL_Driver/Src/stm32f1xx_hal_flash.o
LOAD src/lib/cubemx_f103v/Drivers/STM32F1xx_HAL_Driver/Src/stm32f1xx_hal_flash_ex.o
LOAD src/lib/cubemx_f103v/Drivers/STM32F1xx_HAL_Driver/Src/stm32f1xx_hal_gpio.o
LOAD src/lib/cubemx_f103v/Drivers/STM32F1xx_HAL_Driver/Src/stm32f1xx_hal_gpio_ex.o
LOAD src/lib/cubemx_f103v/Drivers/STM32F1xx_HAL_Driver/Src/stm32f1xx_hal_pcd.o
LOAD src/lib/cubemx_f103v/Drivers/STM32F1xx_HAL_Driver/Src/stm32f1xx_hal_pcd_ex.o
LOAD src/lib/cubemx_f103v/Drivers/STM32F1xx_HAL_Driver/Src/stm32f1xx_hal_pwr.o
LOAD src/lib/cubemx_f103v/Drivers/STM32F1xx_HAL_Driver/Src/stm32f1xx_hal_rcc.o
LOAD src/lib/cubemx_f103v/Drivers/STM32F1xx_HAL_Driver/Src/stm32f1xx_hal_rcc_ex.o
LOAD src/lib/cubemx_f103v/Drivers/STM32F1xx_HAL_Driver/Src/stm32f1xx_hal_rtc.o
LOAD src/lib/cubemx_f103v/Drivers/STM32F1xx_HAL_Driver/Src/stm32f1xx_hal_rtc_ex.o
LOAD src/lib/cubemx_f103v/Drivers/STM32F1xx_HAL_Driver/Src/stm32f1xx_hal_tim.o
LOAD src/lib/cubemx_f103v/Drivers/STM32F1xx_HAL_Driver/Src/stm32f1xx_hal_tim_ex.o
LOAD src/lib/cubemx_f103v/Drivers/STM32F1xx_HAL_Driver/Src/stm32f1xx_hal_uart.o
LOAD src/lib/cubemx_f103v/Drivers/STM32F1xx_HAL_Driver/Src/stm32f1xx_ll_usb.o
LOAD src/lib/cubemx_f103v/Middlewares/ST/STM32_USB_Device_Library/Class/CDC/Src/usbd_cdc.o
LOAD src/lib/cubemx_f103v/Middlewares/ST/STM32_USB_Device_Library/Core/Src/usbd_core.o
LOAD src/lib/cubemx_f103v/Middlewares/ST/STM32_USB_Device_Library/Core/Src/usbd_ctlreq.o
LOAD src/lib/cubemx_f103v/Middlewares/ST/STM32_USB_Device_Library/Core/Src/usbd_ioreq.o
LOAD src/lib/cubemx_f103v/USB_DEVICE/App/usb_device.o
LOAD src/lib/cubemx_f103v/USB_DEVICE/App/usbd_cdc_if.o
LOAD src/lib/cubemx_f103v/USB_DEVICE/App/usbd_desc.o
LOAD src/lib/cubemx_f103v/USB_DEVICE/Target/usbd_conf.o
LOAD src/main.o
START GROUP
LOAD c:/st/stm32cubeide_1.5.1/stm32cubeide/plugins/com.st.stm32cube.ide.mcu.externaltools.gnu-tools-for-stm32.7-2018-q2-update.win32_1.5.0.202011040924/tools/bin/../lib/gcc/arm-none-eabi/7.3.1/../../../../arm-none-eabi/lib/thumb/v7-m\libc_nano.a
LOAD c:/st/stm32cubeide_1.5.1/stm32cubeide/plugins/com.st.stm32cube.ide.mcu.externaltools.gnu-tools-for-stm32.7-2018-q2-update.win32_1.5.0.202011040924/tools/bin/../lib/gcc/arm-none-eabi/7.3.1/../../../../arm-none-eabi/lib/thumb/v7-m\libm.a
END GROUP
START GROUP
LOAD c:/st/stm32cubeide_1.5.1/stm32cubeide/plugins/com.st.stm32cube.ide.mcu.externaltools.gnu-tools-for-stm32.7-2018-q2-update.win32_1.5.0.202011040924/tools/bin/../lib/gcc/arm-none-eabi/7.3.1/thumb/v7-m\libgcc.a
LOAD c:/st/stm32cubeide_1.5.1/stm32cubeide/plugins/com.st.stm32cube.ide.mcu.externaltools.gnu-tools-for-stm32.7-2018-q2-update.win32_1.5.0.202011040924/tools/bin/../lib/gcc/arm-none-eabi/7.3.1/../../../../arm-none-eabi/lib/thumb/v7-m\libc_nano.a
END GROUP
START GROUP
LOAD c:/st/stm32cubeide_1.5.1/stm32cubeide/plugins/com.st.stm32cube.ide.mcu.externaltools.gnu-tools-for-stm32.7-2018-q2-update.win32_1.5.0.202011040924/tools/bin/../lib/gcc/arm-none-eabi/7.3.1/thumb/v7-m\libgcc.a
LOAD c:/st/stm32cubeide_1.5.1/stm32cubeide/plugins/com.st.stm32cube.ide.mcu.externaltools.gnu-tools-for-stm32.7-2018-q2-update.win32_1.5.0.202011040924/tools/bin/../lib/gcc/arm-none-eabi/7.3.1/../../../../arm-none-eabi/lib/thumb/v7-m\libc_nano.a
LOAD c:/st/stm32cubeide_1.5.1/stm32cubeide/plugins/com.st.stm32cube.ide.mcu.externaltools.gnu-tools-for-stm32.7-2018-q2-update.win32_1.5.0.202011040924/tools/bin/../lib/gcc/arm-none-eabi/7.3.1/../../../../arm-none-eabi/lib/thumb/v7-m\libnosys.a
END GROUP
START GROUP
LOAD c:/st/stm32cubeide_1.5.1/stm32cubeide/plugins/com.st.stm32cube.ide.mcu.externaltools.gnu-tools-for-stm32.7-2018-q2-update.win32_1.5.0.202011040924/tools/bin/../lib/gcc/arm-none-eabi/7.3.1/thumb/v7-m\libgcc.a
LOAD c:/st/stm32cubeide_1.5.1/stm32cubeide/plugins/com.st.stm32cube.ide.mcu.externaltools.gnu-tools-for-stm32.7-2018-q2-update.win32_1.5.0.202011040924/tools/bin/../lib/gcc/arm-none-eabi/7.3.1/../../../../arm-none-eabi/lib/thumb/v7-m\libc_nano.a
LOAD c:/st/stm32cubeide_1.5.1/stm32cubeide/plugins/com.st.stm32cube.ide.mcu.externaltools.gnu-tools-for-stm32.7-2018-q2-update.win32_1.5.0.202011040924/tools/bin/../lib/gcc/arm-none-eabi/7.3.1/../../../../arm-none-eabi/lib/thumb/v7-m\libnosys.a
END GROUP
LOAD c:/st/stm32cubeide_1.5.1/stm32cubeide/plugins/com.st.stm32cube.ide.mcu.externaltools.gnu-tools-for-stm32.7-2018-q2-update.win32_1.5.0.202011040924/tools/bin/../lib/gcc/arm-none-eabi/7.3.1/thumb/v7-m/crtend.o
LOAD c:/st/stm32cubeide_1.5.1/stm32cubeide/plugins/com.st.stm32cube.ide.mcu.externaltools.gnu-tools-for-stm32.7-2018-q2-update.win32_1.5.0.202011040924/tools/bin/../lib/gcc/arm-none-eabi/7.3.1/thumb/v7-m/crtn.o
                0x0000000020010000                _estack = (ORIGIN (RAM) + LENGTH (RAM))
                0x0000000000000200                _Min_Heap_Size = 0x200
                0x0000000000000400                _Min_Stack_Size = 0x400

.isr_vector     0x0000000008000000      0x1e4
                0x0000000008000000                . = ALIGN (0x4)
 *(.isr_vector)
 .isr_vector    0x0000000008000000      0x1e4 src/bsp/startup/startup_stm32f103vetx.o
                0x0000000008000000                g_pfnVectors
                0x00000000080001e4                . = ALIGN (0x4)

.text           0x00000000080001e4     0x8c78
                0x00000000080001e4                . = ALIGN (0x4)
 *(.text)
 .text          0x00000000080001e4       0x40 c:/st/stm32cubeide_1.5.1/stm32cubeide/plugins/com.st.stm32cube.ide.mcu.externaltools.gnu-tools-for-stm32.7-2018-q2-update.win32_1.5.0.202011040924/tools/bin/../lib/gcc/arm-none-eabi/7.3.1/thumb/v7-m/crtbegin.o
 *(.text*)
 .text.apInit   0x0000000008000224       0x1c src/ap/ap.o
                0x0000000008000224                apInit
 .text.apMain   0x0000000008000240      0x124 src/ap/ap.o
                0x0000000008000240                apMain
 .text.bspInit  0x0000000008000364       0x14 src/bsp/bsp.o
                0x0000000008000364                bspInit
 .text.delay    0x0000000008000378       0x16 src/bsp/bsp.o
                0x0000000008000378                delay
 .text.millis   0x000000000800038e        0xe src/bsp/bsp.o
                0x000000000800038e                millis
 .text.__io_putchar
                0x000000000800039c       0x1e src/bsp/bsp.o
                0x000000000800039c                __io_putchar
 .text.SystemClock_Config
                0x00000000080003ba       0xc2 src/bsp/bsp.o
                0x00000000080003ba                SystemClock_Config
 .text.MX_GPIO_Init
                0x000000000800047c       0x80 src/bsp/bsp.o
 .text.Error_Handler
                0x00000000080004fc        0xc src/bsp/bsp.o
                0x00000000080004fc                Error_Handler
 .text.HAL_MspInit
                0x0000000008000508       0x64 src/bsp/stm32f1xx_hal_msp.o
                0x0000000008000508                HAL_MspInit
 .text.NMI_Handler
                0x000000000800056c        0xc src/bsp/stm32f1xx_it.o
                0x000000000800056c                NMI_Handler
 .text.HardFault_Handler
                0x0000000008000578        0x6 src/bsp/stm32f1xx_it.o
                0x0000000008000578                HardFault_Handler
 .text.MemManage_Handler
                0x000000000800057e        0x6 src/bsp/stm32f1xx_it.o
                0x000000000800057e                MemManage_Handler
 .text.BusFault_Handler
                0x0000000008000584        0x6 src/bsp/stm32f1xx_it.o
                0x0000000008000584                BusFault_Handler
 .text.UsageFault_Handler
                0x000000000800058a        0x6 src/bsp/stm32f1xx_it.o
                0x000000000800058a                UsageFault_Handler
 .text.SVC_Handler
                0x0000000008000590        0xc src/bsp/stm32f1xx_it.o
                0x0000000008000590                SVC_Handler
 .text.DebugMon_Handler
                0x000000000800059c        0xc src/bsp/stm32f1xx_it.o
                0x000000000800059c                DebugMon_Handler
 .text.PendSV_Handler
                0x00000000080005a8        0xc src/bsp/stm32f1xx_it.o
                0x00000000080005a8                PendSV_Handler
 .text.SysTick_Handler
                0x00000000080005b4        0xc src/bsp/stm32f1xx_it.o
                0x00000000080005b4                SysTick_Handler
 .text.DMA1_Channel5_IRQHandler
                0x00000000080005c0       0x14 src/bsp/stm32f1xx_it.o
                0x00000000080005c0                DMA1_Channel5_IRQHandler
 .text.USB_LP_CAN1_RX0_IRQHandler
                0x00000000080005d4       0x14 src/bsp/stm32f1xx_it.o
                0x00000000080005d4                USB_LP_CAN1_RX0_IRQHandler
 .text.USART1_IRQHandler
                0x00000000080005e8       0x14 src/bsp/stm32f1xx_it.o
                0x00000000080005e8                USART1_IRQHandler
 .text._read    0x00000000080005fc       0x3a src/bsp/syscalls.o
                0x00000000080005fc                _read
 .text._write   0x0000000008000636       0x38 src/bsp/syscalls.o
                0x0000000008000636                _write
 .text._close   0x000000000800066e       0x16 src/bsp/syscalls.o
                0x000000000800066e                _close
 .text._fstat   0x0000000008000684       0x1e src/bsp/syscalls.o
                0x0000000008000684                _fstat
 .text._isatty  0x00000000080006a2       0x14 src/bsp/syscalls.o
                0x00000000080006a2                _isatty
 .text._lseek   0x00000000080006b6       0x18 src/bsp/syscalls.o
                0x00000000080006b6                _lseek
 *fill*         0x00000000080006ce        0x2 
 .text._sbrk    0x00000000080006d0       0x58 src/bsp/sysmem.o
                0x00000000080006d0                _sbrk
 .text.SystemInit
                0x0000000008000728       0x68 src/bsp/system_stm32f1xx.o
                0x0000000008000728                SystemInit
 .text.Reset_Handler
                0x0000000008000790       0x48 src/bsp/startup/startup_stm32f103vetx.o
                0x0000000008000790                Reset_Handler
 .text.Default_Handler
                0x00000000080007d8        0x2 src/bsp/startup/startup_stm32f103vetx.o
                0x00000000080007d8                RTC_Alarm_IRQHandler
                0x00000000080007d8                EXTI2_IRQHandler
                0x00000000080007d8                TIM8_TRG_COM_IRQHandler
                0x00000000080007d8                TIM8_CC_IRQHandler
                0x00000000080007d8                TIM1_CC_IRQHandler
                0x00000000080007d8                TIM6_IRQHandler
                0x00000000080007d8                PVD_IRQHandler
                0x00000000080007d8                SDIO_IRQHandler
                0x00000000080007d8                EXTI3_IRQHandler
                0x00000000080007d8                EXTI0_IRQHandler
                0x00000000080007d8                I2C2_EV_IRQHandler
                0x00000000080007d8                ADC1_2_IRQHandler
                0x00000000080007d8                SPI1_IRQHandler
                0x00000000080007d8                TAMPER_IRQHandler
                0x00000000080007d8                TIM8_UP_IRQHandler
                0x00000000080007d8                DMA2_Channel2_IRQHandler
                0x00000000080007d8                DMA1_Channel4_IRQHandler
                0x00000000080007d8                USART3_IRQHandler
                0x00000000080007d8                RTC_IRQHandler
                0x00000000080007d8                DMA1_Channel7_IRQHandler
                0x00000000080007d8                CAN1_RX1_IRQHandler
                0x00000000080007d8                UART5_IRQHandler
                0x00000000080007d8                ADC3_IRQHandler
                0x00000000080007d8                TIM4_IRQHandler
                0x00000000080007d8                DMA2_Channel1_IRQHandler
                0x00000000080007d8                I2C1_EV_IRQHandler
                0x00000000080007d8                DMA1_Channel6_IRQHandler
                0x00000000080007d8                UART4_IRQHandler
                0x00000000080007d8                TIM3_IRQHandler
                0x00000000080007d8                RCC_IRQHandler
                0x00000000080007d8                TIM1_TRG_COM_IRQHandler
                0x00000000080007d8                DMA1_Channel1_IRQHandler
                0x00000000080007d8                Default_Handler
                0x00000000080007d8                EXTI15_10_IRQHandler
                0x00000000080007d8                TIM7_IRQHandler
                0x00000000080007d8                TIM5_IRQHandler
                0x00000000080007d8                EXTI9_5_IRQHandler
                0x00000000080007d8                SPI2_IRQHandler
                0x00000000080007d8                EXTI4_IRQHandler
                0x00000000080007d8                USB_HP_CAN1_TX_IRQHandler
                0x00000000080007d8                DMA1_Channel3_IRQHandler
                0x00000000080007d8                FSMC_IRQHandler
                0x00000000080007d8                TIM1_UP_IRQHandler
                0x00000000080007d8                WWDG_IRQHandler
                0x00000000080007d8                TIM2_IRQHandler
                0x00000000080007d8                TIM1_BRK_IRQHandler
                0x00000000080007d8                EXTI1_IRQHandler
                0x00000000080007d8                DMA2_Channel4_5_IRQHandler
                0x00000000080007d8                USART2_IRQHandler
                0x00000000080007d8                I2C2_ER_IRQHandler
                0x00000000080007d8                DMA1_Channel2_IRQHandler
                0x00000000080007d8                TIM8_BRK_IRQHandler
                0x00000000080007d8                CAN1_SCE_IRQHandler
                0x00000000080007d8                FLASH_IRQHandler
                0x00000000080007d8                SPI3_IRQHandler
                0x00000000080007d8                I2C1_ER_IRQHandler
                0x00000000080007d8                USBWakeUp_IRQHandler
                0x00000000080007d8                DMA2_Channel3_IRQHandler
 .text.qbufferCreate
                0x00000000080007da       0x34 src/common/core/qbuffer.o
                0x00000000080007da                qbufferCreate
 .text.qbufferRead
                0x000000000800080e       0x78 src/common/core/qbuffer.o
                0x000000000800080e                qbufferRead
 .text.qbufferAvailable
                0x0000000008000886       0x34 src/common/core/qbuffer.o
                0x0000000008000886                qbufferAvailable
 *fill*         0x00000000080008ba        0x2 
 .text.flashInit
                0x00000000080008bc       0x48 src/hw/driver/flash.o
                0x00000000080008bc                flashInit
 .text.flashErase
                0x0000000008000904       0xac src/hw/driver/flash.o
                0x0000000008000904                flashErase
 .text.flashWrite
                0x00000000080009b0       0x8c src/hw/driver/flash.o
                0x00000000080009b0                flashWrite
 .text.flashRead
                0x0000000008000a3c       0x44 src/hw/driver/flash.o
                0x0000000008000a3c                flashRead
 .text.flashInSector
                0x0000000008000a80       0xb0 src/hw/driver/flash.o
 .text.ledInit  0x0000000008000b30       0x9c src/hw/driver/led.o
                0x0000000008000b30                ledInit
 .text.ledOff   0x0000000008000bcc       0x40 src/hw/driver/led.o
                0x0000000008000bcc                ledOff
 .text.ledToggle
                0x0000000008000c0c       0x38 src/hw/driver/led.o
                0x0000000008000c0c                ledToggle
 .text.resetInit
                0x0000000008000c44       0x58 src/hw/driver/reset.o
                0x0000000008000c44                resetInit
 .text.rtcInit  0x0000000008000c9c       0x60 src/hw/driver/rtc.o
                0x0000000008000c9c                rtcInit
 .text.rtcBackupRegRead
                0x0000000008000cfc       0x20 src/hw/driver/rtc.o
                0x0000000008000cfc                rtcBackupRegRead
 .text.rtcBackupRegWrite
                0x0000000008000d1c       0x20 src/hw/driver/rtc.o
                0x0000000008000d1c                rtcBackupRegWrite
 .text.HAL_RTC_MspInit
                0x0000000008000d3c       0x48 src/hw/driver/rtc.o
                0x0000000008000d3c                HAL_RTC_MspInit
 .text.uartInit
                0x0000000008000d84       0x34 src/hw/driver/uart.o
                0x0000000008000d84                uartInit
 .text.uartOpen
                0x0000000008000db8      0x12c src/hw/driver/uart.o
                0x0000000008000db8                uartOpen
 .text.uartAvailable
                0x0000000008000ee4       0x64 src/hw/driver/uart.o
                0x0000000008000ee4                uartAvailable
 .text.uartRead
                0x0000000008000f48       0x44 src/hw/driver/uart.o
                0x0000000008000f48                uartRead
 .text.uartWrite
                0x0000000008000f8c       0x58 src/hw/driver/uart.o
                0x0000000008000f8c                uartWrite
 .text.HAL_UART_ErrorCallback
                0x0000000008000fe4       0x12 src/hw/driver/uart.o
                0x0000000008000fe4                HAL_UART_ErrorCallback
 .text.HAL_UART_RxCpltCallback
                0x0000000008000ff6       0x12 src/hw/driver/uart.o
                0x0000000008000ff6                HAL_UART_RxCpltCallback
 .text.HAL_UART_MspInit
                0x0000000008001008       0xfc src/hw/driver/uart.o
                0x0000000008001008                HAL_UART_MspInit
 .text.HAL_UART_MspDeInit
                0x0000000008001104       0x4c src/hw/driver/uart.o
                0x0000000008001104                HAL_UART_MspDeInit
 .text.usbInit  0x0000000008001150       0x54 src/hw/driver/usb.o
                0x0000000008001150                usbInit
 .text.hwInit   0x00000000080011a4       0x24 src/hw/hw.o
                0x00000000080011a4                hwInit
 .text.HAL_Init
                0x00000000080011c8       0x2c src/lib/cubemx_f103v/Drivers/STM32F1xx_HAL_Driver/Src/stm32f1xx_hal.o
                0x00000000080011c8                HAL_Init
 .text.HAL_InitTick
                0x00000000080011f4       0x60 src/lib/cubemx_f103v/Drivers/STM32F1xx_HAL_Driver/Src/stm32f1xx_hal.o
                0x00000000080011f4                HAL_InitTick
 .text.HAL_IncTick
                0x0000000008001254       0x24 src/lib/cubemx_f103v/Drivers/STM32F1xx_HAL_Driver/Src/stm32f1xx_hal.o
                0x0000000008001254                HAL_IncTick
 .text.HAL_GetTick
                0x0000000008001278       0x14 src/lib/cubemx_f103v/Drivers/STM32F1xx_HAL_Driver/Src/stm32f1xx_hal.o
                0x0000000008001278                HAL_GetTick
 .text.HAL_Delay
                0x000000000800128c       0x44 src/lib/cubemx_f103v/Drivers/STM32F1xx_HAL_Driver/Src/stm32f1xx_hal.o
                0x000000000800128c                HAL_Delay
 .text.NVIC_SetPriorityGrouping
                0x00000000080012d0       0x48 src/lib/cubemx_f103v/Drivers/STM32F1xx_HAL_Driver/Src/stm32f1xx_hal_cortex.o
 .text.NVIC_GetPriorityGrouping
                0x0000000008001318       0x1c src/lib/cubemx_f103v/Drivers/STM32F1xx_HAL_Driver/Src/stm32f1xx_hal_cortex.o
 .text.NVIC_EnableIRQ
                0x0000000008001334       0x30 src/lib/cubemx_f103v/Drivers/STM32F1xx_HAL_Driver/Src/stm32f1xx_hal_cortex.o
 .text.NVIC_DisableIRQ
                0x0000000008001364       0x34 src/lib/cubemx_f103v/Drivers/STM32F1xx_HAL_Driver/Src/stm32f1xx_hal_cortex.o
 .text.NVIC_SetPriority
                0x0000000008001398       0x54 src/lib/cubemx_f103v/Drivers/STM32F1xx_HAL_Driver/Src/stm32f1xx_hal_cortex.o
 .text.NVIC_EncodePriority
                0x00000000080013ec       0x64 src/lib/cubemx_f103v/Drivers/STM32F1xx_HAL_Driver/Src/stm32f1xx_hal_cortex.o
 .text.SysTick_Config
                0x0000000008001450       0x44 src/lib/cubemx_f103v/Drivers/STM32F1xx_HAL_Driver/Src/stm32f1xx_hal_cortex.o
 .text.HAL_NVIC_SetPriorityGrouping
                0x0000000008001494       0x16 src/lib/cubemx_f103v/Drivers/STM32F1xx_HAL_Driver/Src/stm32f1xx_hal_cortex.o
                0x0000000008001494                HAL_NVIC_SetPriorityGrouping
 .text.HAL_NVIC_SetPriority
                0x00000000080014aa       0x38 src/lib/cubemx_f103v/Drivers/STM32F1xx_HAL_Driver/Src/stm32f1xx_hal_cortex.o
                0x00000000080014aa                HAL_NVIC_SetPriority
 .text.HAL_NVIC_EnableIRQ
                0x00000000080014e2       0x1c src/lib/cubemx_f103v/Drivers/STM32F1xx_HAL_Driver/Src/stm32f1xx_hal_cortex.o
                0x00000000080014e2                HAL_NVIC_EnableIRQ
 .text.HAL_NVIC_DisableIRQ
                0x00000000080014fe       0x1c src/lib/cubemx_f103v/Drivers/STM32F1xx_HAL_Driver/Src/stm32f1xx_hal_cortex.o
                0x00000000080014fe                HAL_NVIC_DisableIRQ
 .text.HAL_SYSTICK_Config
                0x000000000800151a       0x18 src/lib/cubemx_f103v/Drivers/STM32F1xx_HAL_Driver/Src/stm32f1xx_hal_cortex.o
                0x000000000800151a                HAL_SYSTICK_Config
 *fill*         0x0000000008001532        0x2 
 .text.HAL_DMA_Init
                0x0000000008001534       0xec src/lib/cubemx_f103v/Drivers/STM32F1xx_HAL_Driver/Src/stm32f1xx_hal_dma.o
                0x0000000008001534                HAL_DMA_Init
 .text.HAL_DMA_DeInit
                0x0000000008001620       0xf0 src/lib/cubemx_f103v/Drivers/STM32F1xx_HAL_Driver/Src/stm32f1xx_hal_dma.o
                0x0000000008001620                HAL_DMA_DeInit
 .text.HAL_DMA_Start_IT
                0x0000000008001710       0xbe src/lib/cubemx_f103v/Drivers/STM32F1xx_HAL_Driver/Src/stm32f1xx_hal_dma.o
                0x0000000008001710                HAL_DMA_Start_IT
 *fill*         0x00000000080017ce        0x2 
 .text.HAL_DMA_Abort_IT
                0x00000000080017d0      0x210 src/lib/cubemx_f103v/Drivers/STM32F1xx_HAL_Driver/Src/stm32f1xx_hal_dma.o
                0x00000000080017d0                HAL_DMA_Abort_IT
 .text.HAL_DMA_IRQHandler
                0x00000000080019e0      0x478 src/lib/cubemx_f103v/Drivers/STM32F1xx_HAL_Driver/Src/stm32f1xx_hal_dma.o
                0x00000000080019e0                HAL_DMA_IRQHandler
 .text.DMA_SetConfig
                0x0000000008001e58       0x5a src/lib/cubemx_f103v/Drivers/STM32F1xx_HAL_Driver/Src/stm32f1xx_hal_dma.o
 *fill*         0x0000000008001eb2        0x2 
 .text.HAL_FLASH_Program
                0x0000000008001eb4       0xe0 src/lib/cubemx_f103v/Drivers/STM32F1xx_HAL_Driver/Src/stm32f1xx_hal_flash.o
                0x0000000008001eb4                HAL_FLASH_Program
 .text.HAL_FLASH_Unlock
                0x0000000008001f94       0x4c src/lib/cubemx_f103v/Drivers/STM32F1xx_HAL_Driver/Src/stm32f1xx_hal_flash.o
                0x0000000008001f94                HAL_FLASH_Unlock
 .text.HAL_FLASH_Lock
                0x0000000008001fe0       0x20 src/lib/cubemx_f103v/Drivers/STM32F1xx_HAL_Driver/Src/stm32f1xx_hal_flash.o
                0x0000000008001fe0                HAL_FLASH_Lock
 .text.FLASH_Program_HalfWord
                0x0000000008002000       0x38 src/lib/cubemx_f103v/Drivers/STM32F1xx_HAL_Driver/Src/stm32f1xx_hal_flash.o
 .text.FLASH_WaitForLastOperation
                0x0000000008002038       0x8c src/lib/cubemx_f103v/Drivers/STM32F1xx_HAL_Driver/Src/stm32f1xx_hal_flash.o
                0x0000000008002038                FLASH_WaitForLastOperation
 .text.FLASH_SetErrorCode
                0x00000000080020c4       0xa0 src/lib/cubemx_f103v/Drivers/STM32F1xx_HAL_Driver/Src/stm32f1xx_hal_flash.o
 .text.HAL_FLASHEx_Erase
                0x0000000008002164       0xd8 src/lib/cubemx_f103v/Drivers/STM32F1xx_HAL_Driver/Src/stm32f1xx_hal_flash_ex.o
                0x0000000008002164                HAL_FLASHEx_Erase
 .text.FLASH_MassErase
                0x000000000800223c       0x38 src/lib/cubemx_f103v/Drivers/STM32F1xx_HAL_Driver/Src/stm32f1xx_hal_flash_ex.o
 .text.FLASH_PageErase
                0x0000000008002274       0x40 src/lib/cubemx_f103v/Drivers/STM32F1xx_HAL_Driver/Src/stm32f1xx_hal_flash_ex.o
                0x0000000008002274                FLASH_PageErase
 .text.HAL_GPIO_Init
                0x00000000080022b4      0x2dc src/lib/cubemx_f103v/Drivers/STM32F1xx_HAL_Driver/Src/stm32f1xx_hal_gpio.o
                0x00000000080022b4                HAL_GPIO_Init
 .text.HAL_GPIO_DeInit
                0x0000000008002590      0x1a4 src/lib/cubemx_f103v/Drivers/STM32F1xx_HAL_Driver/Src/stm32f1xx_hal_gpio.o
                0x0000000008002590                HAL_GPIO_DeInit
 .text.HAL_GPIO_WritePin
                0x0000000008002734       0x30 src/lib/cubemx_f103v/Drivers/STM32F1xx_HAL_Driver/Src/stm32f1xx_hal_gpio.o
                0x0000000008002734                HAL_GPIO_WritePin
 .text.HAL_GPIO_TogglePin
                0x0000000008002764       0x22 src/lib/cubemx_f103v/Drivers/STM32F1xx_HAL_Driver/Src/stm32f1xx_hal_gpio.o
                0x0000000008002764                HAL_GPIO_TogglePin
 .text.HAL_PCD_Init
                0x0000000008002786      0x1b4 src/lib/cubemx_f103v/Drivers/STM32F1xx_HAL_Driver/Src/stm32f1xx_hal_pcd.o
                0x0000000008002786                HAL_PCD_Init
 .text.HAL_PCD_Start
                0x000000000800293a       0x4c src/lib/cubemx_f103v/Drivers/STM32F1xx_HAL_Driver/Src/stm32f1xx_hal_pcd.o
                0x000000000800293a                HAL_PCD_Start
 .text.HAL_PCD_IRQHandler
                0x0000000008002986      0x204 src/lib/cubemx_f103v/Drivers/STM32F1xx_HAL_Driver/Src/stm32f1xx_hal_pcd.o
                0x0000000008002986                HAL_PCD_IRQHandler
 .text.HAL_PCD_SetAddress
                0x0000000008002b8a       0x4a src/lib/cubemx_f103v/Drivers/STM32F1xx_HAL_Driver/Src/stm32f1xx_hal_pcd.o
                0x0000000008002b8a                HAL_PCD_SetAddress
 .text.HAL_PCD_EP_Open
                0x0000000008002bd4       0xaa src/lib/cubemx_f103v/Drivers/STM32F1xx_HAL_Driver/Src/stm32f1xx_hal_pcd.o
                0x0000000008002bd4                HAL_PCD_EP_Open
 .text.HAL_PCD_EP_Close
                0x0000000008002c7e       0x8c src/lib/cubemx_f103v/Drivers/STM32F1xx_HAL_Driver/Src/stm32f1xx_hal_pcd.o
                0x0000000008002c7e                HAL_PCD_EP_Close
 .text.HAL_PCD_EP_Receive
                0x0000000008002d0a       0x78 src/lib/cubemx_f103v/Drivers/STM32F1xx_HAL_Driver/Src/stm32f1xx_hal_pcd.o
                0x0000000008002d0a                HAL_PCD_EP_Receive
 .text.HAL_PCD_EP_GetRxCount
                0x0000000008002d82       0x2a src/lib/cubemx_f103v/Drivers/STM32F1xx_HAL_Driver/Src/stm32f1xx_hal_pcd.o
                0x0000000008002d82                HAL_PCD_EP_GetRxCount
 .text.HAL_PCD_EP_Transmit
                0x0000000008002dac       0x76 src/lib/cubemx_f103v/Drivers/STM32F1xx_HAL_Driver/Src/stm32f1xx_hal_pcd.o
                0x0000000008002dac                HAL_PCD_EP_Transmit
 .text.HAL_PCD_EP_SetStall
                0x0000000008002e22       0xaa src/lib/cubemx_f103v/Drivers/STM32F1xx_HAL_Driver/Src/stm32f1xx_hal_pcd.o
                0x0000000008002e22                HAL_PCD_EP_SetStall
 .text.HAL_PCD_EP_ClrStall
                0x0000000008002ecc       0x8e src/lib/cubemx_f103v/Drivers/STM32F1xx_HAL_Driver/Src/stm32f1xx_hal_pcd.o
                0x0000000008002ecc                HAL_PCD_EP_ClrStall
 *fill*         0x0000000008002f5a        0x2 
 .text.PCD_EP_ISR_Handler
                0x0000000008002f5c      0x654 src/lib/cubemx_f103v/Drivers/STM32F1xx_HAL_Driver/Src/stm32f1xx_hal_pcd.o
 .text.HAL_PCDEx_PMAConfig
                0x00000000080035b0       0x7a src/lib/cubemx_f103v/Drivers/STM32F1xx_HAL_Driver/Src/stm32f1xx_hal_pcd_ex.o
                0x00000000080035b0                HAL_PCDEx_PMAConfig
 *fill*         0x000000000800362a        0x2 
 .text.HAL_PWR_EnableBkUpAccess
                0x000000000800362c       0x18 src/lib/cubemx_f103v/Drivers/STM32F1xx_HAL_Driver/Src/stm32f1xx_hal_pwr.o
                0x000000000800362c                HAL_PWR_EnableBkUpAccess
 .text.HAL_RCC_OscConfig
                0x0000000008003644      0x4c8 src/lib/cubemx_f103v/Drivers/STM32F1xx_HAL_Driver/Src/stm32f1xx_hal_rcc.o
                0x0000000008003644                HAL_RCC_OscConfig
 .text.HAL_RCC_ClockConfig
                0x0000000008003b0c      0x218 src/lib/cubemx_f103v/Drivers/STM32F1xx_HAL_Driver/Src/stm32f1xx_hal_rcc.o
                0x0000000008003b0c                HAL_RCC_ClockConfig
 .text.HAL_RCC_GetSysClockFreq
                0x0000000008003d24       0xc4 src/lib/cubemx_f103v/Drivers/STM32F1xx_HAL_Driver/Src/stm32f1xx_hal_rcc.o
                0x0000000008003d24                HAL_RCC_GetSysClockFreq
 .text.HAL_RCC_GetHCLKFreq
                0x0000000008003de8       0x14 src/lib/cubemx_f103v/Drivers/STM32F1xx_HAL_Driver/Src/stm32f1xx_hal_rcc.o
                0x0000000008003de8                HAL_RCC_GetHCLKFreq
 .text.HAL_RCC_GetPCLK1Freq
                0x0000000008003dfc       0x28 src/lib/cubemx_f103v/Drivers/STM32F1xx_HAL_Driver/Src/stm32f1xx_hal_rcc.o
                0x0000000008003dfc                HAL_RCC_GetPCLK1Freq
 .text.HAL_RCC_GetPCLK2Freq
                0x0000000008003e24       0x28 src/lib/cubemx_f103v/Drivers/STM32F1xx_HAL_Driver/Src/stm32f1xx_hal_rcc.o
                0x0000000008003e24                HAL_RCC_GetPCLK2Freq
 .text.RCC_Delay
                0x0000000008003e4c       0x3c src/lib/cubemx_f103v/Drivers/STM32F1xx_HAL_Driver/Src/stm32f1xx_hal_rcc.o
 .text.HAL_RCCEx_PeriphCLKConfig
                0x0000000008003e88      0x16c src/lib/cubemx_f103v/Drivers/STM32F1xx_HAL_Driver/Src/stm32f1xx_hal_rcc_ex.o
                0x0000000008003e88                HAL_RCCEx_PeriphCLKConfig
 .text.HAL_RCCEx_GetPeriphCLKFreq
                0x0000000008003ff4      0x1d4 src/lib/cubemx_f103v/Drivers/STM32F1xx_HAL_Driver/Src/stm32f1xx_hal_rcc_ex.o
                0x0000000008003ff4                HAL_RCCEx_GetPeriphCLKFreq
 .text.HAL_RTC_Init
                0x00000000080041c8      0x12c src/lib/cubemx_f103v/Drivers/STM32F1xx_HAL_Driver/Src/stm32f1xx_hal_rtc.o
                0x00000000080041c8                HAL_RTC_Init
 .text.HAL_RTC_WaitForSynchro
                0x00000000080042f4       0x5a src/lib/cubemx_f103v/Drivers/STM32F1xx_HAL_Driver/Src/stm32f1xx_hal_rtc.o
                0x00000000080042f4                HAL_RTC_WaitForSynchro
 .text.RTC_EnterInitMode
                0x000000000800434e       0x50 src/lib/cubemx_f103v/Drivers/STM32F1xx_HAL_Driver/Src/stm32f1xx_hal_rtc.o
 .text.RTC_ExitInitMode
                0x000000000800439e       0x50 src/lib/cubemx_f103v/Drivers/STM32F1xx_HAL_Driver/Src/stm32f1xx_hal_rtc.o
 *fill*         0x00000000080043ee        0x2 
 .text.HAL_RTCEx_BKUPWrite
                0x00000000080043f0       0x34 src/lib/cubemx_f103v/Drivers/STM32F1xx_HAL_Driver/Src/stm32f1xx_hal_rtc_ex.o
                0x00000000080043f0                HAL_RTCEx_BKUPWrite
 .text.HAL_RTCEx_BKUPRead
                0x0000000008004424       0x38 src/lib/cubemx_f103v/Drivers/STM32F1xx_HAL_Driver/Src/stm32f1xx_hal_rtc_ex.o
                0x0000000008004424                HAL_RTCEx_BKUPRead
 .text.HAL_UART_Init
                0x000000000800445c       0x9a src/lib/cubemx_f103v/Drivers/STM32F1xx_HAL_Driver/Src/stm32f1xx_hal_uart.o
                0x000000000800445c                HAL_UART_Init
 .text.HAL_UART_DeInit
                0x00000000080044f6       0x48 src/lib/cubemx_f103v/Drivers/STM32F1xx_HAL_Driver/Src/stm32f1xx_hal_uart.o
                0x00000000080044f6                HAL_UART_DeInit
 .text.HAL_UART_Transmit
                0x000000000800453e      0x132 src/lib/cubemx_f103v/Drivers/STM32F1xx_HAL_Driver/Src/stm32f1xx_hal_uart.o
                0x000000000800453e                HAL_UART_Transmit
 .text.HAL_UART_Receive_DMA
                0x0000000008004670      0x100 src/lib/cubemx_f103v/Drivers/STM32F1xx_HAL_Driver/Src/stm32f1xx_hal_uart.o
                0x0000000008004670                HAL_UART_Receive_DMA
 .text.HAL_UART_IRQHandler
                0x0000000008004770      0x1f8 src/lib/cubemx_f103v/Drivers/STM32F1xx_HAL_Driver/Src/stm32f1xx_hal_uart.o
                0x0000000008004770                HAL_UART_IRQHandler
 .text.HAL_UART_TxCpltCallback
                0x0000000008004968       0x12 src/lib/cubemx_f103v/Drivers/STM32F1xx_HAL_Driver/Src/stm32f1xx_hal_uart.o
                0x0000000008004968                HAL_UART_TxCpltCallback
 .text.HAL_UART_RxHalfCpltCallback
                0x000000000800497a       0x12 src/lib/cubemx_f103v/Drivers/STM32F1xx_HAL_Driver/Src/stm32f1xx_hal_uart.o
                0x000000000800497a                HAL_UART_RxHalfCpltCallback
 .text.UART_DMAReceiveCplt
                0x000000000800498c       0x68 src/lib/cubemx_f103v/Drivers/STM32F1xx_HAL_Driver/Src/stm32f1xx_hal_uart.o
 .text.UART_DMARxHalfCplt
                0x00000000080049f4       0x1c src/lib/cubemx_f103v/Drivers/STM32F1xx_HAL_Driver/Src/stm32f1xx_hal_uart.o
 .text.UART_DMAError
                0x0000000008004a10       0x94 src/lib/cubemx_f103v/Drivers/STM32F1xx_HAL_Driver/Src/stm32f1xx_hal_uart.o
 .text.UART_WaitOnFlagUntilTimeout
                0x0000000008004aa4       0x94 src/lib/cubemx_f103v/Drivers/STM32F1xx_HAL_Driver/Src/stm32f1xx_hal_uart.o
 .text.UART_EndTxTransfer
                0x0000000008004b38       0x2a src/lib/cubemx_f103v/Drivers/STM32F1xx_HAL_Driver/Src/stm32f1xx_hal_uart.o
 .text.UART_EndRxTransfer
                0x0000000008004b62       0x3a src/lib/cubemx_f103v/Drivers/STM32F1xx_HAL_Driver/Src/stm32f1xx_hal_uart.o
 .text.UART_DMAAbortOnError
                0x0000000008004b9c       0x28 src/lib/cubemx_f103v/Drivers/STM32F1xx_HAL_Driver/Src/stm32f1xx_hal_uart.o
 .text.UART_Transmit_IT
                0x0000000008004bc4       0xaa src/lib/cubemx_f103v/Drivers/STM32F1xx_HAL_Driver/Src/stm32f1xx_hal_uart.o
 .text.UART_EndTransmit_IT
                0x0000000008004c6e       0x30 src/lib/cubemx_f103v/Drivers/STM32F1xx_HAL_Driver/Src/stm32f1xx_hal_uart.o
 .text.UART_Receive_IT
                0x0000000008004c9e      0x102 src/lib/cubemx_f103v/Drivers/STM32F1xx_HAL_Driver/Src/stm32f1xx_hal_uart.o
 .text.UART_SetConfig
                0x0000000008004da0      0x230 src/lib/cubemx_f103v/Drivers/STM32F1xx_HAL_Driver/Src/stm32f1xx_hal_uart.o
 .text.USB_CoreInit
                0x0000000008004fd0       0x20 src/lib/cubemx_f103v/Drivers/STM32F1xx_HAL_Driver/Src/stm32f1xx_ll_usb.o
                0x0000000008004fd0                USB_CoreInit
 .text.USB_EnableGlobalInt
                0x0000000008004ff0       0x34 src/lib/cubemx_f103v/Drivers/STM32F1xx_HAL_Driver/Src/stm32f1xx_ll_usb.o
                0x0000000008004ff0                USB_EnableGlobalInt
 .text.USB_DisableGlobalInt
                0x0000000008005024       0x38 src/lib/cubemx_f103v/Drivers/STM32F1xx_HAL_Driver/Src/stm32f1xx_ll_usb.o
                0x0000000008005024                USB_DisableGlobalInt
 .text.USB_SetCurrentMode
                0x000000000800505c       0x18 src/lib/cubemx_f103v/Drivers/STM32F1xx_HAL_Driver/Src/stm32f1xx_ll_usb.o
                0x000000000800505c                USB_SetCurrentMode
 .text.USB_DevInit
                0x0000000008005074       0x48 src/lib/cubemx_f103v/Drivers/STM32F1xx_HAL_Driver/Src/stm32f1xx_ll_usb.o
                0x0000000008005074                USB_DevInit
 .text.USB_ActivateEndpoint
                0x00000000080050bc      0x584 src/lib/cubemx_f103v/Drivers/STM32F1xx_HAL_Driver/Src/stm32f1xx_ll_usb.o
                0x00000000080050bc                USB_ActivateEndpoint
 .text.USB_DeactivateEndpoint
                0x0000000008005640      0x310 src/lib/cubemx_f103v/Drivers/STM32F1xx_HAL_Driver/Src/stm32f1xx_ll_usb.o
                0x0000000008005640                USB_DeactivateEndpoint
 .text.USB_EPStartXfer
                0x0000000008005950      0x504 src/lib/cubemx_f103v/Drivers/STM32F1xx_HAL_Driver/Src/stm32f1xx_ll_usb.o
                0x0000000008005950                USB_EPStartXfer
 .text.USB_EPSetStall
                0x0000000008005e54       0xc0 src/lib/cubemx_f103v/Drivers/STM32F1xx_HAL_Driver/Src/stm32f1xx_ll_usb.o
                0x0000000008005e54                USB_EPSetStall
 .text.USB_EPClearStall
                0x0000000008005f14      0x114 src/lib/cubemx_f103v/Drivers/STM32F1xx_HAL_Driver/Src/stm32f1xx_ll_usb.o
                0x0000000008005f14                USB_EPClearStall
 .text.USB_SetDevAddress
                0x0000000008006028       0x26 src/lib/cubemx_f103v/Drivers/STM32F1xx_HAL_Driver/Src/stm32f1xx_ll_usb.o
                0x0000000008006028                USB_SetDevAddress
 .text.USB_DevConnect
                0x000000000800604e       0x14 src/lib/cubemx_f103v/Drivers/STM32F1xx_HAL_Driver/Src/stm32f1xx_ll_usb.o
                0x000000000800604e                USB_DevConnect
 .text.USB_DevDisconnect
                0x0000000008006062       0x14 src/lib/cubemx_f103v/Drivers/STM32F1xx_HAL_Driver/Src/stm32f1xx_ll_usb.o
                0x0000000008006062                USB_DevDisconnect
 .text.USB_ReadInterrupts
                0x0000000008006076       0x22 src/lib/cubemx_f103v/Drivers/STM32F1xx_HAL_Driver/Src/stm32f1xx_ll_usb.o
                0x0000000008006076                USB_ReadInterrupts
 .text.USB_EP0_OutStart
                0x0000000008006098       0x16 src/lib/cubemx_f103v/Drivers/STM32F1xx_HAL_Driver/Src/stm32f1xx_ll_usb.o
                0x0000000008006098                USB_EP0_OutStart
 .text.USB_WritePMA
                0x00000000080060ae       0x8c src/lib/cubemx_f103v/Drivers/STM32F1xx_HAL_Driver/Src/stm32f1xx_ll_usb.o
                0x00000000080060ae                USB_WritePMA
 .text.USB_ReadPMA
                0x000000000800613a       0x6a src/lib/cubemx_f103v/Drivers/STM32F1xx_HAL_Driver/Src/stm32f1xx_ll_usb.o
                0x000000000800613a                USB_ReadPMA
 .text.USBD_CDC_Init
                0x00000000080061a4       0xd2 src/lib/cubemx_f103v/Middlewares/ST/STM32_USB_Device_Library/Class/CDC/Src/usbd_cdc.o
 .text.USBD_CDC_DeInit
                0x0000000008006276       0x5a src/lib/cubemx_f103v/Middlewares/ST/STM32_USB_Device_Library/Class/CDC/Src/usbd_cdc.o
 .text.USBD_CDC_Setup
                0x00000000080062d0       0xbc src/lib/cubemx_f103v/Middlewares/ST/STM32_USB_Device_Library/Class/CDC/Src/usbd_cdc.o
 .text.USBD_CDC_DataIn
                0x000000000800638c       0x36 src/lib/cubemx_f103v/Middlewares/ST/STM32_USB_Device_Library/Class/CDC/Src/usbd_cdc.o
 .text.USBD_CDC_DataOut
                0x00000000080063c2       0x56 src/lib/cubemx_f103v/Middlewares/ST/STM32_USB_Device_Library/Class/CDC/Src/usbd_cdc.o
 .text.USBD_CDC_EP0_RxReady
                0x0000000008006418       0x50 src/lib/cubemx_f103v/Middlewares/ST/STM32_USB_Device_Library/Class/CDC/Src/usbd_cdc.o
 .text.USBD_CDC_GetFSCfgDesc
                0x0000000008006468       0x20 src/lib/cubemx_f103v/Middlewares/ST/STM32_USB_Device_Library/Class/CDC/Src/usbd_cdc.o
 .text.USBD_CDC_GetHSCfgDesc
                0x0000000008006488       0x20 src/lib/cubemx_f103v/Middlewares/ST/STM32_USB_Device_Library/Class/CDC/Src/usbd_cdc.o
 .text.USBD_CDC_GetOtherSpeedCfgDesc
                0x00000000080064a8       0x20 src/lib/cubemx_f103v/Middlewares/ST/STM32_USB_Device_Library/Class/CDC/Src/usbd_cdc.o
 .text.USBD_CDC_GetDeviceQualifierDescriptor
                0x00000000080064c8       0x20 src/lib/cubemx_f103v/Middlewares/ST/STM32_USB_Device_Library/Class/CDC/Src/usbd_cdc.o
                0x00000000080064c8                USBD_CDC_GetDeviceQualifierDescriptor
 .text.USBD_CDC_RegisterInterface
                0x00000000080064e8       0x2c src/lib/cubemx_f103v/Middlewares/ST/STM32_USB_Device_Library/Class/CDC/Src/usbd_cdc.o
                0x00000000080064e8                USBD_CDC_RegisterInterface
 .text.USBD_CDC_SetTxBuffer
                0x0000000008006514       0x32 src/lib/cubemx_f103v/Middlewares/ST/STM32_USB_Device_Library/Class/CDC/Src/usbd_cdc.o
                0x0000000008006514                USBD_CDC_SetTxBuffer
 .text.USBD_CDC_SetRxBuffer
                0x0000000008006546       0x26 src/lib/cubemx_f103v/Middlewares/ST/STM32_USB_Device_Library/Class/CDC/Src/usbd_cdc.o
                0x0000000008006546                USBD_CDC_SetRxBuffer
 .text.USBD_CDC_TransmitPacket
                0x000000000800656c       0x54 src/lib/cubemx_f103v/Middlewares/ST/STM32_USB_Device_Library/Class/CDC/Src/usbd_cdc.o
                0x000000000800656c                USBD_CDC_TransmitPacket
 .text.USBD_CDC_ReceivePacket
                0x00000000080065c0       0x54 src/lib/cubemx_f103v/Middlewares/ST/STM32_USB_Device_Library/Class/CDC/Src/usbd_cdc.o
                0x00000000080065c0                USBD_CDC_ReceivePacket
 .text.USBD_Init
                0x0000000008006614       0x56 src/lib/cubemx_f103v/Middlewares/ST/STM32_USB_Device_Library/Core/Src/usbd_core.o
                0x0000000008006614                USBD_Init
 .text.USBD_RegisterClass
                0x000000000800666a       0x32 src/lib/cubemx_f103v/Middlewares/ST/STM32_USB_Device_Library/Core/Src/usbd_core.o
                0x000000000800666a                USBD_RegisterClass
 .text.USBD_Start
                0x000000000800669c       0x18 src/lib/cubemx_f103v/Middlewares/ST/STM32_USB_Device_Library/Core/Src/usbd_core.o
                0x000000000800669c                USBD_Start
 .text.USBD_RunTestMode
                0x00000000080066b4       0x14 src/lib/cubemx_f103v/Middlewares/ST/STM32_USB_Device_Library/Core/Src/usbd_core.o
                0x00000000080066b4                USBD_RunTestMode
 .text.USBD_SetClassConfig
                0x00000000080066c8       0x3e src/lib/cubemx_f103v/Middlewares/ST/STM32_USB_Device_Library/Core/Src/usbd_core.o
                0x00000000080066c8                USBD_SetClassConfig
 .text.USBD_ClrClassConfig
                0x0000000008006706       0x26 src/lib/cubemx_f103v/Middlewares/ST/STM32_USB_Device_Library/Core/Src/usbd_core.o
                0x0000000008006706                USBD_ClrClassConfig
 .text.USBD_LL_SetupStage
                0x000000000800672c       0x94 src/lib/cubemx_f103v/Middlewares/ST/STM32_USB_Device_Library/Core/Src/usbd_core.o
                0x000000000800672c                USBD_LL_SetupStage
 .text.USBD_LL_DataOutStage
                0x00000000080067c0       0xb6 src/lib/cubemx_f103v/Middlewares/ST/STM32_USB_Device_Library/Core/Src/usbd_core.o
                0x00000000080067c0                USBD_LL_DataOutStage
 .text.USBD_LL_DataInStage
                0x0000000008006876      0x11e src/lib/cubemx_f103v/Middlewares/ST/STM32_USB_Device_Library/Core/Src/usbd_core.o
                0x0000000008006876                USBD_LL_DataInStage
 .text.USBD_LL_Reset
                0x0000000008006994       0x5e src/lib/cubemx_f103v/Middlewares/ST/STM32_USB_Device_Library/Core/Src/usbd_core.o
                0x0000000008006994                USBD_LL_Reset
 .text.USBD_LL_SetSpeed
                0x00000000080069f2       0x1e src/lib/cubemx_f103v/Middlewares/ST/STM32_USB_Device_Library/Core/Src/usbd_core.o
                0x00000000080069f2                USBD_LL_SetSpeed
 .text.USBD_LL_Suspend
                0x0000000008006a10       0x28 src/lib/cubemx_f103v/Middlewares/ST/STM32_USB_Device_Library/Core/Src/usbd_core.o
                0x0000000008006a10                USBD_LL_Suspend
 .text.USBD_LL_Resume
                0x0000000008006a38       0x20 src/lib/cubemx_f103v/Middlewares/ST/STM32_USB_Device_Library/Core/Src/usbd_core.o
                0x0000000008006a38                USBD_LL_Resume
 .text.USBD_LL_SOF
                0x0000000008006a58       0x34 src/lib/cubemx_f103v/Middlewares/ST/STM32_USB_Device_Library/Core/Src/usbd_core.o
                0x0000000008006a58                USBD_LL_SOF
 .text.USBD_StdDevReq
                0x0000000008006a8c       0xa0 src/lib/cubemx_f103v/Middlewares/ST/STM32_USB_Device_Library/Core/Src/usbd_ctlreq.o
                0x0000000008006a8c                USBD_StdDevReq
 .text.USBD_StdItfReq
                0x0000000008006b2c       0x66 src/lib/cubemx_f103v/Middlewares/ST/STM32_USB_Device_Library/Core/Src/usbd_ctlreq.o
                0x0000000008006b2c                USBD_StdItfReq
 .text.USBD_StdEPReq
                0x0000000008006b92      0x1b0 src/lib/cubemx_f103v/Middlewares/ST/STM32_USB_Device_Library/Core/Src/usbd_ctlreq.o
                0x0000000008006b92                USBD_StdEPReq
 *fill*         0x0000000008006d42        0x2 
 .text.USBD_GetDescriptor
                0x0000000008006d44      0x1e8 src/lib/cubemx_f103v/Middlewares/ST/STM32_USB_Device_Library/Core/Src/usbd_ctlreq.o
 .text.USBD_SetAddress
                0x0000000008006f2c       0x7c src/lib/cubemx_f103v/Middlewares/ST/STM32_USB_Device_Library/Core/Src/usbd_ctlreq.o
 .text.USBD_SetConfig
                0x0000000008006fa8      0x110 src/lib/cubemx_f103v/Middlewares/ST/STM32_USB_Device_Library/Core/Src/usbd_ctlreq.o
 .text.USBD_GetConfig
                0x00000000080070b8       0x64 src/lib/cubemx_f103v/Middlewares/ST/STM32_USB_Device_Library/Core/Src/usbd_ctlreq.o
 .text.USBD_GetStatus
                0x000000000800711c       0x54 src/lib/cubemx_f103v/Middlewares/ST/STM32_USB_Device_Library/Core/Src/usbd_ctlreq.o
 .text.USBD_SetFeature
                0x0000000008007170       0x36 src/lib/cubemx_f103v/Middlewares/ST/STM32_USB_Device_Library/Core/Src/usbd_ctlreq.o
 .text.USBD_ClrFeature
                0x00000000080071a6       0x50 src/lib/cubemx_f103v/Middlewares/ST/STM32_USB_Device_Library/Core/Src/usbd_ctlreq.o
 .text.USBD_ParseSetupRequest
                0x00000000080071f6       0x78 src/lib/cubemx_f103v/Middlewares/ST/STM32_USB_Device_Library/Core/Src/usbd_ctlreq.o
                0x00000000080071f6                USBD_ParseSetupRequest
 .text.USBD_CtlError
                0x000000000800726e       0x22 src/lib/cubemx_f103v/Middlewares/ST/STM32_USB_Device_Library/Core/Src/usbd_ctlreq.o
                0x000000000800726e                USBD_CtlError
 .text.USBD_GetString
                0x0000000008007290       0x86 src/lib/cubemx_f103v/Middlewares/ST/STM32_USB_Device_Library/Core/Src/usbd_ctlreq.o
                0x0000000008007290                USBD_GetString
 .text.USBD_GetLen
                0x0000000008007316       0x2e src/lib/cubemx_f103v/Middlewares/ST/STM32_USB_Device_Library/Core/Src/usbd_ctlreq.o
 .text.USBD_CtlSendData
                0x0000000008007344       0x38 src/lib/cubemx_f103v/Middlewares/ST/STM32_USB_Device_Library/Core/Src/usbd_ioreq.o
                0x0000000008007344                USBD_CtlSendData
 .text.USBD_CtlContinueSendData
                0x000000000800737c       0x24 src/lib/cubemx_f103v/Middlewares/ST/STM32_USB_Device_Library/Core/Src/usbd_ioreq.o
                0x000000000800737c                USBD_CtlContinueSendData
 .text.USBD_CtlPrepareRx
                0x00000000080073a0       0x3c src/lib/cubemx_f103v/Middlewares/ST/STM32_USB_Device_Library/Core/Src/usbd_ioreq.o
                0x00000000080073a0                USBD_CtlPrepareRx
 .text.USBD_CtlContinueRx
                0x00000000080073dc       0x24 src/lib/cubemx_f103v/Middlewares/ST/STM32_USB_Device_Library/Core/Src/usbd_ioreq.o
                0x00000000080073dc                USBD_CtlContinueRx
 .text.USBD_CtlSendStatus
                0x0000000008007400       0x26 src/lib/cubemx_f103v/Middlewares/ST/STM32_USB_Device_Library/Core/Src/usbd_ioreq.o
                0x0000000008007400                USBD_CtlSendStatus
 .text.USBD_CtlReceiveStatus
                0x0000000008007426       0x26 src/lib/cubemx_f103v/Middlewares/ST/STM32_USB_Device_Library/Core/Src/usbd_ioreq.o
                0x0000000008007426                USBD_CtlReceiveStatus
 .text.MX_USB_DEVICE_Init
                0x000000000800744c       0x60 src/lib/cubemx_f103v/USB_DEVICE/App/usb_device.o
                0x000000000800744c                MX_USB_DEVICE_Init
 .text.cdcAvailable
                0x00000000080074ac       0x38 src/lib/cubemx_f103v/USB_DEVICE/App/usbd_cdc_if.o
                0x00000000080074ac                cdcAvailable
 .text.cdcRead  0x00000000080074e4       0x50 src/lib/cubemx_f103v/USB_DEVICE/App/usbd_cdc_if.o
                0x00000000080074e4                cdcRead
 .text.cdcDataIn
                0x0000000008007534       0x54 src/lib/cubemx_f103v/USB_DEVICE/App/usbd_cdc_if.o
                0x0000000008007534                cdcDataIn
 .text.cdcWrite
                0x0000000008007588       0x50 src/lib/cubemx_f103v/USB_DEVICE/App/usbd_cdc_if.o
                0x0000000008007588                cdcWrite
 .text.USB_CDC_SOF
                0x00000000080075d8       0x44 src/lib/cubemx_f103v/USB_DEVICE/App/usbd_cdc_if.o
                0x00000000080075d8                USB_CDC_SOF
 .text.CDC_Init_FS
                0x000000000800761c       0x28 src/lib/cubemx_f103v/USB_DEVICE/App/usbd_cdc_if.o
 .text.CDC_DeInit_FS
                0x0000000008007644        0xe src/lib/cubemx_f103v/USB_DEVICE/App/usbd_cdc_if.o
 *fill*         0x0000000008007652        0x2 
 .text.CDC_Control_FS
                0x0000000008007654       0xbc src/lib/cubemx_f103v/USB_DEVICE/App/usbd_cdc_if.o
 .text.CDC_Receive_FS
                0x0000000008007710       0x70 src/lib/cubemx_f103v/USB_DEVICE/App/usbd_cdc_if.o
 .text.CDC_Transmit_FS
                0x0000000008007780       0x4c src/lib/cubemx_f103v/USB_DEVICE/App/usbd_cdc_if.o
                0x0000000008007780                CDC_Transmit_FS
 .text.USBD_FS_DeviceDescriptor
                0x00000000080077cc       0x24 src/lib/cubemx_f103v/USB_DEVICE/App/usbd_desc.o
                0x00000000080077cc                USBD_FS_DeviceDescriptor
 .text.USBD_FS_LangIDStrDescriptor
                0x00000000080077f0       0x24 src/lib/cubemx_f103v/USB_DEVICE/App/usbd_desc.o
                0x00000000080077f0                USBD_FS_LangIDStrDescriptor
 .text.USBD_FS_ProductStrDescriptor
                0x0000000008007814       0x3c src/lib/cubemx_f103v/USB_DEVICE/App/usbd_desc.o
                0x0000000008007814                USBD_FS_ProductStrDescriptor
 .text.USBD_FS_ManufacturerStrDescriptor
                0x0000000008007850       0x28 src/lib/cubemx_f103v/USB_DEVICE/App/usbd_desc.o
                0x0000000008007850                USBD_FS_ManufacturerStrDescriptor
 .text.USBD_FS_SerialStrDescriptor
                0x0000000008007878       0x24 src/lib/cubemx_f103v/USB_DEVICE/App/usbd_desc.o
                0x0000000008007878                USBD_FS_SerialStrDescriptor
 .text.USBD_FS_ConfigStrDescriptor
                0x000000000800789c       0x3c src/lib/cubemx_f103v/USB_DEVICE/App/usbd_desc.o
                0x000000000800789c                USBD_FS_ConfigStrDescriptor
 .text.USBD_FS_InterfaceStrDescriptor
                0x00000000080078d8       0x3c src/lib/cubemx_f103v/USB_DEVICE/App/usbd_desc.o
                0x00000000080078d8                USBD_FS_InterfaceStrDescriptor
 .text.Get_SerialNum
                0x0000000008007914       0x58 src/lib/cubemx_f103v/USB_DEVICE/App/usbd_desc.o
 .text.IntToUnicode
                0x000000000800796c       0x7a src/lib/cubemx_f103v/USB_DEVICE/App/usbd_desc.o
 *fill*         0x00000000080079e6        0x2 
 .text.HAL_PCD_MspInit
                0x00000000080079e8       0x4c src/lib/cubemx_f103v/USB_DEVICE/Target/usbd_conf.o
                0x00000000080079e8                HAL_PCD_MspInit
 .text.HAL_PCD_SetupStageCallback
                0x0000000008007a34       0x24 src/lib/cubemx_f103v/USB_DEVICE/Target/usbd_conf.o
                0x0000000008007a34                HAL_PCD_SetupStageCallback
 .text.HAL_PCD_DataOutStageCallback
                0x0000000008007a58       0x30 src/lib/cubemx_f103v/USB_DEVICE/Target/usbd_conf.o
                0x0000000008007a58                HAL_PCD_DataOutStageCallback
 .text.HAL_PCD_DataInStageCallback
                0x0000000008007a88       0x2e src/lib/cubemx_f103v/USB_DEVICE/Target/usbd_conf.o
                0x0000000008007a88                HAL_PCD_DataInStageCallback
 .text.HAL_PCD_SOFCallback
                0x0000000008007ab6       0x1c src/lib/cubemx_f103v/USB_DEVICE/Target/usbd_conf.o
                0x0000000008007ab6                HAL_PCD_SOFCallback
 .text.HAL_PCD_ResetCallback
                0x0000000008007ad2       0x3c src/lib/cubemx_f103v/USB_DEVICE/Target/usbd_conf.o
                0x0000000008007ad2                HAL_PCD_ResetCallback
 *fill*         0x0000000008007b0e        0x2 
 .text.HAL_PCD_SuspendCallback
                0x0000000008007b10       0x34 src/lib/cubemx_f103v/USB_DEVICE/Target/usbd_conf.o
                0x0000000008007b10                HAL_PCD_SuspendCallback
 .text.HAL_PCD_ResumeCallback
                0x0000000008007b44       0x1c src/lib/cubemx_f103v/USB_DEVICE/Target/usbd_conf.o
                0x0000000008007b44                HAL_PCD_ResumeCallback
 .text.USBD_LL_Init
                0x0000000008007b60       0xb4 src/lib/cubemx_f103v/USB_DEVICE/Target/usbd_conf.o
                0x0000000008007b60                USBD_LL_Init
 .text.USBD_LL_Start
                0x0000000008007c14       0x36 src/lib/cubemx_f103v/USB_DEVICE/Target/usbd_conf.o
                0x0000000008007c14                USBD_LL_Start
 .text.USBD_LL_OpenEP
                0x0000000008007c4a       0x4c src/lib/cubemx_f103v/USB_DEVICE/Target/usbd_conf.o
                0x0000000008007c4a                USBD_LL_OpenEP
 .text.USBD_LL_CloseEP
                0x0000000008007c96       0x3e src/lib/cubemx_f103v/USB_DEVICE/Target/usbd_conf.o
                0x0000000008007c96                USBD_LL_CloseEP
 .text.USBD_LL_StallEP
                0x0000000008007cd4       0x3e src/lib/cubemx_f103v/USB_DEVICE/Target/usbd_conf.o
                0x0000000008007cd4                USBD_LL_StallEP
 .text.USBD_LL_ClearStallEP
                0x0000000008007d12       0x3e src/lib/cubemx_f103v/USB_DEVICE/Target/usbd_conf.o
                0x0000000008007d12                USBD_LL_ClearStallEP
 .text.USBD_LL_IsStallEP
                0x0000000008007d50       0x4a src/lib/cubemx_f103v/USB_DEVICE/Target/usbd_conf.o
                0x0000000008007d50                USBD_LL_IsStallEP
 .text.USBD_LL_SetUSBAddress
                0x0000000008007d9a       0x3e src/lib/cubemx_f103v/USB_DEVICE/Target/usbd_conf.o
                0x0000000008007d9a                USBD_LL_SetUSBAddress
 .text.USBD_LL_Transmit
                0x0000000008007dd8       0x46 src/lib/cubemx_f103v/USB_DEVICE/Target/usbd_conf.o
                0x0000000008007dd8                USBD_LL_Transmit
 .text.USBD_LL_PrepareReceive
                0x0000000008007e1e       0x46 src/lib/cubemx_f103v/USB_DEVICE/Target/usbd_conf.o
                0x0000000008007e1e                USBD_LL_PrepareReceive
 .text.USBD_LL_GetRxDataSize
                0x0000000008007e64       0x26 src/lib/cubemx_f103v/USB_DEVICE/Target/usbd_conf.o
                0x0000000008007e64                USBD_LL_GetRxDataSize
 *fill*         0x0000000008007e8a        0x2 
 .text.USBD_static_malloc
                0x0000000008007e8c       0x18 src/lib/cubemx_f103v/USB_DEVICE/Target/usbd_conf.o
                0x0000000008007e8c                USBD_static_malloc
 .text.USBD_static_free
                0x0000000008007ea4       0x12 src/lib/cubemx_f103v/USB_DEVICE/Target/usbd_conf.o
                0x0000000008007ea4                USBD_static_free
 .text.HAL_PCDEx_SetConnectionState
                0x0000000008007eb6       0x16 src/lib/cubemx_f103v/USB_DEVICE/Target/usbd_conf.o
                0x0000000008007eb6                HAL_PCDEx_SetConnectionState
 .text.USBD_Get_USB_Status
                0x0000000008007ecc       0x58 src/lib/cubemx_f103v/USB_DEVICE/Target/usbd_conf.o
 .text.main     0x0000000008007f24       0x16 src/main.o
                0x0000000008007f24                main
 *fill*         0x0000000008007f3a        0x2 
 .text.__errno  0x0000000008007f3c        0xc c:/st/stm32cubeide_1.5.1/stm32cubeide/plugins/com.st.stm32cube.ide.mcu.externaltools.gnu-tools-for-stm32.7-2018-q2-update.win32_1.5.0.202011040924/tools/bin/../lib/gcc/arm-none-eabi/7.3.1/../../../../arm-none-eabi/lib/thumb/v7-m\libc_nano.a(lib_a-errno.o)
                0x0000000008007f3c                __errno
 .text.__libc_init_array
                0x0000000008007f48       0x48 c:/st/stm32cubeide_1.5.1/stm32cubeide/plugins/com.st.stm32cube.ide.mcu.externaltools.gnu-tools-for-stm32.7-2018-q2-update.win32_1.5.0.202011040924/tools/bin/../lib/gcc/arm-none-eabi/7.3.1/../../../../arm-none-eabi/lib/thumb/v7-m\libc_nano.a(lib_a-init.o)
                0x0000000008007f48                __libc_init_array
 .text.memset   0x0000000008007f90       0x10 c:/st/stm32cubeide_1.5.1/stm32cubeide/plugins/com.st.stm32cube.ide.mcu.externaltools.gnu-tools-for-stm32.7-2018-q2-update.win32_1.5.0.202011040924/tools/bin/../lib/gcc/arm-none-eabi/7.3.1/../../../../arm-none-eabi/lib/thumb/v7-m\libc_nano.a(lib_a-memset.o)
                0x0000000008007f90                memset
 .text.printf   0x0000000008007fa0       0x30 c:/st/stm32cubeide_1.5.1/stm32cubeide/plugins/com.st.stm32cube.ide.mcu.externaltools.gnu-tools-for-stm32.7-2018-q2-update.win32_1.5.0.202011040924/tools/bin/../lib/gcc/arm-none-eabi/7.3.1/../../../../arm-none-eabi/lib/thumb/v7-m\libc_nano.a(lib_a-printf.o)
                0x0000000008007fa0                iprintf
                0x0000000008007fa0                printf
 .text._puts_r  0x0000000008007fd0       0xb8 c:/st/stm32cubeide_1.5.1/stm32cubeide/plugins/com.st.stm32cube.ide.mcu.externaltools.gnu-tools-for-stm32.7-2018-q2-update.win32_1.5.0.202011040924/tools/bin/../lib/gcc/arm-none-eabi/7.3.1/../../../../arm-none-eabi/lib/thumb/v7-m\libc_nano.a(lib_a-puts.o)
                0x0000000008007fd0                _puts_r
 .text.puts     0x0000000008008088       0x10 c:/st/stm32cubeide_1.5.1/stm32cubeide/plugins/com.st.stm32cube.ide.mcu.externaltools.gnu-tools-for-stm32.7-2018-q2-update.win32_1.5.0.202011040924/tools/bin/../lib/gcc/arm-none-eabi/7.3.1/../../../../arm-none-eabi/lib/thumb/v7-m\libc_nano.a(lib_a-puts.o)
                0x0000000008008088                puts
 .text.__swbuf_r
                0x0000000008008098       0xa4 c:/st/stm32cubeide_1.5.1/stm32cubeide/plugins/com.st.stm32cube.ide.mcu.externaltools.gnu-tools-for-stm32.7-2018-q2-update.win32_1.5.0.202011040924/tools/bin/../lib/gcc/arm-none-eabi/7.3.1/../../../../arm-none-eabi/lib/thumb/v7-m\libc_nano.a(lib_a-wbuf.o)
                0x0000000008008098                __swbuf_r
 .text.__swsetup_r
                0x000000000800813c       0xdc c:/st/stm32cubeide_1.5.1/stm32cubeide/plugins/com.st.stm32cube.ide.mcu.externaltools.gnu-tools-for-stm32.7-2018-q2-update.win32_1.5.0.202011040924/tools/bin/../lib/gcc/arm-none-eabi/7.3.1/../../../../arm-none-eabi/lib/thumb/v7-m\libc_nano.a(lib_a-wsetup.o)
                0x000000000800813c                __swsetup_r
 .text.__sflush_r
                0x0000000008008218      0x10c c:/st/stm32cubeide_1.5.1/stm32cubeide/plugins/com.st.stm32cube.ide.mcu.externaltools.gnu-tools-for-stm32.7-2018-q2-update.win32_1.5.0.202011040924/tools/bin/../lib/gcc/arm-none-eabi/7.3.1/../../../../arm-none-eabi/lib/thumb/v7-m\libc_nano.a(lib_a-fflush.o)
                0x0000000008008218                __sflush_r
 .text._fflush_r
                0x0000000008008324       0x54 c:/st/stm32cubeide_1.5.1/stm32cubeide/plugins/com.st.stm32cube.ide.mcu.externaltools.gnu-tools-for-stm32.7-2018-q2-update.win32_1.5.0.202011040924/tools/bin/../lib/gcc/arm-none-eabi/7.3.1/../../../../arm-none-eabi/lib/thumb/v7-m\libc_nano.a(lib_a-fflush.o)
                0x0000000008008324                _fflush_r
 .text.std      0x0000000008008378       0x48 c:/st/stm32cubeide_1.5.1/stm32cubeide/plugins/com.st.stm32cube.ide.mcu.externaltools.gnu-tools-for-stm32.7-2018-q2-update.win32_1.5.0.202011040924/tools/bin/../lib/gcc/arm-none-eabi/7.3.1/../../../../arm-none-eabi/lib/thumb/v7-m\libc_nano.a(lib_a-findfp.o)
 .text._cleanup_r
                0x00000000080083c0        0xc c:/st/stm32cubeide_1.5.1/stm32cubeide/plugins/com.st.stm32cube.ide.mcu.externaltools.gnu-tools-for-stm32.7-2018-q2-update.win32_1.5.0.202011040924/tools/bin/../lib/gcc/arm-none-eabi/7.3.1/../../../../arm-none-eabi/lib/thumb/v7-m\libc_nano.a(lib_a-findfp.o)
                0x00000000080083c0                _cleanup_r
 .text.__sfmoreglue
                0x00000000080083cc       0x2c c:/st/stm32cubeide_1.5.1/stm32cubeide/plugins/com.st.stm32cube.ide.mcu.externaltools.gnu-tools-for-stm32.7-2018-q2-update.win32_1.5.0.202011040924/tools/bin/../lib/gcc/arm-none-eabi/7.3.1/../../../../arm-none-eabi/lib/thumb/v7-m\libc_nano.a(lib_a-findfp.o)
                0x00000000080083cc                __sfmoreglue
 .text.__sinit  0x00000000080083f8       0x60 c:/st/stm32cubeide_1.5.1/stm32cubeide/plugins/com.st.stm32cube.ide.mcu.externaltools.gnu-tools-for-stm32.7-2018-q2-update.win32_1.5.0.202011040924/tools/bin/../lib/gcc/arm-none-eabi/7.3.1/../../../../arm-none-eabi/lib/thumb/v7-m\libc_nano.a(lib_a-findfp.o)
                0x00000000080083f8                __sinit
 .text.__sfp    0x0000000008008458       0x78 c:/st/stm32cubeide_1.5.1/stm32cubeide/plugins/com.st.stm32cube.ide.mcu.externaltools.gnu-tools-for-stm32.7-2018-q2-update.win32_1.5.0.202011040924/tools/bin/../lib/gcc/arm-none-eabi/7.3.1/../../../../arm-none-eabi/lib/thumb/v7-m\libc_nano.a(lib_a-findfp.o)
                0x0000000008008458                __sfp
 .text._fwalk_reent
                0x00000000080084d0       0x3c c:/st/stm32cubeide_1.5.1/stm32cubeide/plugins/com.st.stm32cube.ide.mcu.externaltools.gnu-tools-for-stm32.7-2018-q2-update.win32_1.5.0.202011040924/tools/bin/../lib/gcc/arm-none-eabi/7.3.1/../../../../arm-none-eabi/lib/thumb/v7-m\libc_nano.a(lib_a-fwalk.o)
                0x00000000080084d0                _fwalk_reent
 .text.__swhatbuf_r
                0x000000000800850c       0x48 c:/st/stm32cubeide_1.5.1/stm32cubeide/plugins/com.st.stm32cube.ide.mcu.externaltools.gnu-tools-for-stm32.7-2018-q2-update.win32_1.5.0.202011040924/tools/bin/../lib/gcc/arm-none-eabi/7.3.1/../../../../arm-none-eabi/lib/thumb/v7-m\libc_nano.a(lib_a-makebuf.o)
                0x000000000800850c                __swhatbuf_r
 .text.__smakebuf_r
                0x0000000008008554       0x80 c:/st/stm32cubeide_1.5.1/stm32cubeide/plugins/com.st.stm32cube.ide.mcu.externaltools.gnu-tools-for-stm32.7-2018-q2-update.win32_1.5.0.202011040924/tools/bin/../lib/gcc/arm-none-eabi/7.3.1/../../../../arm-none-eabi/lib/thumb/v7-m\libc_nano.a(lib_a-makebuf.o)
                0x0000000008008554                __smakebuf_r
 .text._free_r  0x00000000080085d4       0x98 c:/st/stm32cubeide_1.5.1/stm32cubeide/plugins/com.st.stm32cube.ide.mcu.externaltools.gnu-tools-for-stm32.7-2018-q2-update.win32_1.5.0.202011040924/tools/bin/../lib/gcc/arm-none-eabi/7.3.1/../../../../arm-none-eabi/lib/thumb/v7-m\libc_nano.a(lib_a-nano-freer.o)
                0x00000000080085d4                _free_r
 .text._malloc_r
                0x000000000800866c       0xb4 c:/st/stm32cubeide_1.5.1/stm32cubeide/plugins/com.st.stm32cube.ide.mcu.externaltools.gnu-tools-for-stm32.7-2018-q2-update.win32_1.5.0.202011040924/tools/bin/../lib/gcc/arm-none-eabi/7.3.1/../../../../arm-none-eabi/lib/thumb/v7-m\libc_nano.a(lib_a-nano-mallocr.o)
                0x000000000800866c                _malloc_r
 .text.__sfputc_r
                0x0000000008008720       0x2a c:/st/stm32cubeide_1.5.1/stm32cubeide/plugins/com.st.stm32cube.ide.mcu.externaltools.gnu-tools-for-stm32.7-2018-q2-update.win32_1.5.0.202011040924/tools/bin/../lib/gcc/arm-none-eabi/7.3.1/../../../../arm-none-eabi/lib/thumb/v7-m\libc_nano.a(lib_a-nano-vfprintf.o)
 .text.__sfputs_r
                0x000000000800874a       0x24 c:/st/stm32cubeide_1.5.1/stm32cubeide/plugins/com.st.stm32cube.ide.mcu.externaltools.gnu-tools-for-stm32.7-2018-q2-update.win32_1.5.0.202011040924/tools/bin/../lib/gcc/arm-none-eabi/7.3.1/../../../../arm-none-eabi/lib/thumb/v7-m\libc_nano.a(lib_a-nano-vfprintf.o)
                0x000000000800874a                __sfputs_r
 *fill*         0x000000000800876e        0x2 
 .text._vfprintf_r
                0x0000000008008770      0x22c c:/st/stm32cubeide_1.5.1/stm32cubeide/plugins/com.st.stm32cube.ide.mcu.externaltools.gnu-tools-for-stm32.7-2018-q2-update.win32_1.5.0.202011040924/tools/bin/../lib/gcc/arm-none-eabi/7.3.1/../../../../arm-none-eabi/lib/thumb/v7-m\libc_nano.a(lib_a-nano-vfprintf.o)
                0x0000000008008770                _vfprintf_r
                0x0000000008008770                _vfiprintf_r
 .text._printf_common
                0x000000000800899c       0xec c:/st/stm32cubeide_1.5.1/stm32cubeide/plugins/com.st.stm32cube.ide.mcu.externaltools.gnu-tools-for-stm32.7-2018-q2-update.win32_1.5.0.202011040924/tools/bin/../lib/gcc/arm-none-eabi/7.3.1/../../../../arm-none-eabi/lib/thumb/v7-m\libc_nano.a(lib_a-nano-vfprintf_i.o)
                0x000000000800899c                _printf_common
 .text._printf_i
                0x0000000008008a88      0x224 c:/st/stm32cubeide_1.5.1/stm32cubeide/plugins/com.st.stm32cube.ide.mcu.externaltools.gnu-tools-for-stm32.7-2018-q2-update.win32_1.5.0.202011040924/tools/bin/../lib/gcc/arm-none-eabi/7.3.1/../../../../arm-none-eabi/lib/thumb/v7-m\libc_nano.a(lib_a-nano-vfprintf_i.o)
                0x0000000008008a88                _printf_i
 .text._sbrk_r  0x0000000008008cac       0x20 c:/st/stm32cubeide_1.5.1/stm32cubeide/plugins/com.st.stm32cube.ide.mcu.externaltools.gnu-tools-for-stm32.7-2018-q2-update.win32_1.5.0.202011040924/tools/bin/../lib/gcc/arm-none-eabi/7.3.1/../../../../arm-none-eabi/lib/thumb/v7-m\libc_nano.a(lib_a-sbrkr.o)
                0x0000000008008cac                _sbrk_r
 .text.__sread  0x0000000008008ccc       0x22 c:/st/stm32cubeide_1.5.1/stm32cubeide/plugins/com.st.stm32cube.ide.mcu.externaltools.gnu-tools-for-stm32.7-2018-q2-update.win32_1.5.0.202011040924/tools/bin/../lib/gcc/arm-none-eabi/7.3.1/../../../../arm-none-eabi/lib/thumb/v7-m\libc_nano.a(lib_a-stdio.o)
                0x0000000008008ccc                __sread
 .text.__swrite
                0x0000000008008cee       0x38 c:/st/stm32cubeide_1.5.1/stm32cubeide/plugins/com.st.stm32cube.ide.mcu.externaltools.gnu-tools-for-stm32.7-2018-q2-update.win32_1.5.0.202011040924/tools/bin/../lib/gcc/arm-none-eabi/7.3.1/../../../../arm-none-eabi/lib/thumb/v7-m\libc_nano.a(lib_a-stdio.o)
                0x0000000008008cee                __swrite
 .text.__sseek  0x0000000008008d26       0x24 c:/st/stm32cubeide_1.5.1/stm32cubeide/plugins/com.st.stm32cube.ide.mcu.externaltools.gnu-tools-for-stm32.7-2018-q2-update.win32_1.5.0.202011040924/tools/bin/../lib/gcc/arm-none-eabi/7.3.1/../../../../arm-none-eabi/lib/thumb/v7-m\libc_nano.a(lib_a-stdio.o)
                0x0000000008008d26                __sseek
 .text.__sclose
                0x0000000008008d4a        0x8 c:/st/stm32cubeide_1.5.1/stm32cubeide/plugins/com.st.stm32cube.ide.mcu.externaltools.gnu-tools-for-stm32.7-2018-q2-update.win32_1.5.0.202011040924/tools/bin/../lib/gcc/arm-none-eabi/7.3.1/../../../../arm-none-eabi/lib/thumb/v7-m\libc_nano.a(lib_a-stdio.o)
                0x0000000008008d4a                __sclose
 *fill*         0x0000000008008d52        0x2 
 .text._write_r
                0x0000000008008d54       0x24 c:/st/stm32cubeide_1.5.1/stm32cubeide/plugins/com.st.stm32cube.ide.mcu.externaltools.gnu-tools-for-stm32.7-2018-q2-update.win32_1.5.0.202011040924/tools/bin/../lib/gcc/arm-none-eabi/7.3.1/../../../../arm-none-eabi/lib/thumb/v7-m\libc_nano.a(lib_a-writer.o)
                0x0000000008008d54                _write_r
 .text._close_r
                0x0000000008008d78       0x20 c:/st/stm32cubeide_1.5.1/stm32cubeide/plugins/com.st.stm32cube.ide.mcu.externaltools.gnu-tools-for-stm32.7-2018-q2-update.win32_1.5.0.202011040924/tools/bin/../lib/gcc/arm-none-eabi/7.3.1/../../../../arm-none-eabi/lib/thumb/v7-m\libc_nano.a(lib_a-closer.o)
                0x0000000008008d78                _close_r
 .text._fstat_r
                0x0000000008008d98       0x24 c:/st/stm32cubeide_1.5.1/stm32cubeide/plugins/com.st.stm32cube.ide.mcu.externaltools.gnu-tools-for-stm32.7-2018-q2-update.win32_1.5.0.202011040924/tools/bin/../lib/gcc/arm-none-eabi/7.3.1/../../../../arm-none-eabi/lib/thumb/v7-m\libc_nano.a(lib_a-fstatr.o)
                0x0000000008008d98                _fstat_r
 .text._isatty_r
                0x0000000008008dbc       0x20 c:/st/stm32cubeide_1.5.1/stm32cubeide/plugins/com.st.stm32cube.ide.mcu.externaltools.gnu-tools-for-stm32.7-2018-q2-update.win32_1.5.0.202011040924/tools/bin/../lib/gcc/arm-none-eabi/7.3.1/../../../../arm-none-eabi/lib/thumb/v7-m\libc_nano.a(lib_a-isattyr.o)
                0x0000000008008dbc                _isatty_r
 .text._lseek_r
                0x0000000008008ddc       0x24 c:/st/stm32cubeide_1.5.1/stm32cubeide/plugins/com.st.stm32cube.ide.mcu.externaltools.gnu-tools-for-stm32.7-2018-q2-update.win32_1.5.0.202011040924/tools/bin/../lib/gcc/arm-none-eabi/7.3.1/../../../../arm-none-eabi/lib/thumb/v7-m\libc_nano.a(lib_a-lseekr.o)
                0x0000000008008ddc                _lseek_r
 .text.memchr   0x0000000008008e00       0x1c c:/st/stm32cubeide_1.5.1/stm32cubeide/plugins/com.st.stm32cube.ide.mcu.externaltools.gnu-tools-for-stm32.7-2018-q2-update.win32_1.5.0.202011040924/tools/bin/../lib/gcc/arm-none-eabi/7.3.1/../../../../arm-none-eabi/lib/thumb/v7-m\libc_nano.a(lib_a-memchr-stub.o)
                0x0000000008008e00                memchr
 .text.__malloc_lock
                0x0000000008008e1c        0x2 c:/st/stm32cubeide_1.5.1/stm32cubeide/plugins/com.st.stm32cube.ide.mcu.externaltools.gnu-tools-for-stm32.7-2018-q2-update.win32_1.5.0.202011040924/tools/bin/../lib/gcc/arm-none-eabi/7.3.1/../../../../arm-none-eabi/lib/thumb/v7-m\libc_nano.a(lib_a-mlock.o)
                0x0000000008008e1c                __malloc_lock
 .text.__malloc_unlock
                0x0000000008008e1e        0x2 c:/st/stm32cubeide_1.5.1/stm32cubeide/plugins/com.st.stm32cube.ide.mcu.externaltools.gnu-tools-for-stm32.7-2018-q2-update.win32_1.5.0.202011040924/tools/bin/../lib/gcc/arm-none-eabi/7.3.1/../../../../arm-none-eabi/lib/thumb/v7-m\libc_nano.a(lib_a-mlock.o)
                0x0000000008008e1e                __malloc_unlock
 .text._read_r  0x0000000008008e20       0x24 c:/st/stm32cubeide_1.5.1/stm32cubeide/plugins/com.st.stm32cube.ide.mcu.externaltools.gnu-tools-for-stm32.7-2018-q2-update.win32_1.5.0.202011040924/tools/bin/../lib/gcc/arm-none-eabi/7.3.1/../../../../arm-none-eabi/lib/thumb/v7-m\libc_nano.a(lib_a-readr.o)
                0x0000000008008e20                _read_r
 *(.glue_7)
 .glue_7        0x0000000008008e44        0x0 linker stubs
 *(.glue_7t)
 .glue_7t       0x0000000008008e44        0x0 linker stubs
 *(.eh_frame)
 .eh_frame      0x0000000008008e44        0x0 c:/st/stm32cubeide_1.5.1/stm32cubeide/plugins/com.st.stm32cube.ide.mcu.externaltools.gnu-tools-for-stm32.7-2018-q2-update.win32_1.5.0.202011040924/tools/bin/../lib/gcc/arm-none-eabi/7.3.1/thumb/v7-m/crtbegin.o
 *(.init)
 .init          0x0000000008008e44        0x4 c:/st/stm32cubeide_1.5.1/stm32cubeide/plugins/com.st.stm32cube.ide.mcu.externaltools.gnu-tools-for-stm32.7-2018-q2-update.win32_1.5.0.202011040924/tools/bin/../lib/gcc/arm-none-eabi/7.3.1/thumb/v7-m/crti.o
                0x0000000008008e44                _init
 .init          0x0000000008008e48        0x8 c:/st/stm32cubeide_1.5.1/stm32cubeide/plugins/com.st.stm32cube.ide.mcu.externaltools.gnu-tools-for-stm32.7-2018-q2-update.win32_1.5.0.202011040924/tools/bin/../lib/gcc/arm-none-eabi/7.3.1/thumb/v7-m/crtn.o
 *(.fini)
 .fini          0x0000000008008e50        0x4 c:/st/stm32cubeide_1.5.1/stm32cubeide/plugins/com.st.stm32cube.ide.mcu.externaltools.gnu-tools-for-stm32.7-2018-q2-update.win32_1.5.0.202011040924/tools/bin/../lib/gcc/arm-none-eabi/7.3.1/thumb/v7-m/crti.o
                0x0000000008008e50                _fini
 .fini          0x0000000008008e54        0x8 c:/st/stm32cubeide_1.5.1/stm32cubeide/plugins/com.st.stm32cube.ide.mcu.externaltools.gnu-tools-for-stm32.7-2018-q2-update.win32_1.5.0.202011040924/tools/bin/../lib/gcc/arm-none-eabi/7.3.1/thumb/v7-m/crtn.o
                0x0000000008008e5c                . = ALIGN (0x4)
                0x0000000008008e5c                _etext = .

.vfp11_veneer   0x0000000008008e5c        0x0
 .vfp11_veneer  0x0000000008008e5c        0x0 linker stubs

.v4_bx          0x0000000008008e5c        0x0
 .v4_bx         0x0000000008008e5c        0x0 linker stubs

.iplt           0x0000000008008e5c        0x0
 .iplt          0x0000000008008e5c        0x0 c:/st/stm32cubeide_1.5.1/stm32cubeide/plugins/com.st.stm32cube.ide.mcu.externaltools.gnu-tools-for-stm32.7-2018-q2-update.win32_1.5.0.202011040924/tools/bin/../lib/gcc/arm-none-eabi/7.3.1/thumb/v7-m/crtbegin.o

.rodata         0x0000000008008e5c      0x184
                0x0000000008008e5c                . = ALIGN (0x4)
 *(.rodata)
 .rodata        0x0000000008008e5c       0x63 src/ap/ap.o
 *fill*         0x0000000008008ebf        0x1 
 .rodata        0x0000000008008ec0       0x12 src/lib/cubemx_f103v/Drivers/STM32F1xx_HAL_Driver/Src/stm32f1xx_hal_rcc.o
 *fill*         0x0000000008008ed2        0x2 
 .rodata        0x0000000008008ed4       0x12 src/lib/cubemx_f103v/Drivers/STM32F1xx_HAL_Driver/Src/stm32f1xx_hal_rcc_ex.o
 *fill*         0x0000000008008ee6        0x2 
 .rodata        0x0000000008008ee8       0x46 src/lib/cubemx_f103v/USB_DEVICE/App/usbd_desc.o
 *(.rodata*)
 *fill*         0x0000000008008f2e        0x2 
 .rodata.AHBPrescTable
                0x0000000008008f30       0x10 src/bsp/system_stm32f1xx.o
                0x0000000008008f30                AHBPrescTable
 .rodata.APBPrescTable
                0x0000000008008f40        0x8 src/bsp/system_stm32f1xx.o
                0x0000000008008f40                APBPrescTable
 .rodata._global_impure_ptr
                0x0000000008008f48        0x4 c:/st/stm32cubeide_1.5.1/stm32cubeide/plugins/com.st.stm32cube.ide.mcu.externaltools.gnu-tools-for-stm32.7-2018-q2-update.win32_1.5.0.202011040924/tools/bin/../lib/gcc/arm-none-eabi/7.3.1/../../../../arm-none-eabi/lib/thumb/v7-m\libc_nano.a(lib_a-impure.o)
                0x0000000008008f48                _global_impure_ptr
 .rodata.__sf_fake_stderr
                0x0000000008008f4c       0x20 c:/st/stm32cubeide_1.5.1/stm32cubeide/plugins/com.st.stm32cube.ide.mcu.externaltools.gnu-tools-for-stm32.7-2018-q2-update.win32_1.5.0.202011040924/tools/bin/../lib/gcc/arm-none-eabi/7.3.1/../../../../arm-none-eabi/lib/thumb/v7-m\libc_nano.a(lib_a-findfp.o)
                0x0000000008008f4c                __sf_fake_stderr
 .rodata.__sf_fake_stdin
                0x0000000008008f6c       0x20 c:/st/stm32cubeide_1.5.1/stm32cubeide/plugins/com.st.stm32cube.ide.mcu.externaltools.gnu-tools-for-stm32.7-2018-q2-update.win32_1.5.0.202011040924/tools/bin/../lib/gcc/arm-none-eabi/7.3.1/../../../../arm-none-eabi/lib/thumb/v7-m\libc_nano.a(lib_a-findfp.o)
                0x0000000008008f6c                __sf_fake_stdin
 .rodata.__sf_fake_stdout
                0x0000000008008f8c       0x20 c:/st/stm32cubeide_1.5.1/stm32cubeide/plugins/com.st.stm32cube.ide.mcu.externaltools.gnu-tools-for-stm32.7-2018-q2-update.win32_1.5.0.202011040924/tools/bin/../lib/gcc/arm-none-eabi/7.3.1/../../../../arm-none-eabi/lib/thumb/v7-m\libc_nano.a(lib_a-findfp.o)
                0x0000000008008f8c                __sf_fake_stdout
 .rodata._vfprintf_r.str1.1
                0x0000000008008fac       0x11 c:/st/stm32cubeide_1.5.1/stm32cubeide/plugins/com.st.stm32cube.ide.mcu.externaltools.gnu-tools-for-stm32.7-2018-q2-update.win32_1.5.0.202011040924/tools/bin/../lib/gcc/arm-none-eabi/7.3.1/../../../../arm-none-eabi/lib/thumb/v7-m\libc_nano.a(lib_a-nano-vfprintf.o)
 .rodata._printf_i.str1.1
                0x0000000008008fbd       0x22 c:/st/stm32cubeide_1.5.1/stm32cubeide/plugins/com.st.stm32cube.ide.mcu.externaltools.gnu-tools-for-stm32.7-2018-q2-update.win32_1.5.0.202011040924/tools/bin/../lib/gcc/arm-none-eabi/7.3.1/../../../../arm-none-eabi/lib/thumb/v7-m\libc_nano.a(lib_a-nano-vfprintf_i.o)
                0x0000000008008fe0                . = ALIGN (0x4)
 *fill*         0x0000000008008fdf        0x1 

.rel.dyn        0x0000000008008fe0        0x0
 .rel.iplt      0x0000000008008fe0        0x0 c:/st/stm32cubeide_1.5.1/stm32cubeide/plugins/com.st.stm32cube.ide.mcu.externaltools.gnu-tools-for-stm32.7-2018-q2-update.win32_1.5.0.202011040924/tools/bin/../lib/gcc/arm-none-eabi/7.3.1/thumb/v7-m/crtbegin.o

.ARM.extab      0x0000000008008fe0        0x0
                0x0000000008008fe0                . = ALIGN (0x4)
 *(.ARM.extab* .gnu.linkonce.armextab.*)
                0x0000000008008fe0                . = ALIGN (0x4)

.ARM            0x0000000008008fe0        0x0
                0x0000000008008fe0                . = ALIGN (0x4)
                0x0000000008008fe0                __exidx_start = .
 *(.ARM.exidx*)
                0x0000000008008fe0                __exidx_end = .
                0x0000000008008fe0                . = ALIGN (0x4)

.preinit_array  0x0000000008008fe0        0x0
                0x0000000008008fe0                . = ALIGN (0x4)
                0x0000000008008fe0                PROVIDE (__preinit_array_start = .)
 *(.preinit_array*)
                0x0000000008008fe0                PROVIDE (__preinit_array_end = .)
                0x0000000008008fe0                . = ALIGN (0x4)

.init_array     0x0000000008008fe0        0x4
                0x0000000008008fe0                . = ALIGN (0x4)
                0x0000000008008fe0                PROVIDE (__init_array_start = .)
 *(SORT_BY_NAME(.init_array.*))
 *(.init_array*)
 .init_array    0x0000000008008fe0        0x4 c:/st/stm32cubeide_1.5.1/stm32cubeide/plugins/com.st.stm32cube.ide.mcu.externaltools.gnu-tools-for-stm32.7-2018-q2-update.win32_1.5.0.202011040924/tools/bin/../lib/gcc/arm-none-eabi/7.3.1/thumb/v7-m/crtbegin.o
                0x0000000008008fe4                PROVIDE (__init_array_end = .)
                0x0000000008008fe4                . = ALIGN (0x4)

.fini_array     0x0000000008008fe4        0x4
                0x0000000008008fe4                . = ALIGN (0x4)
                [!provide]                        PROVIDE (__fini_array_start = .)
 *(SORT_BY_NAME(.fini_array.*))
 *(.fini_array*)
 .fini_array    0x0000000008008fe4        0x4 c:/st/stm32cubeide_1.5.1/stm32cubeide/plugins/com.st.stm32cube.ide.mcu.externaltools.gnu-tools-for-stm32.7-2018-q2-update.win32_1.5.0.202011040924/tools/bin/../lib/gcc/arm-none-eabi/7.3.1/thumb/v7-m/crtbegin.o
                [!provide]                        PROVIDE (__fini_array_end = .)
                0x0000000008008fe8                . = ALIGN (0x4)
                0x0000000008008fe8                _sidata = LOADADDR (.data)

.data           0x0000000020000000      0x204 load address 0x0000000008008fe8
                0x0000000020000000                . = ALIGN (0x4)
                0x0000000020000000                _sdata = .
 *(.data)
 *(.data*)
 .data.SystemCoreClock
                0x0000000020000000        0x4 src/bsp/system_stm32f1xx.o
                0x0000000020000000                SystemCoreClock
 .data.led_tbl  0x0000000020000004       0x20 src/hw/driver/led.o
                0x0000000020000004                led_tbl
 .data.uwTickPrio
                0x0000000020000024        0x4 src/lib/cubemx_f103v/Drivers/STM32F1xx_HAL_Driver/Src/stm32f1xx_hal.o
                0x0000000020000024                uwTickPrio
 .data.uwTickFreq
                0x0000000020000028        0x1 src/lib/cubemx_f103v/Drivers/STM32F1xx_HAL_Driver/Src/stm32f1xx_hal.o
                0x0000000020000028                uwTickFreq
 *fill*         0x0000000020000029        0x3 
 .data.USBD_CDC_DeviceQualifierDesc
                0x000000002000002c        0xa src/lib/cubemx_f103v/Middlewares/ST/STM32_USB_Device_Library/Class/CDC/Src/usbd_cdc.o
 *fill*         0x0000000020000036        0x2 
 .data.USBD_CDC
                0x0000000020000038       0x38 src/lib/cubemx_f103v/Middlewares/ST/STM32_USB_Device_Library/Class/CDC/Src/usbd_cdc.o
                0x0000000020000038                USBD_CDC
 .data.USBD_CDC_CfgHSDesc
                0x0000000020000070       0x43 src/lib/cubemx_f103v/Middlewares/ST/STM32_USB_Device_Library/Class/CDC/Src/usbd_cdc.o
                0x0000000020000070                USBD_CDC_CfgHSDesc
 *fill*         0x00000000200000b3        0x1 
 .data.USBD_CDC_CfgFSDesc
                0x00000000200000b4       0x43 src/lib/cubemx_f103v/Middlewares/ST/STM32_USB_Device_Library/Class/CDC/Src/usbd_cdc.o
                0x00000000200000b4                USBD_CDC_CfgFSDesc
 *fill*         0x00000000200000f7        0x1 
 .data.USBD_CDC_OtherSpeedCfgDesc
                0x00000000200000f8       0x43 src/lib/cubemx_f103v/Middlewares/ST/STM32_USB_Device_Library/Class/CDC/Src/usbd_cdc.o
                0x00000000200000f8                USBD_CDC_OtherSpeedCfgDesc
 *fill*         0x000000002000013b        0x1 
 .data.rx_len   0x000000002000013c        0x4 src/lib/cubemx_f103v/USB_DEVICE/App/usbd_cdc_if.o
                0x000000002000013c                rx_len
 .data.USBD_Interface_fops_FS
                0x0000000020000140       0x10 src/lib/cubemx_f103v/USB_DEVICE/App/usbd_cdc_if.o
                0x0000000020000140                USBD_Interface_fops_FS
 .data.FS_Desc  0x0000000020000150       0x1c src/lib/cubemx_f103v/USB_DEVICE/App/usbd_desc.o
                0x0000000020000150                FS_Desc
 .data.USBD_FS_DeviceDesc
                0x000000002000016c       0x12 src/lib/cubemx_f103v/USB_DEVICE/App/usbd_desc.o
                0x000000002000016c                USBD_FS_DeviceDesc
 *fill*         0x000000002000017e        0x2 
 .data.USBD_LangIDDesc
                0x0000000020000180        0x4 src/lib/cubemx_f103v/USB_DEVICE/App/usbd_desc.o
                0x0000000020000180                USBD_LangIDDesc
 .data.USBD_StringSerial
                0x0000000020000184       0x1a src/lib/cubemx_f103v/USB_DEVICE/App/usbd_desc.o
                0x0000000020000184                USBD_StringSerial
 *fill*         0x000000002000019e        0x2 
 .data._impure_ptr
                0x00000000200001a0        0x4 c:/st/stm32cubeide_1.5.1/stm32cubeide/plugins/com.st.stm32cube.ide.mcu.externaltools.gnu-tools-for-stm32.7-2018-q2-update.win32_1.5.0.202011040924/tools/bin/../lib/gcc/arm-none-eabi/7.3.1/../../../../arm-none-eabi/lib/thumb/v7-m\libc_nano.a(lib_a-impure.o)
                0x00000000200001a0                _impure_ptr
 .data.impure_data
                0x00000000200001a4       0x60 c:/st/stm32cubeide_1.5.1/stm32cubeide/plugins/com.st.stm32cube.ide.mcu.externaltools.gnu-tools-for-stm32.7-2018-q2-update.win32_1.5.0.202011040924/tools/bin/../lib/gcc/arm-none-eabi/7.3.1/../../../../arm-none-eabi/lib/thumb/v7-m\libc_nano.a(lib_a-impure.o)
 *(.RamFunc)
 *(.RamFunc*)
                0x0000000020000204                . = ALIGN (0x4)
                0x0000000020000204                _edata = .

.igot.plt       0x0000000020000204        0x0 load address 0x00000000080091ec
 .igot.plt      0x0000000020000204        0x0 c:/st/stm32cubeide_1.5.1/stm32cubeide/plugins/com.st.stm32cube.ide.mcu.externaltools.gnu-tools-for-stm32.7-2018-q2-update.win32_1.5.0.202011040924/tools/bin/../lib/gcc/arm-none-eabi/7.3.1/thumb/v7-m/crtbegin.o
                0x0000000020000204                . = ALIGN (0x4)

.bss            0x0000000020000208     0x1e98 load address 0x00000000080091ec
                0x0000000020000208                _sbss = .
                0x0000000020000208                __bss_start__ = _sbss
 *(.bss)
 .bss           0x0000000020000208       0x1c c:/st/stm32cubeide_1.5.1/stm32cubeide/plugins/com.st.stm32cube.ide.mcu.externaltools.gnu-tools-for-stm32.7-2018-q2-update.win32_1.5.0.202011040924/tools/bin/../lib/gcc/arm-none-eabi/7.3.1/thumb/v7-m/crtbegin.o
 *(.bss*)
 .bss.heap_end.5149
                0x0000000020000224        0x4 src/bsp/sysmem.o
 .bss.flash_tbl
                0x0000000020000228      0x800 src/hw/driver/flash.o
 .bss.reset_count
                0x0000000020000a28        0x4 src/hw/driver/reset.o
 .bss.is_open   0x0000000020000a2c        0x2 src/hw/driver/uart.o
 *fill*         0x0000000020000a2e        0x2 
 .bss.qbuffer   0x0000000020000a30       0x20 src/hw/driver/uart.o
 .bss.rx_buf    0x0000000020000a50      0x100 src/hw/driver/uart.o
 .bss.ifalt.7900
                0x0000000020000b50        0x1 src/lib/cubemx_f103v/Middlewares/ST/STM32_USB_Device_Library/Class/CDC/Src/usbd_cdc.o
 .bss.cfgidx.7903
                0x0000000020000b51        0x1 src/lib/cubemx_f103v/Middlewares/ST/STM32_USB_Device_Library/Core/Src/usbd_ctlreq.o
 *fill*         0x0000000020000b52        0x2 
 .bss.rx_in     0x0000000020000b54        0x4 src/lib/cubemx_f103v/USB_DEVICE/App/usbd_cdc_if.o
                0x0000000020000b54                rx_in
 .bss.rx_out    0x0000000020000b58        0x4 src/lib/cubemx_f103v/USB_DEVICE/App/usbd_cdc_if.o
                0x0000000020000b58                rx_out
 .bss.rx_full   0x0000000020000b5c        0x1 src/lib/cubemx_f103v/USB_DEVICE/App/usbd_cdc_if.o
                0x0000000020000b5c                rx_full
 *fill*         0x0000000020000b5d        0x3 
 .bss.mem.7986  0x0000000020000b60      0x220 src/lib/cubemx_f103v/USB_DEVICE/Target/usbd_conf.o
 .bss.__malloc_free_list
                0x0000000020000d80        0x4 c:/st/stm32cubeide_1.5.1/stm32cubeide/plugins/com.st.stm32cube.ide.mcu.externaltools.gnu-tools-for-stm32.7-2018-q2-update.win32_1.5.0.202011040924/tools/bin/../lib/gcc/arm-none-eabi/7.3.1/../../../../arm-none-eabi/lib/thumb/v7-m\libc_nano.a(lib_a-nano-mallocr.o)
                0x0000000020000d80                __malloc_free_list
 .bss.__malloc_sbrk_start
                0x0000000020000d84        0x4 c:/st/stm32cubeide_1.5.1/stm32cubeide/plugins/com.st.stm32cube.ide.mcu.externaltools.gnu-tools-for-stm32.7-2018-q2-update.win32_1.5.0.202011040924/tools/bin/../lib/gcc/arm-none-eabi/7.3.1/../../../../arm-none-eabi/lib/thumb/v7-m\libc_nano.a(lib_a-nano-mallocr.o)
                0x0000000020000d84                __malloc_sbrk_start
 *(COMMON)
 COMMON         0x0000000020000d88       0x14 src/hw/driver/rtc.o
                0x0000000020000d88                hrtc
 COMMON         0x0000000020000d9c       0x84 src/hw/driver/uart.o
                0x0000000020000d9c                hdma_usart1_rx
                0x0000000020000de0                huart1
 COMMON         0x0000000020000e20        0x4 src/lib/cubemx_f103v/Drivers/STM32F1xx_HAL_Driver/Src/stm32f1xx_hal.o
                0x0000000020000e20                uwTick
 *fill*         0x0000000020000e24        0x4 
 COMMON         0x0000000020000e28       0x20 src/lib/cubemx_f103v/Drivers/STM32F1xx_HAL_Driver/Src/stm32f1xx_hal_flash.o
                0x0000000020000e28                pFlash
 COMMON         0x0000000020000e48      0x224 src/lib/cubemx_f103v/USB_DEVICE/App/usb_device.o
                0x0000000020000e48                hUsbDeviceFS
 COMMON         0x000000002000106c      0x9d0 src/lib/cubemx_f103v/USB_DEVICE/App/usbd_cdc_if.o
                0x000000002000106c                UserRxBufferFS
                0x0000000020001454                UserTxBufferFS
                0x000000002000183c                rx_buf
 COMMON         0x0000000020001a3c      0x200 src/lib/cubemx_f103v/USB_DEVICE/App/usbd_desc.o
                0x0000000020001a3c                USBD_StrDesc
 COMMON         0x0000000020001c3c      0x460 src/lib/cubemx_f103v/USB_DEVICE/Target/usbd_conf.o
                0x0000000020001c3c                hpcd_USB_FS
 COMMON         0x000000002000209c        0x4 c:/st/stm32cubeide_1.5.1/stm32cubeide/plugins/com.st.stm32cube.ide.mcu.externaltools.gnu-tools-for-stm32.7-2018-q2-update.win32_1.5.0.202011040924/tools/bin/../lib/gcc/arm-none-eabi/7.3.1/../../../../arm-none-eabi/lib/thumb/v7-m\libc_nano.a(lib_a-reent.o)
                0x000000002000209c                errno
                0x00000000200020a0                . = ALIGN (0x4)
                0x00000000200020a0                _ebss = .
                0x00000000200020a0                __bss_end__ = _ebss

._user_heap_stack
                0x00000000200020a0      0x600 load address 0x00000000080091ec
                0x00000000200020a0                . = ALIGN (0x8)
                0x00000000200020a0                PROVIDE (end = .)
                [!provide]                        PROVIDE (_end = .)
                0x00000000200022a0                . = (. + _Min_Heap_Size)
 *fill*         0x00000000200020a0      0x200 
                0x00000000200026a0                . = (. + _Min_Stack_Size)
 *fill*         0x00000000200022a0      0x400 
                0x00000000200026a0                . = ALIGN (0x8)

/DISCARD/
 libc.a(*)
 libm.a(*)
 libgcc.a(*)

.ARM.attributes
                0x0000000000000000       0x29
 *(.ARM.attributes)
 .ARM.attributes
                0x0000000000000000       0x1d c:/st/stm32cubeide_1.5.1/stm32cubeide/plugins/com.st.stm32cube.ide.mcu.externaltools.gnu-tools-for-stm32.7-2018-q2-update.win32_1.5.0.202011040924/tools/bin/../lib/gcc/arm-none-eabi/7.3.1/thumb/v7-m/crti.o
 .ARM.attributes
                0x000000000000001d       0x2d c:/st/stm32cubeide_1.5.1/stm32cubeide/plugins/com.st.stm32cube.ide.mcu.externaltools.gnu-tools-for-stm32.7-2018-q2-update.win32_1.5.0.202011040924/tools/bin/../lib/gcc/arm-none-eabi/7.3.1/thumb/v7-m/crtbegin.o
 .ARM.attributes
                0x000000000000004a       0x33 src/ap/ap.o
 .ARM.attributes
                0x000000000000007d       0x33 src/bsp/bsp.o
 .ARM.attributes
                0x00000000000000b0       0x33 src/bsp/stm32f1xx_hal_msp.o
 .ARM.attributes
                0x00000000000000e3       0x33 src/bsp/stm32f1xx_it.o
 .ARM.attributes
                0x0000000000000116       0x33 src/bsp/syscalls.o
 .ARM.attributes
                0x0000000000000149       0x33 src/bsp/sysmem.o
 .ARM.attributes
                0x000000000000017c       0x33 src/bsp/system_stm32f1xx.o
 .ARM.attributes
                0x00000000000001af       0x21 src/bsp/startup/startup_stm32f103vetx.o
 .ARM.attributes
                0x00000000000001d0       0x33 src/common/core/qbuffer.o
 .ARM.attributes
                0x0000000000000203       0x33 src/hw/driver/flash.o
 .ARM.attributes
                0x0000000000000236       0x33 src/hw/driver/led.o
 .ARM.attributes
                0x0000000000000269       0x33 src/hw/driver/reset.o
 .ARM.attributes
                0x000000000000029c       0x33 src/hw/driver/rtc.o
 .ARM.attributes
                0x00000000000002cf       0x33 src/hw/driver/uart.o
 .ARM.attributes
                0x0000000000000302       0x33 src/hw/driver/usb.o
 .ARM.attributes
                0x0000000000000335       0x33 src/hw/hw.o
 .ARM.attributes
                0x0000000000000368       0x33 src/lib/cubemx_f103v/Drivers/STM32F1xx_HAL_Driver/Src/stm32f1xx_hal.o
 .ARM.attributes
                0x000000000000039b       0x33 src/lib/cubemx_f103v/Drivers/STM32F1xx_HAL_Driver/Src/stm32f1xx_hal_cortex.o
 .ARM.attributes
                0x00000000000003ce       0x33 src/lib/cubemx_f103v/Drivers/STM32F1xx_HAL_Driver/Src/stm32f1xx_hal_dma.o
 .ARM.attributes
                0x0000000000000401       0x33 src/lib/cubemx_f103v/Drivers/STM32F1xx_HAL_Driver/Src/stm32f1xx_hal_flash.o
 .ARM.attributes
                0x0000000000000434       0x33 src/lib/cubemx_f103v/Drivers/STM32F1xx_HAL_Driver/Src/stm32f1xx_hal_flash_ex.o
 .ARM.attributes
                0x0000000000000467       0x33 src/lib/cubemx_f103v/Drivers/STM32F1xx_HAL_Driver/Src/stm32f1xx_hal_gpio.o
 .ARM.attributes
                0x000000000000049a       0x33 src/lib/cubemx_f103v/Drivers/STM32F1xx_HAL_Driver/Src/stm32f1xx_hal_pcd.o
 .ARM.attributes
                0x00000000000004cd       0x33 src/lib/cubemx_f103v/Drivers/STM32F1xx_HAL_Driver/Src/stm32f1xx_hal_pcd_ex.o
 .ARM.attributes
                0x0000000000000500       0x33 src/lib/cubemx_f103v/Drivers/STM32F1xx_HAL_Driver/Src/stm32f1xx_hal_pwr.o
 .ARM.attributes
                0x0000000000000533       0x33 src/lib/cubemx_f103v/Drivers/STM32F1xx_HAL_Driver/Src/stm32f1xx_hal_rcc.o
 .ARM.attributes
                0x0000000000000566       0x33 src/lib/cubemx_f103v/Drivers/STM32F1xx_HAL_Driver/Src/stm32f1xx_hal_rcc_ex.o
 .ARM.attributes
                0x0000000000000599       0x33 src/lib/cubemx_f103v/Drivers/STM32F1xx_HAL_Driver/Src/stm32f1xx_hal_rtc.o
 .ARM.attributes
                0x00000000000005cc       0x33 src/lib/cubemx_f103v/Drivers/STM32F1xx_HAL_Driver/Src/stm32f1xx_hal_rtc_ex.o
 .ARM.attributes
                0x00000000000005ff       0x33 src/lib/cubemx_f103v/Drivers/STM32F1xx_HAL_Driver/Src/stm32f1xx_hal_uart.o
 .ARM.attributes
                0x0000000000000632       0x33 src/lib/cubemx_f103v/Drivers/STM32F1xx_HAL_Driver/Src/stm32f1xx_ll_usb.o
 .ARM.attributes
                0x0000000000000665       0x33 src/lib/cubemx_f103v/Middlewares/ST/STM32_USB_Device_Library/Class/CDC/Src/usbd_cdc.o
 .ARM.attributes