usbd_dfu.c:465:18:USBD_DFU_GetCfgDesc	0	static
usbd_dfu.c:478:17:USBD_DFU_DataIn	0	static
usbd_dfu.c:491:17:USBD_DFU_EP0_RxReady	0	static
usbd_dfu.c:588:17:USBD_DFU_SOF	0	static
usbd_dfu.c:600:17:USBD_DFU_IsoINIncomplete	0	static
usbd_dfu.c:612:17:USBD_DFU_IsoOutIncomplete	0	static
usbd_dfu.c:624:17:USBD_DFU_DataOut	0	static
usbd_dfu.c:637:18:USBD_DFU_GetDeviceQualifierDesc	0	static
usbd_dfu.c:970:13:DFU_ClearStatus	0	static
usbd_dfu.c:1022:13:DFU_Abort	0	static
usbd_dfu.c:652:17:USBD_DFU_GetUsrStringDesc	8	static
usbd_dfu.c:1051:6:DFU_Leave	8	static,ignoring_inline_asm
usbd_dfu.c:502:17:USBD_DFU_EP0_TxReady	24	static
usbd_dfu.c:796:13:DFU_Upload	16	static
usbd_dfu.c:894:13:DFU_GetStatus	16	static
usbd_dfu.c:1004:13:DFU_GetState	8	static
usbd_dfu.c:737:13:DFU_Download	8	static
usbd_dfu.c:694:13:DFU_Detach	8	static
usbd_dfu.c:365:17:USBD_DFU_Setup	8	static
usbd_dfu.c:333:17:USBD_DFU_DeInit	8	static
usbd_dfu.c:286:17:USBD_DFU_Init	8	static
usbd_dfu.c:674:10:USBD_DFU_RegisterMedia	0	static
