stm32f1xx_it.c:72:6:NMI_Handler	4	static
stm32f1xx_it.c:85:6:HardFault_Handler	4	static
stm32f1xx_it.c:100:6:MemManage_Handler	4	static
stm32f1xx_it.c:115:6:BusFault_Handler	4	static
stm32f1xx_it.c:130:6:UsageFault_Handler	4	static
stm32f1xx_it.c:146:6:SVC_Handler	4	static
stm32f1xx_it.c:159:6:DebugMon_Handler	4	static
stm32f1xx_it.c:173:6:PendSV_Handler	4	static
stm32f1xx_it.c:186:6:SysTick_Handler	8	static
stm32f1xx_it.c:207:6:DMA1_Channel5_IRQHandler	8	static
stm32f1xx_it.c:221:6:USB_LP_CAN1_RX0_IRQHandler	8	static
stm32f1xx_it.c:235:6:USART1_IRQHandler	8	static
